Initialized native services in: C:\Users\saiku\.gradle\native
Initialized jansi services in: C:\Users\saiku\.gradle\native
Found daemon DaemonInfo{pid=5204, address=[613da509-a5c5-4858-aec1-98d266e33902 port:52060, addresses:[/127.0.0.1]], state=Idle, lastBusy=1769954880820, context=DefaultDaemonContext[uid=76f53fa3-1a56-4fb0-83f9-ac652e448dc1,javaHome=C:\Users\saiku\.antigravity\extensions\redhat.java-1.52.0-win32-x64\jre\21.0.9-win32-x86_64,javaVersion=21,javaVendor=Eclipse Adoptium,daemonRegistryDir=C:\Users\saiku\.gradle\daemon,pid=5204,idleTimeout=10800000,priority=NORMAL,applyInstrumentationAgent=true,nativeServicesMode=ENABLED,daemonOpts=-Xmx2048m,-Dfile.encoding=UTF-8,-Duser.country=IN,-Duser.language=en,-Duser.variant]} however its context does not match the desired criteria.
JVM is incompatible.
Wanted: DaemonRequestContext{jvmCriteria=C:\Program Files\Eclipse Adoptium\jdk-17.0.15.6-hotspot (no JDK specified, using current Java home), daemonOpts=[-Xmx2048m, -Dfile.encoding=UTF-8, -Duser.country=IN, -Duser.language=en, -Duser.variant], applyInstrumentationAgent=true, nativeServicesMode=ENABLED, priority=NORMAL}
Actual: DefaultDaemonContext[uid=76f53fa3-1a56-4fb0-83f9-ac652e448dc1,javaHome=C:\Users\saiku\.antigravity\extensions\redhat.java-1.52.0-win32-x64\jre\21.0.9-win32-x86_64,javaVersion=21,javaVendor=Eclipse Adoptium,daemonRegistryDir=C:\Users\saiku\.gradle\daemon,pid=5204,idleTimeout=10800000,priority=NORMAL,applyInstrumentationAgent=true,nativeServicesMode=ENABLED,daemonOpts=-Xmx2048m,-Dfile.encoding=UTF-8,-Duser.country=IN,-Duser.language=en,-Duser.variant]

  Looking for a different daemon...
Removing 0 daemon stop events from registry
Previous Daemon (29292) stopped at Sun Feb 01 19:04:43 IST 2026 after being idle for 129 minutes and not recently used and to reclaim system virtual memory
Previous Daemon (26268) stopped at Sun Feb 01 19:10:19 IST 2026 after being idle for 4 minutes and not recently used and to reclaim system virtual memory
Previous Daemon (37044) stopped at Sun Feb 01 19:16:35 IST 2026 after being idle for 5 minutes and not recently used and to reclaim system virtual memory
Previous Daemon (12484) stopped at Sun Feb 01 19:38:13 IST 2026 by user or operating system
Starting a Gradle Daemon, 1 busy and 1 incompatible and 4 stopped Daemons could not be reused, use --status for details
Starting process 'Gradle build daemon'. Working directory: C:\Users\saiku\.gradle\daemon\8.13 Command: C:\Program Files\Eclipse Adoptium\jdk-17.0.15.6-hotspot\bin\java.exe --add-opens=java.base/java.lang=ALL-UNNAMED --add-opens=java.base/java.lang.invoke=ALL-UNNAMED --add-opens=java.base/java.util=ALL-UNNAMED --add-opens=java.prefs/java.util.prefs=ALL-UNNAMED --add-exports=jdk.compiler/com.sun.tools.javac.api=ALL-UNNAMED --add-exports=jdk.compiler/com.sun.tools.javac.util=ALL-UNNAMED --add-opens=java.base/java.util=ALL-UNNAMED --add-opens=java.prefs/java.util.prefs=ALL-UNNAMED --add-opens=java.base/java.nio.charset=ALL-UNNAMED --add-opens=java.base/java.net=ALL-UNNAMED --add-opens=java.base/java.util.concurrent.atomic=ALL-UNNAMED --add-opens=java.xml/javax.xml.namespace=ALL-UNNAMED -Xmx2048m -Dfile.encoding=UTF-8 -Duser.country=IN -Duser.language=en -Duser.variant -cp C:\Users\saiku\.gradle\wrapper\dists\gradle-8.13-bin\5xuhj0ry160q40clulazy9h7d\gradle-8.13\lib\gradle-daemon-main-8.13.jar -javaagent:C:\Users\saiku\.gradle\wrapper\dists\gradle-8.13-bin\5xuhj0ry160q40clulazy9h7d\gradle-8.13\lib\agents\gradle-instrumentation-agent-8.13.jar org.gradle.launcher.daemon.bootstrap.GradleDaemon 8.13
Successfully started process 'Gradle build daemon'
An attempt to start the daemon took 1.876 secs.
The client will now receive all logging from the daemon (pid: 12188). The daemon log file: C:\Users\saiku\.gradle\daemon\8.13\daemon-12188.out.log
Starting build in new daemon [memory: 2 GiB]
Using 12 worker leases.
Received JVM installation metadata from 'C:\Program Files\Eclipse Adoptium\jdk-17.0.15.6-hotspot': {JAVA_HOME=C:\Program Files\Eclipse Adoptium\jdk-17.0.15.6-hotspot, JAVA_VERSION=17.0.15, JAVA_VENDOR=Eclipse Adoptium, RUNTIME_NAME=OpenJDK Runtime Environment, RUNTIME_VERSION=17.0.15+6, VM_NAME=OpenJDK 64-Bit Server VM, VM_VERSION=17.0.15+6, VM_VENDOR=Eclipse Adoptium, OS_ARCH=amd64}
Watching the file system is configured to be enabled if available
Now considering [D:\Inter(Pragament)\android_kotlin_browser] as hierarchies to watch
File system watching is active
Starting Build
Invalidating in-memory cache of C:\Users\saiku\.gradle\caches\journal-1\file-access.bin
Settings evaluated using settings file 'D:\Inter(Pragament)\android_kotlin_browser\settings.gradle.kts'.
Projects loaded. Root project using build file 'D:\Inter(Pragament)\android_kotlin_browser\build.gradle.kts'.
Included projects: [root project 'FloatingWebView', project ':app']

> Configure project :
Evaluating root project 'FloatingWebView' using build file 'D:\Inter(Pragament)\android_kotlin_browser\build.gradle.kts'.
Resolved plugin [id: 'com.android.application', version: '8.13.2', apply: false]
Resolved plugin [id: 'org.jetbrains.kotlin.android', version: '2.0.0', apply: false]
Resolved plugin [id: 'org.jetbrains.kotlin.plugin.compose', version: '2.0.0', apply: false]

> Configure project :app
Evaluating project ':app' using build file 'D:\Inter(Pragament)\android_kotlin_browser\app\build.gradle.kts'.
Resolved plugin [id: 'com.android.application', version: '8.13.2']
Resolved plugin [id: 'org.jetbrains.kotlin.android', version: '2.0.0']
Resolved plugin [id: 'org.jetbrains.kotlin.plugin.compose', version: '2.0.0']
Resolved plugin [id: 'org.jetbrains.kotlin.kapt']
Using default execution profile
Using Kotlin Gradle Plugin gradle85 variant
Detected Android Gradle Plugin compose compiler configuration
Detected Android Gradle Plugin compose compiler configuration
Detected Android Gradle Plugin compose compiler configuration
Detected Android Gradle Plugin compose compiler configuration
Detected Android Gradle Plugin compose compiler configuration
All projects evaluated.
Task name matched 'clean'
Task name matched 'assembleDebug'
Selected primary task 'clean' from project :
Selected primary task 'assembleDebug' from project :
Adding -Xuse-inline-scopes-numbers Kotlin compiler flag for task :app:compileDebugKotlin
Tasks to be executed: [task ':app:clean', task ':app:preBuild', task ':app:preDebugBuild', task ':app:mergeDebugNativeDebugMetadata', task ':app:checkKotlinGradlePluginConfigurationErrors', task ':app:dataBindingMergeDependencyArtifactsDebug', task ':app:generateDebugResValues', task ':app:generateDebugResources', task ':app:mergeDebugResources', task ':app:packageDebugResources', task ':app:processDebugNavigationResources', task ':app:parseDebugLocalResources', task ':app:dataBindingGenBaseClassesDebug', task ':app:checkDebugAarMetadata', task ':app:compileDebugNavigationResources', task ':app:mapDebugSourceSetPaths', task ':app:createDebugCompatibleScreenManifests', task ':app:extractDeepLinksDebug', task ':app:processDebugMainManifest', task ':app:processDebugManifest', task ':app:processDebugManifestForPackage', task ':app:processDebugResources', task ':app:kaptGenerateStubsDebugKotlin', task ':app:kaptDebugKotlin', task ':app:compileDebugKotlin', task ':app:javaPreCompileDebug', task ':app:compileDebugJavaWithJavac', task ':app:mergeDebugShaders', task ':app:compileDebugShaders', task ':app:generateDebugAssets', task ':app:mergeDebugAssets', task ':app:compressDebugAssets', task ':app:processDebugJavaRes', task ':app:mergeDebugJavaResource', task ':app:checkDebugDuplicateClasses', task ':app:desugarDebugFileDependencies', task ':app:mergeExtDexDebug', task ':app:mergeLibDexDebug', task ':app:dexBuilderDebug', task ':app:mergeProjectDexDebug', task ':app:mergeDebugJniLibFolders', task ':app:mergeDebugNativeLibs', task ':app:stripDebugDebugSymbols', task ':app:validateSigningDebug', task ':app:writeDebugAppMetadata', task ':app:writeDebugSigningConfigVersions', task ':app:packageDebug', task ':app:createDebugApkListingFileRedirect', task ':app:assembleDebug']
Tasks that were excluded: []
Resolve mutations for :app:clean (Thread[Execution worker Thread 5,5,main]) started.
:app:clean (Thread[included builds,5,main]) started.
destroyer locations for task group 0 (Thread[Execution worker Thread 5,5,main]) started.

> Task :app:clean
Caching disabled for task ':app:clean' because:
  Build cache is disabled
Task ':app:clean' is not up-to-date because:
  Task has not declared any outputs despite executing actions.
Resolve mutations for :app:preBuild (Thread[included builds,5,main]) started.
:app:preBuild (Thread[included builds,5,main]) started.

> Task :app:preBuild UP-TO-DATE
Skipping task ':app:preBuild' as it has no actions.
Resolve mutations for :app:preDebugBuild (Thread[included builds,5,main]) started.
:app:preDebugBuild (Thread[included builds,5,main]) started.

> Task :app:preDebugBuild UP-TO-DATE
Skipping task ':app:preDebugBuild' as it has no actions.
Resolve mutations for :app:mergeDebugNativeDebugMetadata (Thread[included builds,5,main]) started.
:app:mergeDebugNativeDebugMetadata (Thread[included builds,5,main]) started.

> Task :app:mergeDebugNativeDebugMetadata NO-SOURCE
Skipping task ':app:mergeDebugNativeDebugMetadata' as it has no source files and no previous output files.
Resolve mutations for :app:checkKotlinGradlePluginConfigurationErrors (Thread[included builds,5,main]) started.
:app:checkKotlinGradlePluginConfigurationErrors (Thread[included builds,5,main]) started.

> Task :app:checkKotlinGradlePluginConfigurationErrors SKIPPED
Skipping task ':app:checkKotlinGradlePluginConfigurationErrors' as task onlyIf 'errorDiagnostics are present' is false.
Resolve mutations for :app:dataBindingMergeDependencyArtifactsDebug (Thread[included builds,5,main]) started.
:app:dataBindingMergeDependencyArtifactsDebug (Thread[included builds,5,main]) started.
Resolve mutations for :app:generateDebugResValues (Thread[Execution worker Thread 5,5,main]) started.
:app:generateDebugResValues (Thread[Execution worker Thread 5,5,main]) started.

> Task :app:dataBindingMergeDependencyArtifactsDebug
Caching disabled for task ':app:dataBindingMergeDependencyArtifactsDebug' because:
  Build cache is disabled
  Caching has been disabled for the task
Task ':app:dataBindingMergeDependencyArtifactsDebug' is not up-to-date because:
  Output property 'outFolder' file D:\Inter(Pragament)\android_kotlin_browser\app\build\intermediates\data_binding_dependency_artifacts\debug\dataBindingMergeDependencyArtifactsDebug has been removed.

> Task :app:generateDebugResValues
Caching disabled for task ':app:generateDebugResValues' because:
  Build cache is disabled
Task ':app:generateDebugResValues' is not up-to-date because:
  Output property 'outputDirectory' file D:\Inter(Pragament)\android_kotlin_browser\app\build\generated\res\resValues\debug has been removed.
Resolve mutations for :app:generateDebugResources (Thread[Execution worker Thread 5,5,main]) started.
:app:generateDebugResources (Thread[Execution worker Thread 5,5,main]) started.

> Task :app:generateDebugResources
Caching disabled for task ':app:generateDebugResources' because:
  Build cache is disabled
Task ':app:generateDebugResources' is not up-to-date because:
  Output property 'validationReportFile' file D:\Inter(Pragament)\android_kotlin_browser\app\build\intermediates\nested_resources_validation_report\debug\generateDebugResources\nestedResourcesValidationReport.txt has been removed.
Resolve mutations for :app:mergeDebugResources (Thread[Execution worker Thread 5,5,main]) started.
:app:mergeDebugResources (Thread[Execution worker Thread 5,5,main]) started.

> Task :app:mergeDebugResources
Caching disabled for task ':app:mergeDebugResources' because:
  Build cache is disabled
Task ':app:mergeDebugResources' is not up-to-date because:
  Output property 'blameLogOutputFolder' file D:\Inter(Pragament)\android_kotlin_browser\app\build\intermediates\merged_res_blame_folder\debug\mergeDebugResources\out has been removed.
  Output property 'blameLogOutputFolder' file D:\Inter(Pragament)\android_kotlin_browser\app\build\intermediates\merged_res_blame_folder\debug\mergeDebugResources\out\multi-v2 has been removed.
  Output property 'blameLogOutputFolder' file D:\Inter(Pragament)\android_kotlin_browser\app\build\intermediates\merged_res_blame_folder\debug\mergeDebugResources\out\multi-v2\mergeDebugResources.json has been removed.
  and more...
The input changes require a full rebuild for incremental task ':app:mergeDebugResources'.
[MergeResources] Inputs are non-incremental full task action.
Compiling XML table D:\Inter(Pragament)\android_kotlin_browser\app\build\intermediates\incremental\debug\mergeDebugResources\merged.dir\values\values.xml to D:\Inter(Pragament)\android_kotlin_browser\app\build\intermediates\merged_res\debug\mergeDebugResources\values_values.arsc.flat
Compiling XML table D:\Inter(Pragament)\android_kotlin_browser\app\build\intermediates\incremental\debug\mergeDebugResources\merged.dir\values-hr\values-hr.xml to D:\Inter(Pragament)\android_kotlin_browser\app\build\intermediates\merged_res\debug\mergeDebugResources\values-hr_values-hr.arsc.flat
Compiling XML table D:\Inter(Pragament)\android_kotlin_browser\app\build\intermediates\incremental\debug\mergeDebugResources\merged.dir\values-hi\values-hi.xml to D:\Inter(Pragament)\android_kotlin_browser\app\build\intermediates\merged_res\debug\mergeDebugResources\values-hi_values-hi.arsc.flat
Compiling XML table D:\Inter(Pragament)\android_kotlin_browser\app\build\intermediates\incremental\debug\mergeDebugResources\merged.dir\values-watch-v21\values-watch-v21.xml to D:\Inter(Pragament)\android_kotlin_browser\app\build\intermediates\merged_res\debug\mergeDebugResources\values-watch-v21_values-watch-v21.arsc.flat
Compiling XML table D:\Inter(Pragament)\android_kotlin_browser\app\build\intermediates\incremental\debug\mergeDebugResources\merged.dir\values-watch-v20\values-watch-v20.xml to D:\Inter(Pragament)\android_kotlin_browser\app\build\intermediates\merged_res\debug\mergeDebugResources\values-watch-v20_values-watch-v20.arsc.flat

Resolve mutations for :app:packageDebugResources (Thread[Execution worker Thread 10,5,main]) started.
:app:packageDebugResources (Thread[Execution worker Thread 10,5,main]) started.

> Task :app:packageDebugResources
Caching disabled for task ':app:packageDebugResources' because:
  Build cache is disabled
Task ':app:packageDebugResources' is not up-to-date because:
  Output property 'dataBindingLayoutInfoOutFolder' file D:\Inter(Pragament)\android_kotlin_browser\app\build\intermediates\data_binding_layout_info_type_package\debug\packageDebugResources\out has been removed.
  Output property 'dataBindingLayoutInfoOutFolder' file D:\Inter(Pragament)\android_kotlin_browser\app\build\intermediates\data_binding_layout_info_type_package\debug\packageDebugResources\out\activity_history-layout.xml has been removed.
  Output property 'dataBindingLayoutInfoOutFolder' file D:\Inter(Pragament)\android_kotlin_browser\app\build\intermediates\data_binding_layout_info_type_package\debug\packageDebugResources\out\activity_main-layout.xml has been removed.
  and more...
The input changes require a full rebuild for incremental task ':app:packageDebugResources'.
[MergeResources] Inputs are non-incremental full task action.
Resolve mutations for :app:processDebugNavigationResources (Thread[Execution worker Thread 10,5,main]) started.
:app:processDebugNavigationResources (Thread[Execution worker Thread 10,5,main]) started.

> Task :app:mergeDebugResources
Compiling XML table D:\Inter(Pragament)\android_kotlin_browser\app\build\intermediates\incremental\debug\mergeDebugResources\merged.dir\values-h320dp-port-v13\values-h320dp-port-v13.xml to D:\Inter(Pragament)\android_kotlin_browser\app\build\intermediates\merged_res\debug\mergeDebugResources\values-h320dp-port-v13_values-h320dp-port-v13.arsc.flat
Compiling XML table D:\Inter(Pragament)\android_kotlin_browser\app\build\intermediates\incremental\debug\mergeDebugResources\merged.dir\values-hu\values-hu.xml to D:\Inter(Pragament)\android_kotlin_browser\app\build\intermediates\merged_res\debug\mergeDebugResources\values-hu_values-hu.arsc.flat
Compiling XML table D:\Inter(Pragament)\android_kotlin_browser\app\build\intermediates\incremental\debug\mergeDebugResources\merged.dir\values-v16\values-v16.xml to D:\Inter(Pragament)\android_kotlin_browser\app\build\intermediates\merged_res\debug\mergeDebugResources\values-v16_values-v16.arsc.flat
Compiling XML table D:\Inter(Pragament)\android_kotlin_browser\app\build\intermediates\incremental\debug\mergeDebugResources\merged.dir\values-pt\values-pt.xml to D:\Inter(Pragament)\android_kotlin_browser\app\build\intermediates\merged_res\debug\mergeDebugResources\values-pt_values-pt.arsc.flat
Compiling XML table D:\Inter(Pragament)\android_kotlin_browser\app\build\intermediates\incremental\debug\mergeDebugResources\merged.dir\values-hy\values-hy.xml to D:\Inter(Pragament)\android_kotlin_browser\app\build\intermediates\merged_res\debug\mergeDebugResources\values-hy_values-hy.arsc.flat
Compiling XML table D:\Inter(Pragament)\android_kotlin_browser\app\build\intermediates\incremental\debug\mergeDebugResources\merged.dir\values-v18\values-v18.xml to D:\Inter(Pragament)\android_kotlin_browser\app\build\intermediates\merged_res\debug\mergeDebugResources\values-v18_values-v18.arsc.flat
Compiling XML table D:\Inter(Pragament)\android_kotlin_browser\app\build\intermediates\incremental\debug\mergeDebugResources\merged.dir\values-iw\values-iw.xml to D:\Inter(Pragament)\android_kotlin_browser\app\build\intermediates\merged_res\debug\mergeDebugResources\values-iw_values-iw.arsc.flat
Compiling XML table D:\Inter(Pragament)\android_kotlin_browser\app\build\intermediates\incremental\debug\mergeDebugResources\merged.dir\values-af\values-af.xml to D:\Inter(Pragament)\android_kotlin_browser\app\build\intermediates\merged_res\debug\mergeDebugResources\values-af_values-af.arsc.flat
Compiling XML table D:\Inter(Pragament)\android_kotlin_browser\app\build\intermediates\incremental\debug\mergeDebugResources\merged.dir\values-w320dp-land-v13\values-w320dp-land-v13.xml to D:\Inter(Pragament)\android_kotlin_browser\app\build\intermediates\merged_res\debug\mergeDebugResources\values-w320dp-land-v13_values-w320dp-land-v13.arsc.flat
Compiling XML table D:\Inter(Pragament)\android_kotlin_browser\app\build\intermediates\incremental\debug\mergeDebugResources\merged.dir\values-b+sr+Latn\values-b+sr+Latn.xml to D:\Inter(Pragament)\android_kotlin_browser\app\build\intermediates\merged_res\debug\mergeDebugResources\values-b+sr+Latn_values-b+sr+Latn.arsc.flat
Compiling XML table D:\Inter(Pragament)\android_kotlin_browser\app\build\intermediates\incremental\debug\mergeDebugResources\merged.dir\values-am\values-am.xml to D:\Inter(Pragament)\android_kotlin_browser\app\build\intermediates\merged_res\debug\mergeDebugResources\values-am_values-am.arsc.flat
Compiling XML table D:\Inter(Pragament)\android_kotlin_browser\app\build\intermediates\incremental\debug\mergeDebugResources\merged.dir\values-ja\values-ja.xml to D:\Inter(Pragament)\android_kotlin_browser\app\build\intermediates\merged_res\debug\mergeDebugResources\values-ja_values-ja.arsc.flat
Compiling XML table D:\Inter(Pragament)\android_kotlin_browser\app\build\intermediates\incremental\debug\mergeDebugResources\merged.dir\values-w360dp-port-v13\values-w360dp-port-v13.xml to D:\Inter(Pragament)\android_kotlin_browser\app\build\intermediates\merged_res\debug\mergeDebugResources\values-w360dp-port-v13_values-w360dp-port-v13.arsc.flat
Compiling XML table D:\Inter(Pragament)\android_kotlin_browser\app\build\intermediates\incremental\debug\mergeDebugResources\merged.dir\values-zh-rHK\values-zh-rHK.xml to D:\Inter(Pragament)\android_kotlin_browser\app\build\intermediates\merged_res\debug\mergeDebugResources\values-zh-rHK_values-zh-rHK.arsc.flat
Compiling XML table D:\Inter(Pragament)\android_kotlin_browser\app\build\intermediates\incremental\debug\mergeDebugResources\merged.dir\values-v21\values-v21.xml to D:\Inter(Pragament)\android_kotlin_browser\app\build\intermediates\merged_res\debug\mergeDebugResources\values-v21_values-v21.arsc.flat
Compiling XML table D:\Inter(Pragament)\android_kotlin_browser\app\build\intermediates\incremental\debug\mergeDebugResources\merged.dir\values-is\values-is.xml to D:\Inter(Pragament)\android_kotlin_browser\app\build\intermediates\merged_res\debug\mergeDebugResources\values-is_values-is.arsc.flat
Compiling XML table D:\Inter(Pragament)\android_kotlin_browser\app\build\intermediates\incremental\debug\mergeDebugResources\merged.dir\values-it\values-it.xml to D:\Inter(Pragament)\android_kotlin_browser\app\build\intermediates\merged_res\debug\mergeDebugResources\values-it_values-it.arsc.flat
Compiling XML table D:\Inter(Pragament)\android_kotlin_browser\app\build\intermediates\incremental\debug\mergeDebugResources\merged.dir\values-v24\values-v24.xml to D:\Inter(Pragament)\android_kotlin_browser\app\build\intermediates\merged_res\debug\mergeDebugResources\values-v24_values-v24.arsc.flat
Compiling XML table D:\Inter(Pragament)\android_kotlin_browser\app\build\intermediates\incremental\debug\mergeDebugResources\merged.dir\values-h360dp-land-v13\values-h360dp-land-v13.xml to D:\Inter(Pragament)\android_kotlin_browser\app\build\intermediates\merged_res\debug\mergeDebugResources\values-h360dp-land-v13_values-h360dp-land-v13.arsc.flat
Compiling XML table D:\Inter(Pragament)\android_kotlin_browser\app\build\intermediates\incremental\debug\mergeDebugResources\merged.dir\values-v23\values-v23.xml to D:\Inter(Pragament)\android_kotlin_browser\app\build\intermediates\merged_res\debug\mergeDebugResources\values-v23_values-v23.arsc.flat
Compiling XML table D:\Inter(Pragament)\android_kotlin_browser\app\build\intermediates\incremental\debug\mergeDebugResources\merged.dir\values-sw600dp-v13\values-sw600dp-v13.xml to D:\Inter(Pragament)\android_kotlin_browser\app\build\intermediates\merged_res\debug\mergeDebugResources\values-sw600dp-v13_values-sw600dp-v13.arsc.flat
Compiling XML table D:\Inter(Pragament)\android_kotlin_browser\app\build\intermediates\incremental\debug\mergeDebugResources\merged.dir\values-v28\values-v28.xml to D:\Inter(Pragament)\android_kotlin_browser\app\build\intermediates\merged_res\debug\mergeDebugResources\values-v28_values-v28.arsc.flat
Compiling XML table D:\Inter(Pragament)\android_kotlin_browser\app\build\intermediates\incremental\debug\mergeDebugResources\merged.dir\values-v22\values-v22.xml to D:\Inter(Pragament)\android_kotlin_browser\app\build\intermediates\merged_res\debug\mergeDebugResources\values-v22_values-v22.arsc.flat
Compiling XML table D:\Inter(Pragament)\android_kotlin_browser\app\build\intermediates\incremental\debug\mergeDebugResources\merged.dir\values-bn\values-bn.xml to D:\Inter(Pragament)\android_kotlin_browser\app\build\intermediates\merged_res\debug\mergeDebugResources\values-bn_values-bn.arsc.flat
Compiling XML table D:\Inter(Pragament)\android_kotlin_browser\app\build\intermediates\incremental\debug\mergeDebugResources\merged.dir\values-en-rCA\values-en-rCA.xml to D:\Inter(Pragament)\android_kotlin_browser\app\build\intermediates\merged_res\debug\mergeDebugResources\values-en-rCA_values-en-rCA.arsc.flat
Compiling XML table D:\Inter(Pragament)\android_kotlin_browser\app\build\intermediates\incremental\debug\mergeDebugResources\merged.dir\values-in\values-in.xml to D:\Inter(Pragament)\android_kotlin_browser\app\build\intermediates\merged_res\debug\mergeDebugResources\values-in_values-in.arsc.flat
Compiling XML table D:\Inter(Pragament)\android_kotlin_browser\app\build\intermediates\incremental\debug\mergeDebugResources\merged.dir\values-sk\values-sk.xml to D:\Inter(Pragament)\android_kotlin_browser\app\build\intermediates\merged_res\debug\mergeDebugResources\values-sk_values-sk.arsc.flat
Compiling XML table D:\Inter(Pragament)\android_kotlin_browser\app\build\intermediates\incremental\debug\mergeDebugResources\merged.dir\values-sl\values-sl.xml to D:\Inter(Pragament)\android_kotlin_browser\app\build\intermediates\merged_res\debug\mergeDebugResources\values-sl_values-sl.arsc.flat
Compiling XML table D:\Inter(Pragament)\android_kotlin_browser\app\build\intermediates\incremental\debug\mergeDebugResources\merged.dir\values-be\values-be.xml to D:\Inter(Pragament)\android_kotlin_browser\app\build\intermediates\merged_res\debug\mergeDebugResources\values-be_values-be.arsc.flat
Compiling XML table D:\Inter(Pragament)\android_kotlin_browser\app\build\intermediates\incremental\debug\mergeDebugResources\merged.dir\values-km\values-km.xml to D:\Inter(Pragament)\android_kotlin_browser\app\build\intermediates\merged_res\debug\mergeDebugResources\values-km_values-km.arsc.flat
Compiling XML table D:\Inter(Pragament)\android_kotlin_browser\app\build\intermediates\incremental\debug\mergeDebugResources\merged.dir\values-kk\values-kk.xml to D:\Inter(Pragament)\android_kotlin_browser\app\build\intermediates\merged_res\debug\mergeDebugResources\values-kk_values-kk.arsc.flat
Compiling XML table D:\Inter(Pragament)\android_kotlin_browser\app\build\intermediates\incremental\debug\mergeDebugResources\merged.dir\values-pt-rBR\values-pt-rBR.xml to D:\Inter(Pragament)\android_kotlin_browser\app\build\intermediates\merged_res\debug\mergeDebugResources\values-pt-rBR_values-pt-rBR.arsc.flat
Compiling XML table D:\Inter(Pragament)\android_kotlin_browser\app\build\intermediates\incremental\debug\mergeDebugResources\merged.dir\values-sq\values-sq.xml to D:\Inter(Pragament)\android_kotlin_browser\app\build\intermediates\merged_res\debug\mergeDebugResources\values-sq_values-sq.arsc.flat
Compiling XML table D:\Inter(Pragament)\android_kotlin_browser\app\build\intermediates\incremental\debug\mergeDebugResources\merged.dir\values-ky\values-ky.xml to D:\Inter(Pragament)\android_kotlin_browser\app\build\intermediates\merged_res\debug\mergeDebugResources\values-ky_values-ky.arsc.flat
Compiling XML table D:\Inter(Pragament)\android_kotlin_browser\app\build\intermediates\incremental\debug\mergeDebugResources\merged.dir\values-h480dp-land-v13\values-h480dp-land-v13.xml to D:\Inter(Pragament)\android_kotlin_browser\app\build\intermediates\merged_res\debug\mergeDebugResources\values-h480dp-land-v13_values-h480dp-land-v13.arsc.flat
Compiling XML table D:\Inter(Pragament)\android_kotlin_browser\app\build\intermediates\incremental\debug\mergeDebugResources\merged.dir\values-cs\values-cs.xml to D:\Inter(Pragament)\android_kotlin_browser\app\build\intermediates\merged_res\debug\mergeDebugResources\values-cs_values-cs.arsc.flat
Compiling XML table D:\Inter(Pragament)\android_kotlin_browser\app\build\intermediates\incremental\debug\mergeDebugResources\merged.dir\values-si\values-si.xml to D:\Inter(Pragament)\android_kotlin_browser\app\build\intermediates\merged_res\debug\mergeDebugResources\values-si_values-si.arsc.flat
Compiling XML table D:\Inter(Pragament)\android_kotlin_browser\app\build\intermediates\incremental\debug\mergeDebugResources\merged.dir\values-th\values-th.xml to D:\Inter(Pragament)\android_kotlin_browser\app\build\intermediates\merged_res\debug\mergeDebugResources\values-th_values-th.arsc.flat
Compiling XML table D:\Inter(Pragament)\android_kotlin_browser\app\build\intermediates\incremental\debug\mergeDebugResources\merged.dir\values-lt\values-lt.xml to D:\Inter(Pragament)\android_kotlin_browser\app\build\intermediates\merged_res\debug\mergeDebugResources\values-lt_values-lt.arsc.flat
Compiling XML table D:\Inter(Pragament)\android_kotlin_browser\app\build\intermediates\incremental\debug\mergeDebugResources\merged.dir\values-lo\values-lo.xml to D:\Inter(Pragament)\android_kotlin_browser\app\build\intermediates\merged_res\debug\mergeDebugResources\values-lo_values-lo.arsc.flat
Compiling XML table D:\Inter(Pragament)\android_kotlin_browser\app\build\intermediates\incremental\debug\mergeDebugResources\merged.dir\values-tl\values-tl.xml to D:\Inter(Pragament)\android_kotlin_browser\app\build\intermediates\merged_res\debug\mergeDebugResources\values-tl_values-tl.arsc.flat
Compiling XML table D:\Inter(Pragament)\android_kotlin_browser\app\build\intermediates\incremental\debug\mergeDebugResources\merged.dir\values-ldrtl-v17\values-ldrtl-v17.xml to D:\Inter(Pragament)\android_kotlin_browser\app\build\intermediates\merged_res\debug\mergeDebugResources\values-ldrtl-v17_values-ldrtl-v17.arsc.flat
Compiling XML table D:\Inter(Pragament)\android_kotlin_browser\app\build\intermediates\incremental\debug\mergeDebugResources\merged.dir\values-v25\values-v25.xml to D:\Inter(Pragament)\android_kotlin_browser\app\build\intermediates\merged_res\debug\mergeDebugResources\values-v25_values-v25.arsc.flat
Compiling XML table D:\Inter(Pragament)\android_kotlin_browser\app\build\intermediates\incremental\debug\mergeDebugResources\merged.dir\values-my\values-my.xml to D:\Inter(Pragament)\android_kotlin_browser\app\build\intermediates\merged_res\debug\mergeDebugResources\values-my_values-my.arsc.flat
Compiling XML table D:\Inter(Pragament)\android_kotlin_browser\app\build\intermediates\incremental\debug\mergeDebugResources\merged.dir\values-mr\values-mr.xml to D:\Inter(Pragament)\android_kotlin_browser\app\build\intermediates\merged_res\debug\mergeDebugResources\values-mr_values-mr.arsc.flat
Compiling XML table D:\Inter(Pragament)\android_kotlin_browser\app\build\intermediates\incremental\debug\mergeDebugResources\merged.dir\values-fr-rCA\values-fr-rCA.xml to D:\Inter(Pragament)\android_kotlin_browser\app\build\intermediates\merged_res\debug\mergeDebugResources\values-fr-rCA_values-fr-rCA.arsc.flat
Compiling XML table D:\Inter(Pragament)\android_kotlin_browser\app\build\intermediates\incremental\debug\mergeDebugResources\merged.dir\values-sw\values-sw.xml to D:\Inter(Pragament)\android_kotlin_browser\app\build\intermediates\merged_res\debug\mergeDebugResources\values-sw_values-sw.arsc.flat
Compiling XML table D:\Inter(Pragament)\android_kotlin_browser\app\build\intermediates\incremental\debug\mergeDebugResources\merged.dir\values-uk\values-uk.xml to D:\Inter(Pragament)\android_kotlin_browser\app\build\intermediates\merged_res\debug\mergeDebugResources\values-uk_values-uk.arsc.flat
Compiling XML table D:\Inter(Pragament)\android_kotlin_browser\app\build\intermediates\incremental\debug\mergeDebugResources\merged.dir\values-es-rUS\values-es-rUS.xml to D:\Inter(Pragament)\android_kotlin_browser\app\build\intermediates\merged_res\debug\mergeDebugResources\values-es-rUS_values-es-rUS.arsc.flat
Compiling XML table D:\Inter(Pragament)\android_kotlin_browser\app\build\intermediates\incremental\debug\mergeDebugResources\merged.dir\values-az\values-az.xml to D:\Inter(Pragament)\android_kotlin_browser\app\build\intermediates\merged_res\debug\mergeDebugResources\values-az_values-az.arsc.flat
Compiling XML table D:\Inter(Pragament)\android_kotlin_browser\app\build\intermediates\incremental\debug\mergeDebugResources\merged.dir\values-nl\values-nl.xml to D:\Inter(Pragament)\android_kotlin_browser\app\build\intermediates\merged_res\debug\mergeDebugResources\values-nl_values-nl.arsc.flat
Compiling XML table D:\Inter(Pragament)\android_kotlin_browser\app\build\intermediates\incremental\debug\mergeDebugResources\merged.dir\values-en-rAU\values-en-rAU.xml to D:\Inter(Pragament)\android_kotlin_browser\app\build\intermediates\merged_res\debug\mergeDebugResources\values-en-rAU_values-en-rAU.arsc.flat
Compiling XML table D:\Inter(Pragament)\android_kotlin_browser\app\build\intermediates\incremental\debug\mergeDebugResources\merged.dir\values-ro\values-ro.xml to D:\Inter(Pragament)\android_kotlin_browser\app\build\intermediates\merged_res\debug\mergeDebugResources\values-ro_values-ro.arsc.flat
Compiling XML table D:\Inter(Pragament)\android_kotlin_browser\app\build\intermediates\incremental\debug\mergeDebugResources\merged.dir\values-w600dp-land-v13\values-w600dp-land-v13.xml to D:\Inter(Pragament)\android_kotlin_browser\app\build\intermediates\merged_res\debug\mergeDebugResources\values-w600dp-land-v13_values-w600dp-land-v13.arsc.flat
Compiling XML table D:\Inter(Pragament)\android_kotlin_browser\app\build\intermediates\incremental\debug\mergeDebugResources\merged.dir\values-land\values-land.xml to D:\Inter(Pragament)\android_kotlin_browser\app\build\intermediates\merged_res\debug\mergeDebugResources\values-land_values-land.arsc.flat
Compiling xml file D:\Inter(Pragament)\android_kotlin_browser\app\build\intermediates\incremental\debug\mergeDebugResources\stripped.dir\layout\activity_main.xml to D:\Inter(Pragament)\android_kotlin_browser\app\build\intermediates\merged_res\debug\mergeDebugResources\layout_activity_main.xml.flat
Compiling XML table D:\Inter(Pragament)\android_kotlin_browser\app\build\intermediates\incremental\debug\mergeDebugResources\merged.dir\values-es\values-es.xml to D:\Inter(Pragament)\android_kotlin_browser\app\build\intermediates\merged_res\debug\mergeDebugResources\values-es_values-es.arsc.flat
Compiling XML table D:\Inter(Pragament)\android_kotlin_browser\app\build\intermediates\incremental\debug\mergeDebugResources\merged.dir\values-port\values-port.xml to D:\Inter(Pragament)\android_kotlin_browser\app\build\intermediates\merged_res\debug\mergeDebugResources\values-port_values-port.arsc.flat
Compiling XML table D:\Inter(Pragament)\android_kotlin_browser\app\build\intermediates\incremental\debug\mergeDebugResources\merged.dir\values-bg\values-bg.xml to D:\Inter(Pragament)\android_kotlin_browser\app\build\intermediates\merged_res\debug\mergeDebugResources\values-bg_values-bg.arsc.flat
Compiling XML table D:\Inter(Pragament)\android_kotlin_browser\app\build\intermediates\incremental\debug\mergeDebugResources\merged.dir\values-en-rGB\values-en-rGB.xml to D:\Inter(Pragament)\android_kotlin_browser\app\build\intermediates\merged_res\debug\mergeDebugResources\values-en-rGB_values-en-rGB.arsc.flat
Compiling XML table D:\Inter(Pragament)\android_kotlin_browser\app\build\intermediates\incremental\debug\mergeDebugResources\merged.dir\values-pt-rPT\values-pt-rPT.xml to D:\Inter(Pragament)\android_kotlin_browser\app\build\intermediates\merged_res\debug\mergeDebugResources\values-pt-rPT_values-pt-rPT.arsc.flat
Compiling XML table D:\Inter(Pragament)\android_kotlin_browser\app\build\intermediates\incremental\debug\mergeDebugResources\merged.dir\values-zh-rCN\values-zh-rCN.xml to D:\Inter(Pragament)\android_kotlin_browser\app\build\intermediates\merged_res\debug\mergeDebugResources\values-zh-rCN_values-zh-rCN.arsc.flat
Compiling xml file D:\Inter(Pragament)\android_kotlin_browser\app\src\main\res\drawable\circle_red.xml to D:\Inter(Pragament)\android_kotlin_browser\app\build\intermediates\merged_res\debug\mergeDebugResources\drawable_circle_red.xml.flat
Compiling XML table D:\Inter(Pragament)\android_kotlin_browser\app\build\intermediates\incremental\debug\mergeDebugResources\merged.dir\values-lv\values-lv.xml to D:\Inter(Pragament)\android_kotlin_browser\app\build\intermediates\merged_res\debug\mergeDebugResources\values-lv_values-lv.arsc.flat
Compiling XML table D:\Inter(Pragament)\android_kotlin_browser\app\build\intermediates\incremental\debug\mergeDebugResources\merged.dir\values-mn\values-mn.xml to D:\Inter(Pragament)\android_kotlin_browser\app\build\intermediates\merged_res\debug\mergeDebugResources\values-mn_values-mn.arsc.flat
Compiling XML table D:\Inter(Pragament)\android_kotlin_browser\app\build\intermediates\incremental\debug\mergeDebugResources\merged.dir\values-b+es+419\values-b+es+419.xml to D:\Inter(Pragament)\android_kotlin_browser\app\build\intermediates\merged_res\debug\mergeDebugResources\values-b+es+419_values-b+es+419.arsc.flat
Compiling XML table D:\Inter(Pragament)\android_kotlin_browser\app\build\intermediates\incremental\debug\mergeDebugResources\merged.dir\values-ms\values-ms.xml to D:\Inter(Pragament)\android_kotlin_browser\app\build\intermediates\merged_res\debug\mergeDebugResources\values-ms_values-ms.arsc.flat
Compiling xml file D:\Inter(Pragament)\android_kotlin_browser\app\src\main\res\drawable\circle_green.xml to D:\Inter(Pragament)\android_kotlin_browser\app\build\intermediates\merged_res\debug\mergeDebugResources\drawable_circle_green.xml.flat
Compiling XML table D:\Inter(Pragament)\android_kotlin_browser\app\build\intermediates\incremental\debug\mergeDebugResources\merged.dir\values-w400dp-port-v13\values-w400dp-port-v13.xml to D:\Inter(Pragament)\android_kotlin_browser\app\build\intermediates\merged_res\debug\mergeDebugResources\values-w400dp-port-v13_values-w400dp-port-v13.arsc.flat
Compiling XML table D:\Inter(Pragament)\android_kotlin_browser\app\build\intermediates\incremental\debug\mergeDebugResources\merged.dir\values-large-v4\values-large-v4.xml to D:\Inter(Pragament)\android_kotlin_browser\app\build\intermediates\merged_res\debug\mergeDebugResources\values-large-v4_values-large-v4.arsc.flat
Compiling xml file D:\Inter(Pragament)\android_kotlin_browser\app\src\main\res\drawable\ic_notification.xml to D:\Inter(Pragament)\android_kotlin_browser\app\build\intermediates\merged_res\debug\mergeDebugResources\drawable_ic_notification.xml.flat
Compiling XML table D:\Inter(Pragament)\android_kotlin_browser\app\build\intermediates\incremental\debug\mergeDebugResources\merged.dir\values-night-v8\values-night-v8.xml to D:\Inter(Pragament)\android_kotlin_browser\app\build\intermediates\merged_res\debug\mergeDebugResources\values-night-v8_values-night-v8.arsc.flat
Compiling XML table D:\Inter(Pragament)\android_kotlin_browser\app\build\intermediates\incremental\debug\mergeDebugResources\merged.dir\values-small-v4\values-small-v4.xml to D:\Inter(Pragament)\android_kotlin_browser\app\build\intermediates\merged_res\debug\mergeDebugResources\values-small-v4_values-small-v4.arsc.flat
Compiling xml file D:\Inter(Pragament)\android_kotlin_browser\app\src\main\res\drawable\ic_launcher_background.xml to D:\Inter(Pragament)\android_kotlin_browser\app\build\intermediates\merged_res\debug\mergeDebugResources\drawable_ic_launcher_background.xml.flat
Compiling XML table D:\Inter(Pragament)\android_kotlin_browser\app\build\intermediates\incremental\debug\mergeDebugResources\merged.dir\values-gu\values-gu.xml to D:\Inter(Pragament)\android_kotlin_browser\app\build\intermediates\merged_res\debug\mergeDebugResources\values-gu_values-gu.arsc.flat
Compiling XML table D:\Inter(Pragament)\android_kotlin_browser\app\build\intermediates\incremental\debug\mergeDebugResources\merged.dir\values-bs\values-bs.xml to D:\Inter(Pragament)\android_kotlin_browser\app\build\intermediates\merged_res\debug\mergeDebugResources\values-bs_values-bs.arsc.flat
Compiling xml file D:\Inter(Pragament)\android_kotlin_browser\app\build\intermediates\incremental\debug\mergeDebugResources\stripped.dir\layout\activity_history.xml to D:\Inter(Pragament)\android_kotlin_browser\app\build\intermediates\merged_res\debug\mergeDebugResources\layout_activity_history.xml.flat
Compiling XML table D:\Inter(Pragament)\android_kotlin_browser\app\build\intermediates\incremental\debug\mergeDebugResources\merged.dir\values-v34\values-v34.xml to D:\Inter(Pragament)\android_kotlin_browser\app\build\intermediates\merged_res\debug\mergeDebugResources\values-v34_values-v34.arsc.flat
Compiling XML table D:\Inter(Pragament)\android_kotlin_browser\app\build\intermediates\incremental\debug\mergeDebugResources\merged.dir\values-sr\values-sr.xml to D:\Inter(Pragament)\android_kotlin_browser\app\build\intermediates\merged_res\debug\mergeDebugResources\values-sr_values-sr.arsc.flat
Compiling xml file D:\Inter(Pragament)\android_kotlin_browser\app\src\main\res\mipmap-anydpi-v26\ic_launcher.xml to D:\Inter(Pragament)\android_kotlin_browser\app\build\intermediates\merged_res\debug\mergeDebugResources\mipmap-anydpi-v26_ic_launcher.xml.flat
Compiling xml file D:\Inter(Pragament)\android_kotlin_browser\app\build\intermediates\incremental\debug\mergeDebugResources\stripped.dir\layout\item_visited_page.xml to D:\Inter(Pragament)\android_kotlin_browser\app\build\intermediates\merged_res\debug\mergeDebugResources\layout_item_visited_page.xml.flat
Compiling xml file D:\Inter(Pragament)\android_kotlin_browser\app\src\main\res\mipmap-anydpi-v26\ic_launcher_round.xml to D:\Inter(Pragament)\android_kotlin_browser\app\build\intermediates\merged_res\debug\mergeDebugResources\mipmap-anydpi-v26_ic_launcher_round.xml.flat
Compiling file D:\Inter(Pragament)\android_kotlin_browser\app\src\main\res\mipmap-xhdpi\ic_launcher.webp to D:\Inter(Pragament)\android_kotlin_browser\app\build\intermediates\merged_res\debug\mergeDebugResources\mipmap-xhdpi_ic_launcher.webp.flat
Compiling xml file D:\Inter(Pragament)\android_kotlin_browser\app\src\main\res\drawable\circle_background.xml to D:\Inter(Pragament)\android_kotlin_browser\app\build\intermediates\merged_res\debug\mergeDebugResources\drawable_circle_background.xml.flat
Compiling file D:\Inter(Pragament)\android_kotlin_browser\app\src\main\res\mipmap-hdpi\ic_launcher_round.webp to D:\Inter(Pragament)\android_kotlin_browser\app\build\intermediates\merged_res\debug\mergeDebugResources\mipmap-hdpi_ic_launcher_round.webp.flat
Compiling file D:\Inter(Pragament)\android_kotlin_browser\app\src\main\res\mipmap-xxxhdpi\ic_launcher_foreground.webp to D:\Inter(Pragament)\android_kotlin_browser\app\build\intermediates\merged_res\debug\mergeDebugResources\mipmap-xxxhdpi_ic_launcher_foreground.webp.flat
Compiling xml file D:\Inter(Pragament)\android_kotlin_browser\app\build\intermediates\incremental\debug\mergeDebugResources\stripped.dir\layout\activity_main1.xml to D:\Inter(Pragament)\android_kotlin_browser\app\build\intermediates\merged_res\debug\mergeDebugResources\layout_activity_main1.xml.flat
Compiling xml file D:\Inter(Pragament)\android_kotlin_browser\app\src\main\res\drawable\ic_new_tab.xml to D:\Inter(Pragament)\android_kotlin_browser\app\build\intermediates\merged_res\debug\mergeDebugResources\drawable_ic_new_tab.xml.flat
Compiling file D:\Inter(Pragament)\android_kotlin_browser\app\src\main\res\mipmap-xxhdpi\ic_launcher_foreground.webp to D:\Inter(Pragament)\android_kotlin_browser\app\build\intermediates\merged_res\debug\mergeDebugResources\mipmap-xxhdpi_ic_launcher_foreground.webp.flat
Compiling xml file D:\Inter(Pragament)\android_kotlin_browser\app\src\main\res\drawable\ic_floatweb.xml to D:\Inter(Pragament)\android_kotlin_browser\app\build\intermediates\merged_res\debug\mergeDebugResources\drawable_ic_floatweb.xml.flat
Compiling xml file D:\Inter(Pragament)\android_kotlin_browser\app\src\main\res\menu\main_screen_menu.xml to D:\Inter(Pragament)\android_kotlin_browser\app\build\intermediates\merged_res\debug\mergeDebugResources\menu_main_screen_menu.xml.flat
Compiling image file D:\Inter(Pragament)\android_kotlin_browser\app\src\main\res\drawable\applogo.png
Compiling file D:\Inter(Pragament)\android_kotlin_browser\app\src\main\res\drawable\applogo.png to D:\Inter(Pragament)\android_kotlin_browser\app\build\intermediates\merged_res\debug\mergeDebugResources\drawable_applogo.png.flat
Compiling xml file D:\Inter(Pragament)\android_kotlin_browser\app\src\main\res\drawable\ic_glob.xml to D:\Inter(Pragament)\android_kotlin_browser\app\build\intermediates\merged_res\debug\mergeDebugResources\drawable_ic_glob.xml.flat
Compiling file D:\Inter(Pragament)\android_kotlin_browser\app\src\main\res\mipmap-mdpi\ic_launcher_foreground.webp to D:\Inter(Pragament)\android_kotlin_browser\app\build\intermediates\merged_res\debug\mergeDebugResources\mipmap-mdpi_ic_launcher_foreground.webp.flat
Compiling xml file D:\Inter(Pragament)\android_kotlin_browser\app\src\main\res\drawable\ic_more_vert.xml to D:\Inter(Pragament)\android_kotlin_browser\app\build\intermediates\merged_res\debug\mergeDebugResources\drawable_ic_more_vert.xml.flat
Compiling xml file D:\Inter(Pragament)\android_kotlin_browser\app\src\main\res\drawable\arrowbackground.xml to D:\Inter(Pragament)\android_kotlin_browser\app\build\intermediates\merged_res\debug\mergeDebugResources\drawable_arrowbackground.xml.flat
Compiling xml file D:\Inter(Pragament)\android_kotlin_browser\app\build\intermediates\incremental\debug\mergeDebugResources\stripped.dir\layout\floating_web_view_layout.xml to D:\Inter(Pragament)\android_kotlin_browser\app\build\intermediates\merged_res\debug\mergeDebugResources\layout_floating_web_view_layout.xml.flat
Compiling xml file D:\Inter(Pragament)\android_kotlin_browser\app\build\intermediates\incremental\debug\mergeDebugResources\stripped.dir\layout\simple_web_view.xml to D:\Inter(Pragament)\android_kotlin_browser\app\build\intermediates\merged_res\debug\mergeDebugResources\layout_simple_web_view.xml.flat
Compiling xml file D:\Inter(Pragament)\android_kotlin_browser\app\src\main\res\drawable\ic_home.xml to D:\Inter(Pragament)\android_kotlin_browser\app\build\intermediates\merged_res\debug\mergeDebugResources\drawable_ic_home.xml.flat
Compiling XML table D:\Inter(Pragament)\android_kotlin_browser\app\build\intermediates\incremental\debug\mergeDebugResources\merged.dir\values-ru\values-ru.xml to D:\Inter(Pragament)\android_kotlin_browser\app\build\intermediates\merged_res\debug\mergeDebugResources\values-ru_values-ru.arsc.flat
Compiling XML table D:\Inter(Pragament)\android_kotlin_browser\app\build\intermediates\incremental\debug\mergeDebugResources\merged.dir\values-kn\values-kn.xml to D:\Inter(Pragament)\android_kotlin_browser\app\build\intermediates\merged_res\debug\mergeDebugResources\values-kn_values-kn.arsc.flat
Compiling xml file D:\Inter(Pragament)\android_kotlin_browser\app\src\main\res\drawable\popup_background.xml to D:\Inter(Pragament)\android_kotlin_browser\app\build\intermediates\merged_res\debug\mergeDebugResources\drawable_popup_background.xml.flat
Compiling XML table D:\Inter(Pragament)\android_kotlin_browser\app\build\intermediates\incremental\debug\mergeDebugResources\merged.dir\values-xlarge-v4\values-xlarge-v4.xml to D:\Inter(Pragament)\android_kotlin_browser\app\build\intermediates\merged_res\debug\mergeDebugResources\values-xlarge-v4_values-xlarge-v4.arsc.flat
Compiling XML table D:\Inter(Pragament)\android_kotlin_browser\app\build\intermediates\incremental\debug\mergeDebugResources\merged.dir\values-ca\values-ca.xml to D:\Inter(Pragament)\android_kotlin_browser\app\build\intermediates\merged_res\debug\mergeDebugResources\values-ca_values-ca.arsc.flat
Compiling XML table D:\Inter(Pragament)\android_kotlin_browser\app\build\intermediates\incremental\debug\mergeDebugResources\merged.dir\values-v17\values-v17.xml to D:\Inter(Pragament)\android_kotlin_browser\app\build\intermediates\merged_res\debug\mergeDebugResources\values-v17_values-v17.arsc.flat
Compiling XML table D:\Inter(Pragament)\android_kotlin_browser\app\build\intermediates\incremental\debug\mergeDebugResources\merged.dir\values-ur\values-ur.xml to D:\Inter(Pragament)\android_kotlin_browser\app\build\intermediates\merged_res\debug\mergeDebugResources\values-ur_values-ur.arsc.flat
Compiling XML table D:\Inter(Pragament)\android_kotlin_browser\app\build\intermediates\incremental\debug\mergeDebugResources\merged.dir\values-ar\values-ar.xml to D:\Inter(Pragament)\android_kotlin_browser\app\build\intermediates\merged_res\debug\mergeDebugResources\values-ar_values-ar.arsc.flat
Compiling XML table D:\Inter(Pragament)\android_kotlin_browser\app\build\intermediates\incremental\debug\mergeDebugResources\merged.dir\values-zu\values-zu.xml to D:\Inter(Pragament)\android_kotlin_browser\app\build\intermediates\merged_res\debug\mergeDebugResources\values-zu_values-zu.arsc.flat
Compiling XML table D:\Inter(Pragament)\android_kotlin_browser\app\build\intermediates\incremental\debug\mergeDebugResources\merged.dir\values-ta\values-ta.xml to D:\Inter(Pragament)\android_kotlin_browser\app\build\intermediates\merged_res\debug\mergeDebugResources\values-ta_values-ta.arsc.flat
Compiling XML table D:\Inter(Pragament)\android_kotlin_browser\app\build\intermediates\incremental\debug\mergeDebugResources\merged.dir\values-de\values-de.xml to D:\Inter(Pragament)\android_kotlin_browser\app\build\intermediates\merged_res\debug\mergeDebugResources\values-de_values-de.arsc.flat
Compiling XML table D:\Inter(Pragament)\android_kotlin_browser\app\build\intermediates\incremental\debug\mergeDebugResources\merged.dir\values-h720dp-v13\values-h720dp-v13.xml to D:\Inter(Pragament)\android_kotlin_browser\app\build\intermediates\merged_res\debug\mergeDebugResources\values-h720dp-v13_values-h720dp-v13.arsc.flat
Compiling XML table D:\Inter(Pragament)\android_kotlin_browser\app\build\intermediates\incremental\debug\mergeDebugResources\merged.dir\values-en-rIN\values-en-rIN.xml to D:\Inter(Pragament)\android_kotlin_browser\app\build\intermediates\merged_res\debug\mergeDebugResources\values-en-rIN_values-en-rIN.arsc.flat
Compiling XML table D:\Inter(Pragament)\android_kotlin_browser\app\build\intermediates\incremental\debug\mergeDebugResources\merged.dir\values-et\values-et.xml to D:\Inter(Pragament)\android_kotlin_browser\app\build\intermediates\merged_res\debug\mergeDebugResources\values-et_values-et.arsc.flat
Compiling XML table D:\Inter(Pragament)\android_kotlin_browser\app\build\intermediates\incremental\debug\mergeDebugResources\merged.dir\values-el\values-el.xml to D:\Inter(Pragament)\android_kotlin_browser\app\build\intermediates\merged_res\debug\mergeDebugResources\values-el_values-el.arsc.flat
Compiling XML table D:\Inter(Pragament)\android_kotlin_browser\app\build\intermediates\incremental\debug\mergeDebugResources\merged.dir\values-fi\values-fi.xml to D:\Inter(Pragament)\android_kotlin_browser\app\build\intermediates\merged_res\debug\mergeDebugResources\values-fi_values-fi.arsc.flat
Compiling XML table D:\Inter(Pragament)\android_kotlin_browser\app\build\intermediates\incremental\debug\mergeDebugResources\merged.dir\values-uz\values-uz.xml to D:\Inter(Pragament)\android_kotlin_browser\app\build\intermediates\merged_res\debug\mergeDebugResources\values-uz_values-uz.arsc.flat
Compiling XML table D:\Inter(Pragament)\android_kotlin_browser\app\build\intermediates\incremental\debug\mergeDebugResources\merged.dir\values-nb\values-nb.xml to D:\Inter(Pragament)\android_kotlin_browser\app\build\intermediates\merged_res\debug\mergeDebugResources\values-nb_values-nb.arsc.flat
Compiling XML table D:\Inter(Pragament)\android_kotlin_browser\app\build\intermediates\incremental\debug\mergeDebugResources\merged.dir\values-ne\values-ne.xml to D:\Inter(Pragament)\android_kotlin_browser\app\build\intermediates\merged_res\debug\mergeDebugResources\values-ne_values-ne.arsc.flat
Compiling XML table D:\Inter(Pragament)\android_kotlin_browser\app\build\intermediates\incremental\debug\mergeDebugResources\merged.dir\values-te\values-te.xml to D:\Inter(Pragament)\android_kotlin_browser\app\build\intermediates\merged_res\debug\mergeDebugResources\values-te_values-te.arsc.flat
Compiling XML table D:\Inter(Pragament)\android_kotlin_browser\app\build\intermediates\incremental\debug\mergeDebugResources\merged.dir\values-v31\values-v31.xml to D:\Inter(Pragament)\android_kotlin_browser\app\build\intermediates\merged_res\debug\mergeDebugResources\values-v31_values-v31.arsc.flat
Compiling XML table D:\Inter(Pragament)\android_kotlin_browser\app\build\intermediates\incremental\debug\mergeDebugResources\merged.dir\values-or\values-or.xml to D:\Inter(Pragament)\android_kotlin_browser\app\build\intermediates\merged_res\debug\mergeDebugResources\values-or_values-or.arsc.flat
Compiling XML table D:\Inter(Pragament)\android_kotlin_browser\app\build\intermediates\incremental\debug\mergeDebugResources\merged.dir\values-pa\values-pa.xml to D:\Inter(Pragament)\android_kotlin_browser\app\build\intermediates\merged_res\debug\mergeDebugResources\values-pa_values-pa.arsc.flat
Compiling xml file D:\Inter(Pragament)\android_kotlin_browser\app\build\intermediates\incremental\debug\mergeDebugResources\stripped.dir\layout\selection_popup.xml to D:\Inter(Pragament)\android_kotlin_browser\app\build\intermediates\merged_res\debug\mergeDebugResources\layout_selection_popup.xml.flat
Compiling XML table D:\Inter(Pragament)\android_kotlin_browser\app\build\intermediates\incremental\debug\mergeDebugResources\merged.dir\values-hdpi-v4\values-hdpi-v4.xml to D:\Inter(Pragament)\android_kotlin_browser\app\build\intermediates\merged_res\debug\mergeDebugResources\values-hdpi-v4_values-hdpi-v4.arsc.flat
Compiling xml file D:\Inter(Pragament)\android_kotlin_browser\app\src\main\res\drawable\ic_launcher_foreground.xml to D:\Inter(Pragament)\android_kotlin_browser\app\build\intermediates\merged_res\debug\mergeDebugResources\drawable_ic_launcher_foreground.xml.flat
Compiling xml file D:\Inter(Pragament)\android_kotlin_browser\app\src\main\res\xml\data_extraction_rules.xml to D:\Inter(Pragament)\android_kotlin_browser\app\build\intermediates\merged_res\debug\mergeDebugResources\xml_data_extraction_rules.xml.flat
Compiling file D:\Inter(Pragament)\android_kotlin_browser\app\src\main\res\mipmap-hdpi\ic_launcher_foreground.webp to D:\Inter(Pragament)\android_kotlin_browser\app\build\intermediates\merged_res\debug\mergeDebugResources\mipmap-hdpi_ic_launcher_foreground.webp.flat
Compiling xml file D:\Inter(Pragament)\android_kotlin_browser\app\src\main\res\drawable\ic_reload.xml to D:\Inter(Pragament)\android_kotlin_browser\app\build\intermediates\merged_res\debug\mergeDebugResources\drawable_ic_reload.xml.flat
Compiling image file D:\Inter(Pragament)\android_kotlin_browser\app\src\main\res\drawable\applogo3.png
Compiling file D:\Inter(Pragament)\android_kotlin_browser\app\src\main\res\drawable\applogo3.png to D:\Inter(Pragament)\android_kotlin_browser\app\build\intermediates\merged_res\debug\mergeDebugResources\drawable_applogo3.png.flat
Compiling file D:\Inter(Pragament)\android_kotlin_browser\app\src\main\res\mipmap-xxhdpi\ic_launcher.webp to D:\Inter(Pragament)\android_kotlin_browser\app\build\intermediates\merged_res\debug\mergeDebugResources\mipmap-xxhdpi_ic_launcher.webp.flat
Compiling file D:\Inter(Pragament)\android_kotlin_browser\app\src\main\res\mipmap-xhdpi\ic_launcher_round.webp to D:\Inter(Pragament)\android_kotlin_browser\app\build\intermediates\merged_res\debug\mergeDebugResources\mipmap-xhdpi_ic_launcher_round.webp.flat
Compiling XML table D:\Inter(Pragament)\android_kotlin_browser\app\build\intermediates\incremental\debug\mergeDebugResources\merged.dir\values-sv\values-sv.xml to D:\Inter(Pragament)\android_kotlin_browser\app\build\intermediates\merged_res\debug\mergeDebugResources\values-sv_values-sv.arsc.flat
Compiling file D:\Inter(Pragament)\android_kotlin_browser\app\src\main\res\mipmap-hdpi\ic_launcher.webp to D:\Inter(Pragament)\android_kotlin_browser\app\build\intermediates\merged_res\debug\mergeDebugResources\mipmap-hdpi_ic_launcher.webp.flat
Compiling XML table D:\Inter(Pragament)\android_kotlin_browser\app\build\intermediates\incremental\debug\mergeDebugResources\merged.dir\values-da\values-da.xml to D:\Inter(Pragament)\android_kotlin_browser\app\build\intermediates\merged_res\debug\mergeDebugResources\values-da_values-da.arsc.flat
Compiling xml file D:\Inter(Pragament)\android_kotlin_browser\app\src\main\res\color\switch_track_color.xml to D:\Inter(Pragament)\android_kotlin_browser\app\build\intermediates\merged_res\debug\mergeDebugResources\color_switch_track_color.xml.flat
Compiling XML table D:\Inter(Pragament)\android_kotlin_browser\app\build\intermediates\incremental\debug\mergeDebugResources\merged.dir\values-mk\values-mk.xml to D:\Inter(Pragament)\android_kotlin_browser\app\build\intermediates\merged_res\debug\mergeDebugResources\values-mk_values-mk.arsc.flat
Compiling file D:\Inter(Pragament)\android_kotlin_browser\app\src\main\res\mipmap-xxxhdpi\ic_launcher_round.webp to D:\Inter(Pragament)\android_kotlin_browser\app\build\intermediates\merged_res\debug\mergeDebugResources\mipmap-xxxhdpi_ic_launcher_round.webp.flat
Compiling xml file D:\Inter(Pragament)\android_kotlin_browser\app\build\intermediates\incremental\debug\mergeDebugResources\stripped.dir\layout\activity_settings.xml to D:\Inter(Pragament)\android_kotlin_browser\app\build\intermediates\merged_res\debug\mergeDebugResources\layout_activity_settings.xml.flat
Compiling XML table D:\Inter(Pragament)\android_kotlin_browser\app\build\intermediates\incremental\debug\mergeDebugResources\merged.dir\values-h550dp-port-v13\values-h550dp-port-v13.xml to D:\Inter(Pragament)\android_kotlin_browser\app\build\intermediates\merged_res\debug\mergeDebugResources\values-h550dp-port-v13_values-h550dp-port-v13.arsc.flat
Compiling xml file D:\Inter(Pragament)\android_kotlin_browser\app\src\main\res\drawable\ic_resizer.xml to D:\Inter(Pragament)\android_kotlin_browser\app\build\intermediates\merged_res\debug\mergeDebugResources\drawable_ic_resizer.xml.flat
Compiling XML table D:\Inter(Pragament)\android_kotlin_browser\app\build\intermediates\incremental\debug\mergeDebugResources\merged.dir\values-zh-rTW\values-zh-rTW.xml to D:\Inter(Pragament)\android_kotlin_browser\app\build\intermediates\merged_res\debug\mergeDebugResources\values-zh-rTW_values-zh-rTW.arsc.flat
Compiling XML table D:\Inter(Pragament)\android_kotlin_browser\app\build\intermediates\incremental\debug\mergeDebugResources\merged.dir\values-eu\values-eu.xml to D:\Inter(Pragament)\android_kotlin_browser\app\build\intermediates\merged_res\debug\mergeDebugResources\values-eu_values-eu.arsc.flat
Compiling XML table D:\Inter(Pragament)\android_kotlin_browser\app\build\intermediates\incremental\debug\mergeDebugResources\merged.dir\values-en-rXC\values-en-rXC.xml to D:\Inter(Pragament)\android_kotlin_browser\app\build\intermediates\merged_res\debug\mergeDebugResources\values-en-rXC_values-en-rXC.arsc.flat
Compiling XML table D:\Inter(Pragament)\android_kotlin_browser\app\build\intermediates\incremental\debug\mergeDebugResources\merged.dir\values-fa\values-fa.xml to D:\Inter(Pragament)\android_kotlin_browser\app\build\intermediates\merged_res\debug\mergeDebugResources\values-fa_values-fa.arsc.flat
Compiling XML table D:\Inter(Pragament)\android_kotlin_browser\app\build\intermediates\incremental\debug\mergeDebugResources\merged.dir\values-ldltr-v21\values-ldltr-v21.xml to D:\Inter(Pragament)\android_kotlin_browser\app\build\intermediates\merged_res\debug\mergeDebugResources\values-ldltr-v21_values-ldltr-v21.arsc.flat
Compiling XML table D:\Inter(Pragament)\android_kotlin_browser\app\build\intermediates\incremental\debug\mergeDebugResources\merged.dir\values-as\values-as.xml to D:\Inter(Pragament)\android_kotlin_browser\app\build\intermediates\merged_res\debug\mergeDebugResources\values-as_values-as.arsc.flat
Compiling XML table D:\Inter(Pragament)\android_kotlin_browser\app\build\intermediates\incremental\debug\mergeDebugResources\merged.dir\values-pl\values-pl.xml to D:\Inter(Pragament)\android_kotlin_browser\app\build\intermediates\merged_res\debug\mergeDebugResources\values-pl_values-pl.arsc.flat
Compiling XML table D:\Inter(Pragament)\android_kotlin_browser\app\build\intermediates\incremental\debug\mergeDebugResources\merged.dir\values-v26\values-v26.xml to D:\Inter(Pragament)\android_kotlin_browser\app\build\intermediates\merged_res\debug\mergeDebugResources\values-v26_values-v26.arsc.flat
Compiling XML table D:\Inter(Pragament)\android_kotlin_browser\app\build\intermediates\incremental\debug\mergeDebugResources\merged.dir\values-ka\values-ka.xml to D:\Inter(Pragament)\android_kotlin_browser\app\build\intermediates\merged_res\debug\mergeDebugResources\values-ka_values-ka.arsc.flat
Compiling XML table D:\Inter(Pragament)\android_kotlin_browser\app\build\intermediates\incremental\debug\mergeDebugResources\merged.dir\values-gl\values-gl.xml to D:\Inter(Pragament)\android_kotlin_browser\app\build\intermediates\merged_res\debug\mergeDebugResources\values-gl_values-gl.arsc.flat
Compiling XML table D:\Inter(Pragament)\android_kotlin_browser\app\build\intermediates\incremental\debug\mergeDebugResources\merged.dir\values-ko\values-ko.xml to D:\Inter(Pragament)\android_kotlin_browser\app\build\intermediates\merged_res\debug\mergeDebugResources\values-ko_values-ko.arsc.flat

> Task :app:processDebugNavigationResources
Caching disabled for task ':app:processDebugNavigationResources' because:
  Build cache is disabled
Task ':app:processDebugNavigationResources' is not up-to-date because:
  Output property 'outputDir' file D:\Inter(Pragament)\android_kotlin_browser\app\build\generated\updated_navigation_xml\debug has been removed.
Resolve mutations for :app:parseDebugLocalResources (Thread[Execution worker Thread 8,5,main]) started.
:app:parseDebugLocalResources (Thread[Execution worker Thread 8,5,main]) started.
Resolve mutations for :app:checkDebugAarMetadata (Thread[Execution worker Thread 10,5,main]) started.
:app:checkDebugAarMetadata (Thread[Execution worker Thread 10,5,main]) started.
Resolve mutations for :app:compileDebugNavigationResources (Thread[Execution worker Thread 3,5,main]) started.
:app:compileDebugNavigationResources (Thread[Execution worker Thread 3,5,main]) started.

> Task :app:parseDebugLocalResources
Caching disabled for task ':app:parseDebugLocalResources' because:
  Build cache is disabled
Task ':app:parseDebugLocalResources' is not up-to-date because:
  Output property 'librarySymbolsFile' file D:\Inter(Pragament)\android_kotlin_browser\app\build\intermediates\local_only_symbol_list\debug\parseDebugLocalResources\R-def.txt has been removed.
The input changes require a full rebuild for incremental task ':app:parseDebugLocalResources'.

> Task :app:checkDebugAarMetadata
Caching disabled for task ':app:checkDebugAarMetadata' because:
  Build cache is disabled
  Caching has been disabled for the task
Task ':app:checkDebugAarMetadata' is not up-to-date because:
  Output property 'dummyOutputDirectory' file D:\Inter(Pragament)\android_kotlin_browser\app\build\intermediates\aar_metadata_check\debug\checkDebugAarMetadata has been removed.
Resolve mutations for :app:mapDebugSourceSetPaths (Thread[Execution worker Thread 10,5,main]) started.
:app:mapDebugSourceSetPaths (Thread[Execution worker Thread 10,5,main]) started.

> Task :app:compileDebugNavigationResources
Caching disabled for task ':app:compileDebugNavigationResources' because:
  Build cache is disabled
Task ':app:compileDebugNavigationResources' is not up-to-date because:
  Output property 'outputDir' file D:\Inter(Pragament)\android_kotlin_browser\app\build\intermediates\compiled_navigation_res\debug\compileDebugNavigationResources has been removed.
The input changes require a full rebuild for incremental task ':app:compileDebugNavigationResources'.

> Task :app:mapDebugSourceSetPaths
Caching disabled for task ':app:mapDebugSourceSetPaths' because:
  Build cache is disabled
  Caching has been disabled for the task
Task ':app:mapDebugSourceSetPaths' is not up-to-date because:
  Output property 'filepathMappingFile' file D:\Inter(Pragament)\android_kotlin_browser\app\build\intermediates\source_set_path_map\debug\mapDebugSourceSetPaths\file-map.txt has been removed.
Resolve mutations for :app:createDebugCompatibleScreenManifests (Thread[Execution worker Thread 10,5,main]) started.
:app:createDebugCompatibleScreenManifests (Thread[Execution worker Thread 10,5,main]) started.

> Task :app:createDebugCompatibleScreenManifests
Caching disabled for task ':app:createDebugCompatibleScreenManifests' because:
  Build cache is disabled
  Caching has been disabled for the task
Task ':app:createDebugCompatibleScreenManifests' is not up-to-date because:
  Output property 'outputFolder' file D:\Inter(Pragament)\android_kotlin_browser\app\build\intermediates\compatible_screen_manifest\debug\createDebugCompatibleScreenManifests has been removed.
  Output property 'outputFolder' file D:\Inter(Pragament)\android_kotlin_browser\app\build\intermediates\compatible_screen_manifest\debug\createDebugCompatibleScreenManifests\output-metadata.json has been removed.
Resolve mutations for :app:extractDeepLinksDebug (Thread[Execution worker Thread 10,5,main]) started.
:app:extractDeepLinksDebug (Thread[Execution worker Thread 10,5,main]) started.

> Task :app:extractDeepLinksDebug
Caching disabled for task ':app:extractDeepLinksDebug' because:
  Build cache is disabled
Task ':app:extractDeepLinksDebug' is not up-to-date because:
  Output property 'navigationJson' file D:\Inter(Pragament)\android_kotlin_browser\app\build\intermediates\navigation_json\debug\extractDeepLinksDebug\navigation.json has been removed.
Resolve mutations for :app:processDebugMainManifest (Thread[Execution worker Thread 10,5,main]) started.
:app:processDebugMainManifest (Thread[Execution worker Thread 10,5,main]) started.

> Task :app:mergeDebugResources
Compiling file D:\Inter(Pragament)\android_kotlin_browser\app\src\main\res\mipmap-mdpi\ic_launcher_round.webp to D:\Inter(Pragament)\android_kotlin_browser\app\build\intermediates\merged_res\debug\mergeDebugResources\mipmap-mdpi_ic_launcher_round.webp.flat
Compiling XML table D:\Inter(Pragament)\android_kotlin_browser\app\build\intermediates\incremental\debug\mergeDebugResources\merged.dir\values-tr\values-tr.xml to D:\Inter(Pragament)\android_kotlin_browser\app\build\intermediates\merged_res\debug\mergeDebugResources\values-tr_values-tr.arsc.flat
Compiling file D:\Inter(Pragament)\android_kotlin_browser\app\src\main\res\mipmap-xhdpi\ic_launcher_foreground.webp to D:\Inter(Pragament)\android_kotlin_browser\app\build\intermediates\merged_res\debug\mergeDebugResources\mipmap-xhdpi_ic_launcher_foreground.webp.flat
Compiling xml file D:\Inter(Pragament)\android_kotlin_browser\app\src\main\res\menu\top_app_bar_menu.xml to D:\Inter(Pragament)\android_kotlin_browser\app\build\intermediates\merged_res\debug\mergeDebugResources\menu_top_app_bar_menu.xml.flat
Compiling xml file D:\Inter(Pragament)\android_kotlin_browser\app\src\main\res\xml\backup_rules.xml to D:\Inter(Pragament)\android_kotlin_browser\app\build\intermediates\merged_res\debug\mergeDebugResources\xml_backup_rules.xml.flat
Compiling image file D:\Inter(Pragament)\android_kotlin_browser\app\src\main\res\drawable\applogo2.png
Compiling file D:\Inter(Pragament)\android_kotlin_browser\app\src\main\res\drawable\applogo2.png to D:\Inter(Pragament)\android_kotlin_browser\app\build\intermediates\merged_res\debug\mergeDebugResources\drawable_applogo2.png.flat
Compiling XML table D:\Inter(Pragament)\android_kotlin_browser\app\build\intermediates\incremental\debug\mergeDebugResources\merged.dir\values-ml\values-ml.xml to D:\Inter(Pragament)\android_kotlin_browser\app\build\intermediates\merged_res\debug\mergeDebugResources\values-ml_values-ml.arsc.flat
Compiling xml file D:\Inter(Pragament)\android_kotlin_browser\app\src\main\res\drawable\rounded_bg.xml to D:\Inter(Pragament)\android_kotlin_browser\app\build\intermediates\merged_res\debug\mergeDebugResources\drawable_rounded_bg.xml.flat
Compiling xml file D:\Inter(Pragament)\android_kotlin_browser\app\src\main\res\drawable\ic_back.xml to D:\Inter(Pragament)\android_kotlin_browser\app\build\intermediates\merged_res\debug\mergeDebugResources\drawable_ic_back.xml.flat
Compiling XML table D:\Inter(Pragament)\android_kotlin_browser\app\build\intermediates\incremental\debug\mergeDebugResources\merged.dir\values-vi\values-vi.xml to D:\Inter(Pragament)\android_kotlin_browser\app\build\intermediates\merged_res\debug\mergeDebugResources\values-vi_values-vi.arsc.flat
Compiling file D:\Inter(Pragament)\android_kotlin_browser\app\src\main\res\mipmap-xxhdpi\ic_launcher_round.webp to D:\Inter(Pragament)\android_kotlin_browser\app\build\intermediates\merged_res\debug\mergeDebugResources\mipmap-xxhdpi_ic_launcher_round.webp.flat
Compiling XML table D:\Inter(Pragament)\android_kotlin_browser\app\build\intermediates\incremental\debug\mergeDebugResources\merged.dir\values-fr\values-fr.xml to D:\Inter(Pragament)\android_kotlin_browser\app\build\intermediates\merged_res\debug\mergeDebugResources\values-fr_values-fr.arsc.flat
Compiling file D:\Inter(Pragament)\android_kotlin_browser\app\src\main\res\mipmap-mdpi\ic_launcher.webp to D:\Inter(Pragament)\android_kotlin_browser\app\build\intermediates\merged_res\debug\mergeDebugResources\mipmap-mdpi_ic_launcher.webp.flat
Compiling file D:\Inter(Pragament)\android_kotlin_browser\app\src\main\res\mipmap-xxxhdpi\ic_launcher.webp to D:\Inter(Pragament)\android_kotlin_browser\app\build\intermediates\merged_res\debug\mergeDebugResources\mipmap-xxxhdpi_ic_launcher.webp.flat
Compiling xml file D:\Inter(Pragament)\android_kotlin_browser\app\src\main\res\drawable\ic_forward.xml to D:\Inter(Pragament)\android_kotlin_browser\app\build\intermediates\merged_res\debug\mergeDebugResources\drawable_ic_forward.xml.flat
Compiling xml file D:\Inter(Pragament)\android_kotlin_browser\app\src\main\res\menu\webview_options_menu.xml to D:\Inter(Pragament)\android_kotlin_browser\app\build\intermediates\merged_res\debug\mergeDebugResources\menu_webview_options_menu.xml.flat
Compiling xml file D:\Inter(Pragament)\android_kotlin_browser\app\build\intermediates\incremental\debug\mergeDebugResources\stripped.dir\layout\browser_item_list.xml to D:\Inter(Pragament)\android_kotlin_browser\app\build\intermediates\merged_res\debug\mergeDebugResources\layout_browser_item_list.xml.flat

> Task :app:processDebugMainManifest
Caching disabled for task ':app:processDebugMainManifest' because:
  Build cache is disabled
Task ':app:processDebugMainManifest' is not up-to-date because:
  Output property 'mergeBlameFile' file D:\Inter(Pragament)\android_kotlin_browser\app\build\intermediates\manifest_merge_blame_file\debug\processDebugMainManifest\manifest-merger-blame-debug-report.txt has been removed.
  Output property 'mergedManifest' file D:\Inter(Pragament)\android_kotlin_browser\app\build\intermediates\merged_manifest\debug\processDebugMainManifest\AndroidManifest.xml has been removed.
  Output property 'reportFile' file D:\Inter(Pragament)\android_kotlin_browser\app\build\outputs\logs\manifest-merger-debug-report.txt has been removed.
Loading library manifest C:\Users\saiku\.gradle\caches\8.13\transforms\7059c67127ce93bdd2803cb7843783eb\transformed\viewbinding-8.13.2\AndroidManifest.xml
Loading library manifest C:\Users\saiku\.gradle\caches\8.13\transforms\e829a2f320027b81c9a9e0ebb7b94e27\transformed\material-1.12.0\AndroidManifest.xml
Loading library manifest C:\Users\saiku\.gradle\caches\8.13\transforms\35b65faf93f4b36c46efed887b5424f7\transformed\constraintlayout-2.2.1\AndroidManifest.xml
Loading library manifest C:\Users\saiku\.gradle\caches\8.13\transforms\b4900d1f48c09f0cb54af94028cebdc2\transformed\appcompat-resources-1.7.0\AndroidManifest.xml
Loading library manifest C:\Users\saiku\.gradle\caches\8.13\transforms\dfa38ad5f34f0118c61b512e53440013\transformed\appcompat-1.7.0\AndroidManifest.xml
Loading library manifest C:\Users\saiku\.gradle\caches\8.13\transforms\d1b710137f4818224707a6a5c2ef3ee7\transformed\glide-4.16.0\AndroidManifest.xml
Loading library manifest C:\Users\saiku\.gradle\caches\8.13\transforms\dec7f5f269426a852346e9a3836b7bf2\transformed\recyclerview-1.4.0\AndroidManifest.xml
Loading library manifest C:\Users\saiku\.gradle\caches\8.13\transforms\45ce11e13a273b323e767795a494f3b3\transformed\viewpager2-1.1.0-beta02\AndroidManifest.xml
Loading library manifest C:\Users\saiku\.gradle\caches\8.13\transforms\7d037ef7c3d0ab4eeea9516e28f56d42\transformed\fragment-1.5.4\AndroidManifest.xml
Loading library manifest C:\Users\saiku\.gradle\caches\8.13\transforms\eeca6bb6e65e3cb5c91f0c035e2b0345\transformed\material3-release\AndroidManifest.xml
Loading library manifest C:\Users\saiku\.gradle\caches\8.13\transforms\90d690bc0cb593721e8f9201a1f2d680\transformed\material-release\AndroidManifest.xml
Loading library manifest C:\Users\saiku\.gradle\caches\8.13\transforms\e7d8bb1135d4648ee52a66ec1f0b41ad\transformed\material-icons-core-release\AndroidManifest.xml
Loading library manifest C:\Users\saiku\.gradle\caches\8.13\transforms\f7764d9c2c83fad6c258b839f4d593a1\transformed\material-ripple-release\AndroidManifest.xml
Loading library manifest C:\Users\saiku\.gradle\caches\8.13\transforms\fcbdc5875e64acc90e09f36ec8f78da0\transformed\foundation-release\AndroidManifest.xml
Loading library manifest C:\Users\saiku\.gradle\caches\8.13\transforms\dec14defe34ff901cb04aeb97f4a39f8\transformed\animation-release\AndroidManifest.xml
Loading library manifest C:\Users\saiku\.gradle\caches\8.13\transforms\061ad28faf6a5d27c67a8600d47d5224\transformed\foundation-layout-release\AndroidManifest.xml
Loading library manifest C:\Users\saiku\.gradle\caches\8.13\transforms\9aeb42f8ba3d62bc9497a3ef8d4adfb9\transformed\animation-core-release\AndroidManifest.xml
Loading library manifest C:\Users\saiku\.gradle\caches\8.13\transforms\714ffb686f9bb618e56cc37c06929b7d\transformed\ui-tooling-data-release\AndroidManifest.xml
Loading library manifest C:\Users\saiku\.gradle\caches\8.13\transforms\d55a08a689515231be08556451cb23ef\transformed\ui-unit-release\AndroidManifest.xml
Loading library manifest C:\Users\saiku\.gradle\caches\8.13\transforms\70fe862a9079c19452b95dfad288a161\transformed\ui-geometry-release\AndroidManifest.xml
Loading library manifest C:\Users\saiku\.gradle\caches\8.13\transforms\6c87aaae1a50e7e36b2f1b2979d1e6a6\transformed\ui-util-release\AndroidManifest.xml
Loading library manifest C:\Users\saiku\.gradle\caches\8.13\transforms\f8eeee4aa0c2a49132e31acd48ed9332\transformed\ui-text-release\AndroidManifest.xml
Loading library manifest C:\Users\saiku\.gradle\caches\8.13\transforms\a4d0c0bf3789eecdcd1c86b26a7b25fe\transformed\ui-tooling-preview-release\AndroidManifest.xml
Loading library manifest C:\Users\saiku\.gradle\caches\8.13\transforms\0a27ea8bb81a8eb6421f1c08b2f12f85\transformed\ui-tooling-release\AndroidManifest.xml
Loading library manifest C:\Users\saiku\.gradle\caches\8.13\transforms\f2e466cb6ca7d6a2dfad149bc33ed55e\transformed\ui-graphics-release\AndroidManifest.xml
Loading library manifest C:\Users\saiku\.gradle\caches\8.13\transforms\af87eebdadb28675125aeb9554279a94\transformed\ui-test-manifest-1.6.6\AndroidManifest.xml
Loading library manifest C:\Users\saiku\.gradle\caches\8.13\transforms\a5639781dd447bc87e3953f21b7b0d1c\transformed\ui-release\AndroidManifest.xml
Loading library manifest C:\Users\saiku\.gradle\caches\8.13\transforms\b8276356fc3e12b627f75a8c2fbf38d8\transformed\activity-ktx-1.10.1\AndroidManifest.xml
Loading library manifest C:\Users\saiku\.gradle\caches\8.13\transforms\cacb1083da1b6cdcead24621058fa95f\transformed\activity-1.10.1\AndroidManifest.xml
Loading library manifest C:\Users\saiku\.gradle\caches\8.13\transforms\8cbff7d274c6cdc0ad3ed562feed1457\transformed\activity-compose-1.10.1\AndroidManifest.xml
Loading library manifest C:\Users\saiku\.gradle\caches\8.13\transforms\4360e18bc4c39e7919621c3ac004b104\transformed\emoji2-views-helper-1.3.0\AndroidManifest.xml
Loading library manifest C:\Users\saiku\.gradle\caches\8.13\transforms\5251fe4a656af3f54826fa6cbb8661f8\transformed\emoji2-1.3.0\AndroidManifest.xml
Loading library manifest C:\Users\saiku\.gradle\caches\8.13\transforms\af477f6070fcd69d70e6441dc6db8137\transformed\drawerlayout-1.1.1\AndroidManifest.xml
Loading library manifest C:\Users\saiku\.gradle\caches\8.13\transforms\3ff9c143aa190f936691a039e857a8e6\transformed\coordinatorlayout-1.1.0\AndroidManifest.xml
Loading library manifest C:\Users\saiku\.gradle\caches\8.13\transforms\943f7faa13b8b4ac1c8f279d702ada51\transformed\transition-1.5.0\AndroidManifest.xml
Loading library manifest C:\Users\saiku\.gradle\caches\8.13\transforms\5bb8b405cd5045f33ddc070fc99e6d46\transformed\dynamicanimation-1.0.0\AndroidManifest.xml
Loading library manifest C:\Users\saiku\.gradle\caches\8.13\transforms\ff4cb46ce0891df603b5692b9bc9a9d3\transformed\vectordrawable-animated-1.1.0\AndroidManifest.xml
Loading library manifest C:\Users\saiku\.gradle\caches\8.13\transforms\57f1719dead652d7b64e7853f9859a80\transformed\vectordrawable-1.1.0\AndroidManifest.xml
Loading library manifest C:\Users\saiku\.gradle\caches\8.13\transforms\1729af626bfaf5823328a3aae8cd6dbc\transformed\legacy-support-core-utils-1.0.0\AndroidManifest.xml
Loading library manifest C:\Users\saiku\.gradle\caches\8.13\transforms\9df810edcd230fe3515f7b1cec76d97c\transformed\loader-1.0.0\AndroidManifest.xml
Loading library manifest C:\Users\saiku\.gradle\caches\8.13\transforms\638dd186e77449cbdd27f3292cf5a170\transformed\viewpager-1.0.0\AndroidManifest.xml
Loading library manifest C:\Users\saiku\.gradle\caches\8.13\transforms\b53e001bb968a449bde610ab8c840960\transformed\customview-1.1.0\AndroidManifest.xml
Loading library manifest C:\Users\saiku\.gradle\caches\8.13\transforms\bcf6ed79a97908d771a139e0b73d0c02\transformed\autofill-1.0.0\AndroidManifest.xml
Loading library manifest C:\Users\saiku\.gradle\caches\8.13\transforms\e1f4c738c021b08d8a204f3a78e69f33\transformed\core-1.16.0\AndroidManifest.xml
Loading library manifest C:\Users\saiku\.gradle\caches\8.13\transforms\9a05966d529c496d878de92ab41492f9\transformed\customview-poolingcontainer-1.0.0\AndroidManifest.xml
Loading library manifest C:\Users\saiku\.gradle\caches\8.13\transforms\f86961a310627eeaca66d66c42a60aae\transformed\savedstate-ktx-1.2.1\AndroidManifest.xml
Loading library manifest C:\Users\saiku\.gradle\caches\8.13\transforms\e78c6d9817bfcdce0cde5182b11ceb43\transformed\savedstate-1.2.1\AndroidManifest.xml
Loading library manifest C:\Users\saiku\.gradle\caches\8.13\transforms\3a1c3a542b3b1c5e14ca3e75c7200af0\transformed\lifecycle-livedata-core-ktx-2.8.6\AndroidManifest.xml
Loading library manifest C:\Users\saiku\.gradle\caches\8.13\transforms\2472b2f96acf93a28ad0daaa93025adc\transformed\lifecycle-viewmodel-2.8.6\AndroidManifest.xml
Loading library manifest C:\Users\saiku\.gradle\caches\8.13\transforms\6913adb34f3480528c4ad31cd92df15e\transformed\lifecycle-viewmodel-release\AndroidManifest.xml
Loading library manifest C:\Users\saiku\.gradle\caches\8.13\transforms\41f1871bba758630ab18507e780a1a29\transformed\lifecycle-runtime-release\AndroidManifest.xml
Loading library manifest C:\Users\saiku\.gradle\caches\8.13\transforms\f537c6b283932c9f2ac7907c83aa732d\transformed\lifecycle-livedata-2.8.6\AndroidManifest.xml
Loading library manifest C:\Users\saiku\.gradle\caches\8.13\transforms\3665f6bf7cc374c0d0444f89b5db230b\transformed\lifecycle-viewmodel-ktx-2.8.6\AndroidManifest.xml
Loading library manifest C:\Users\saiku\.gradle\caches\8.13\transforms\cf70eb4879a094cfdae37c7827f69f57\transformed\lifecycle-process-2.8.6\AndroidManifest.xml
Loading library manifest C:\Users\saiku\.gradle\caches\8.13\transforms\78f73f299fc82ff20790b37cf58e7e80\transformed\lifecycle-livedata-core-2.8.6\AndroidManifest.xml
Loading library manifest C:\Users\saiku\.gradle\caches\8.13\transforms\42d9c5ee0cee7d0a41ccb3dcd08d5711\transformed\lifecycle-runtime-ktx-release\AndroidManifest.xml
Loading library manifest C:\Users\saiku\.gradle\caches\8.13\transforms\8a52b62c385d36434724a94f893f5848\transformed\lifecycle-viewmodel-savedstate-2.8.6\AndroidManifest.xml
Loading library manifest C:\Users\saiku\.gradle\caches\8.13\transforms\c63463ec332f1bf00ca173bd99a11b97\transformed\core-ktx-1.16.0\AndroidManifest.xml
Loading library manifest C:\Users\saiku\.gradle\caches\8.13\transforms\209a71abf885b052c79d255df670f6db\transformed\room-runtime-2.6.1\AndroidManifest.xml
Loading library manifest C:\Users\saiku\.gradle\caches\8.13\transforms\491297ee26407b4fca6d8437e684eb6f\transformed\room-ktx-2.6.1\AndroidManifest.xml
Loading library manifest C:\Users\saiku\.gradle\caches\8.13\transforms\3c59a9ea64dcd5ff373e24580ce7bfcf\transformed\sqlite-framework-2.4.0\AndroidManifest.xml
Loading library manifest C:\Users\saiku\.gradle\caches\8.13\transforms\352f0e17656ca79cb97b0f01892364b4\transformed\sqlite-2.4.0\AndroidManifest.xml
Loading library manifest C:\Users\saiku\.gradle\caches\8.13\transforms\a4d061790820603ebd311c4df21cfc25\transformed\cursoradapter-1.0.0\AndroidManifest.xml
Loading library manifest C:\Users\saiku\.gradle\caches\8.13\transforms\f4d499c95e96e84ea9d17696b2296d15\transformed\profileinstaller-1.4.0\AndroidManifest.xml
Loading library manifest C:\Users\saiku\.gradle\caches\8.13\transforms\006e079642c8339f3b487a1ecd3aefc3\transformed\cardview-1.0.0\AndroidManifest.xml
Loading library manifest C:\Users\saiku\.gradle\caches\8.13\transforms\35e3fa38c0ea0d9cbada63e9bd5c218c\transformed\core-runtime-2.2.0\AndroidManifest.xml
Loading library manifest C:\Users\saiku\.gradle\caches\8.13\transforms\90bd5e2bb52f9d3676a8dd149778541e\transformed\gifdecoder-4.16.0\AndroidManifest.xml
Loading library manifest C:\Users\saiku\.gradle\caches\8.13\transforms\305e8d38394871252c336b1ccad38fdc\transformed\exifinterface-1.3.6\AndroidManifest.xml
Loading library manifest C:\Users\saiku\.gradle\caches\8.13\transforms\9916680014b80d5c86e0fe8dae6d5b7d\transformed\startup-runtime-1.1.1\AndroidManifest.xml
Loading library manifest C:\Users\saiku\.gradle\caches\8.13\transforms\70e6d58852450864ffa3f16a393793b9\transformed\tracing-1.2.0\AndroidManifest.xml
Loading library manifest C:\Users\saiku\.gradle\caches\8.13\transforms\96bd581bb3a47105fad6a14f09ea4e31\transformed\interpolator-1.0.0\AndroidManifest.xml
Loading library manifest C:\Users\saiku\.gradle\caches\8.13\transforms\06b7e5edd11a32e5e526ecbdf84b0da0\transformed\versionedparcelable-1.1.1\AndroidManifest.xml
Loading library manifest C:\Users\saiku\.gradle\caches\8.13\transforms\1cb2b3b541df36eb45fd58b7b8a6ca40\transformed\runtime-release\AndroidManifest.xml
Loading library manifest C:\Users\saiku\.gradle\caches\8.13\transforms\308b8c7acfcbd17dca673e02483d7579\transformed\runtime-saveable-release\AndroidManifest.xml
Loading library manifest C:\Users\saiku\.gradle\caches\8.13\transforms\244d3e51b354baf887876b4aa0a1f55a\transformed\documentfile-1.0.0\AndroidManifest.xml
Loading library manifest C:\Users\saiku\.gradle\caches\8.13\transforms\9ad03b145bcdb5661d4fca5231a6f444\transformed\localbroadcastmanager-1.0.0\AndroidManifest.xml
Loading library manifest C:\Users\saiku\.gradle\caches\8.13\transforms\ad4deeb37991e2651bfd6827e09183ef\transformed\print-1.0.0\AndroidManifest.xml
Loading library manifest C:\Users\saiku\.gradle\caches\8.13\transforms\229dca155ee631d60ed9b307c5badae2\transformed\annotation-experimental-1.4.1\AndroidManifest.xml
Loading library manifest C:\Users\saiku\.gradle\caches\8.13\transforms\0ca276e6f2f8f5f47ef3b99dd5c7b944\transformed\core-viewtree-1.0.0\AndroidManifest.xml
Merging main manifest D:\Inter(Pragament)\android_kotlin_browser\app\src\main\AndroidManifest.xml

Merging library manifest C:\Users\saiku\.gradle\caches\8.13\transforms\7059c67127ce93bdd2803cb7843783eb\transformed\viewbinding-8.13.2\AndroidManifest.xml
Merging manifest with lower [androidx.databinding:viewbinding:8.13.2] AndroidManifest.xml:2:1-7:12
uses-sdk defined in both files...
Merging uses-sdk with lower [androidx.databinding:viewbinding:8.13.2] AndroidManifest.xml:5:5-44
Merging library manifest C:\Users\saiku\.gradle\caches\8.13\transforms\e829a2f320027b81c9a9e0ebb7b94e27\transformed\material-1.12.0\AndroidManifest.xml
Merging manifest with lower [com.google.android.material:material:1.12.0] AndroidManifest.xml:17:1-24:12
uses-sdk defined in both files...
Merging uses-sdk with lower [com.google.android.material:material:1.12.0] AndroidManifest.xml:20:5-44
application defined in both files...
Merging application with lower [com.google.android.material:material:1.12.0] AndroidManifest.xml:22:5-20
Merging library manifest C:\Users\saiku\.gradle\caches\8.13\transforms\35b65faf93f4b36c46efed887b5424f7\transformed\constraintlayout-2.2.1\AndroidManifest.xml
Merging manifest with lower [androidx.constraintlayout:constraintlayout:2.2.1] AndroidManifest.xml:2:1-9:12
uses-sdk defined in both files...
Merging uses-sdk with lower [androidx.constraintlayout:constraintlayout:2.2.1] AndroidManifest.xml:5:5-44
application defined in both files...
Merging application with lower [androidx.constraintlayout:constraintlayout:2.2.1] AndroidManifest.xml:7:5-20
Merging library manifest C:\Users\saiku\.gradle\caches\8.13\transforms\b4900d1f48c09f0cb54af94028cebdc2\transformed\appcompat-resources-1.7.0\AndroidManifest.xml
Merging manifest with lower [androidx.appcompat:appcompat-resources:1.7.0] AndroidManifest.xml:2:1-7:12
uses-sdk defined in both files...
Merging uses-sdk with lower [androidx.appcompat:appcompat-resources:1.7.0] AndroidManifest.xml:5:5-44
Merging library manifest C:\Users\saiku\.gradle\caches\8.13\transforms\dfa38ad5f34f0118c61b512e53440013\transformed\appcompat-1.7.0\AndroidManifest.xml
Merging manifest with lower [androidx.appcompat:appcompat:1.7.0] AndroidManifest.xml:2:1-7:12
uses-sdk defined in both files...
Merging uses-sdk with lower [androidx.appcompat:appcompat:1.7.0] AndroidManifest.xml:5:5-44
Merging library manifest C:\Users\saiku\.gradle\caches\8.13\transforms\d1b710137f4818224707a6a5c2ef3ee7\transformed\glide-4.16.0\AndroidManifest.xml
Merging manifest with lower [com.github.bumptech.glide:glide:4.16.0] AndroidManifest.xml:2:1-9:12
uses-sdk defined in both files...
Merging uses-sdk with lower [com.github.bumptech.glide:glide:4.16.0] AndroidManifest.xml:5:5-7:41
Merging library manifest C:\Users\saiku\.gradle\caches\8.13\transforms\dec7f5f269426a852346e9a3836b7bf2\transformed\recyclerview-1.4.0\AndroidManifest.xml
Merging manifest with lower [androidx.recyclerview:recyclerview:1.4.0] AndroidManifest.xml:2:1-7:12
uses-sdk defined in both files...
Merging uses-sdk with lower [androidx.recyclerview:recyclerview:1.4.0] AndroidManifest.xml:5:5-44
Merging library manifest C:\Users\saiku\.gradle\caches\8.13\transforms\45ce11e13a273b323e767795a494f3b3\transformed\viewpager2-1.1.0-beta02\AndroidManifest.xml
Merging manifest with lower [androidx.viewpager2:viewpager2:1.1.0-beta02] AndroidManifest.xml:2:1-7:12
uses-sdk defined in both files...
Merging uses-sdk with lower [androidx.viewpager2:viewpager2:1.1.0-beta02] AndroidManifest.xml:5:5-44
Merging library manifest C:\Users\saiku\.gradle\caches\8.13\transforms\7d037ef7c3d0ab4eeea9516e28f56d42\transformed\fragment-1.5.4\AndroidManifest.xml
Merging manifest with lower [androidx.fragment:fragment:1.5.4] AndroidManifest.xml:17:1-24:12
uses-sdk defined in both files...
Merging uses-sdk with lower [androidx.fragment:fragment:1.5.4] AndroidManifest.xml:20:5-22:41
Merging library manifest C:\Users\saiku\.gradle\caches\8.13\transforms\eeca6bb6e65e3cb5c91f0c035e2b0345\transformed\material3-release\AndroidManifest.xml
Merging manifest with lower [androidx.compose.material3:material3-android:1.2.1] AndroidManifest.xml:17:1-22:12
uses-sdk defined in both files...
Merging uses-sdk with lower [androidx.compose.material3:material3-android:1.2.1] AndroidManifest.xml:20:5-44
Merging library manifest C:\Users\saiku\.gradle\caches\8.13\transforms\90d690bc0cb593721e8f9201a1f2d680\transformed\material-release\AndroidManifest.xml
Merging manifest with lower [androidx.compose.material:material-android:1.6.6] AndroidManifest.xml:2:1-7:12
uses-sdk defined in both files...
Merging uses-sdk with lower [androidx.compose.material:material-android:1.6.6] AndroidManifest.xml:5:5-44
Merging library manifest C:\Users\saiku\.gradle\caches\8.13\transforms\e7d8bb1135d4648ee52a66ec1f0b41ad\transformed\material-icons-core-release\AndroidManifest.xml
Merging manifest with lower [androidx.compose.material:material-icons-core-android:1.6.6] AndroidManifest.xml:2:1-7:12
uses-sdk defined in both files...
Merging uses-sdk with lower [androidx.compose.material:material-icons-core-android:1.6.6] AndroidManifest.xml:5:5-44
Merging library manifest C:\Users\saiku\.gradle\caches\8.13\transforms\f7764d9c2c83fad6c258b839f4d593a1\transformed\material-ripple-release\AndroidManifest.xml
Merging manifest with lower [androidx.compose.material:material-ripple-android:1.6.6] AndroidManifest.xml:2:1-7:12
uses-sdk defined in both files...
Merging uses-sdk with lower [androidx.compose.material:material-ripple-android:1.6.6] AndroidManifest.xml:5:5-44
Merging library manifest C:\Users\saiku\.gradle\caches\8.13\transforms\fcbdc5875e64acc90e09f36ec8f78da0\transformed\foundation-release\AndroidManifest.xml
Merging manifest with lower [androidx.compose.foundation:foundation-android:1.6.6] AndroidManifest.xml:2:1-7:12
uses-sdk defined in both files...
Merging uses-sdk with lower [androidx.compose.foundation:foundation-android:1.6.6] AndroidManifest.xml:5:5-44
Merging library manifest C:\Users\saiku\.gradle\caches\8.13\transforms\dec14defe34ff901cb04aeb97f4a39f8\transformed\animation-release\AndroidManifest.xml
Merging manifest with lower [androidx.compose.animation:animation-android:1.6.6] AndroidManifest.xml:2:1-7:12
uses-sdk defined in both files...
Merging uses-sdk with lower [androidx.compose.animation:animation-android:1.6.6] AndroidManifest.xml:5:5-44
Merging library manifest C:\Users\saiku\.gradle\caches\8.13\transforms\061ad28faf6a5d27c67a8600d47d5224\transformed\foundation-layout-release\AndroidManifest.xml
Merging manifest with lower [androidx.compose.foundation:foundation-layout-android:1.6.6] AndroidManifest.xml:2:1-7:12
uses-sdk defined in both files...
Merging uses-sdk with lower [androidx.compose.foundation:foundation-layout-android:1.6.6] AndroidManifest.xml:5:5-44
Merging library manifest C:\Users\saiku\.gradle\caches\8.13\transforms\9aeb42f8ba3d62bc9497a3ef8d4adfb9\transformed\animation-core-release\AndroidManifest.xml
Merging manifest with lower [androidx.compose.animation:animation-core-android:1.6.6] AndroidManifest.xml:2:1-7:12
uses-sdk defined in both files...
Merging uses-sdk with lower [androidx.compose.animation:animation-core-android:1.6.6] AndroidManifest.xml:5:5-44
Merging library manifest C:\Users\saiku\.gradle\caches\8.13\transforms\714ffb686f9bb618e56cc37c06929b7d\transformed\ui-tooling-data-release\AndroidManifest.xml
Merging manifest with lower [androidx.compose.ui:ui-tooling-data-android:1.6.6] AndroidManifest.xml:2:1-7:12
uses-sdk defined in both files...
Merging uses-sdk with lower [androidx.compose.ui:ui-tooling-data-android:1.6.6] AndroidManifest.xml:5:5-44
Merging library manifest C:\Users\saiku\.gradle\caches\8.13\transforms\d55a08a689515231be08556451cb23ef\transformed\ui-unit-release\AndroidManifest.xml
Merging manifest with lower [androidx.compose.ui:ui-unit-android:1.6.6] AndroidManifest.xml:2:1-7:12
uses-sdk defined in both files...
Merging uses-sdk with lower [androidx.compose.ui:ui-unit-android:1.6.6] AndroidManifest.xml:5:5-44
Merging library manifest C:\Users\saiku\.gradle\caches\8.13\transforms\70fe862a9079c19452b95dfad288a161\transformed\ui-geometry-release\AndroidManifest.xml
Merging manifest with lower [androidx.compose.ui:ui-geometry-android:1.6.6] AndroidManifest.xml:2:1-7:12
uses-sdk defined in both files...
Merging uses-sdk with lower [androidx.compose.ui:ui-geometry-android:1.6.6] AndroidManifest.xml:5:5-44
Merging library manifest C:\Users\saiku\.gradle\caches\8.13\transforms\6c87aaae1a50e7e36b2f1b2979d1e6a6\transformed\ui-util-release\AndroidManifest.xml
Merging manifest with lower [androidx.compose.ui:ui-util-android:1.6.6] AndroidManifest.xml:2:1-7:12
uses-sdk defined in both files...
Merging uses-sdk with lower [androidx.compose.ui:ui-util-android:1.6.6] AndroidManifest.xml:5:5-44
Merging library manifest C:\Users\saiku\.gradle\caches\8.13\transforms\f8eeee4aa0c2a49132e31acd48ed9332\transformed\ui-text-release\AndroidManifest.xml
Merging manifest with lower [androidx.compose.ui:ui-text-android:1.6.6] AndroidManifest.xml:2:1-7:12
uses-sdk defined in both files...
Merging uses-sdk with lower [androidx.compose.ui:ui-text-android:1.6.6] AndroidManifest.xml:5:5-44
Merging library manifest C:\Users\saiku\.gradle\caches\8.13\transforms\a4d0c0bf3789eecdcd1c86b26a7b25fe\transformed\ui-tooling-preview-release\AndroidManifest.xml
Merging manifest with lower [androidx.compose.ui:ui-tooling-preview-android:1.6.6] AndroidManifest.xml:17:1-22:12
uses-sdk defined in both files...
Merging uses-sdk with lower [androidx.compose.ui:ui-tooling-preview-android:1.6.6] AndroidManifest.xml:20:5-44
Merging library manifest C:\Users\saiku\.gradle\caches\8.13\transforms\0a27ea8bb81a8eb6421f1c08b2f12f85\transformed\ui-tooling-release\AndroidManifest.xml
Merging manifest with lower [androidx.compose.ui:ui-tooling-android:1.6.6] AndroidManifest.xml:17:1-28:12
uses-sdk defined in both files...
Merging uses-sdk with lower [androidx.compose.ui:ui-tooling-android:1.6.6] AndroidManifest.xml:20:5-44
application defined in both files...
Merging application with lower [androidx.compose.ui:ui-tooling-android:1.6.6] AndroidManifest.xml:22:5-26:19
Adopted [activity: null]
Merging library manifest C:\Users\saiku\.gradle\caches\8.13\transforms\f2e466cb6ca7d6a2dfad149bc33ed55e\transformed\ui-graphics-release\AndroidManifest.xml
Merging manifest with lower [androidx.compose.ui:ui-graphics-android:1.6.6] AndroidManifest.xml:2:1-7:12
uses-sdk defined in both files...
Merging uses-sdk with lower [androidx.compose.ui:ui-graphics-android:1.6.6] AndroidManifest.xml:5:5-44
Merging library manifest C:\Users\saiku\.gradle\caches\8.13\transforms\af87eebdadb28675125aeb9554279a94\transformed\ui-test-manifest-1.6.6\AndroidManifest.xml
Merging manifest with lower [androidx.compose.ui:ui-test-manifest:1.6.6] AndroidManifest.xml:17:1-28:12
uses-sdk defined in both files...
Merging uses-sdk with lower [androidx.compose.ui:ui-test-manifest:1.6.6] AndroidManifest.xml:20:5-44
application defined in both files...
Merging application with lower [androidx.compose.ui:ui-test-manifest:1.6.6] AndroidManifest.xml:22:5-26:19
Adopted [activity: null]
Merging library manifest C:\Users\saiku\.gradle\caches\8.13\transforms\a5639781dd447bc87e3953f21b7b0d1c\transformed\ui-release\AndroidManifest.xml
Merging manifest with lower [androidx.compose.ui:ui-android:1.6.6] AndroidManifest.xml:2:1-7:12
uses-sdk defined in both files...
Merging uses-sdk with lower [androidx.compose.ui:ui-android:1.6.6] AndroidManifest.xml:5:5-44
Merging library manifest C:\Users\saiku\.gradle\caches\8.13\transforms\b8276356fc3e12b627f75a8c2fbf38d8\transformed\activity-ktx-1.10.1\AndroidManifest.xml
Merging manifest with lower [androidx.activity:activity-ktx:1.10.1] AndroidManifest.xml:2:1-7:12
uses-sdk defined in both files...
Merging uses-sdk with lower [androidx.activity:activity-ktx:1.10.1] AndroidManifest.xml:5:5-44
Merging library manifest C:\Users\saiku\.gradle\caches\8.13\transforms\cacb1083da1b6cdcead24621058fa95f\transformed\activity-1.10.1\AndroidManifest.xml
Merging manifest with lower [androidx.activity:activity:1.10.1] AndroidManifest.xml:17:1-22:12
uses-sdk defined in both files...
Merging uses-sdk with lower [androidx.activity:activity:1.10.1] AndroidManifest.xml:20:5-44
Merging library manifest C:\Users\saiku\.gradle\caches\8.13\transforms\8cbff7d274c6cdc0ad3ed562feed1457\transformed\activity-compose-1.10.1\AndroidManifest.xml
Merging manifest with lower [androidx.activity:activity-compose:1.10.1] AndroidManifest.xml:2:1-7:12
uses-sdk defined in both files...
Merging uses-sdk with lower [androidx.activity:activity-compose:1.10.1] AndroidManifest.xml:5:5-44
Merging library manifest C:\Users\saiku\.gradle\caches\8.13\transforms\4360e18bc4c39e7919621c3ac004b104\transformed\emoji2-views-helper-1.3.0\AndroidManifest.xml
Merging manifest with lower [androidx.emoji2:emoji2-views-helper:1.3.0] AndroidManifest.xml:2:1-7:12
uses-sdk defined in both files...
Merging uses-sdk with lower [androidx.emoji2:emoji2-views-helper:1.3.0] AndroidManifest.xml:5:5-44
Merging library manifest C:\Users\saiku\.gradle\caches\8.13\transforms\5251fe4a656af3f54826fa6cbb8661f8\transformed\emoji2-1.3.0\AndroidManifest.xml
Merging manifest with lower [androidx.emoji2:emoji2:1.3.0] AndroidManifest.xml:17:1-35:12
uses-sdk defined in both files...
Merging uses-sdk with lower [androidx.emoji2:emoji2:1.3.0] AndroidManifest.xml:21:5-44
application defined in both files...
Merging application with lower [androidx.emoji2:emoji2:1.3.0] AndroidManifest.xml:23:5-33:19
Adopted [provider: null]
Merging library manifest C:\Users\saiku\.gradle\caches\8.13\transforms\af477f6070fcd69d70e6441dc6db8137\transformed\drawerlayout-1.1.1\AndroidManifest.xml
Merging manifest with lower [androidx.drawerlayout:drawerlayout:1.1.1] AndroidManifest.xml:17:1-24:12
uses-sdk defined in both files...
Merging uses-sdk with lower [androidx.drawerlayout:drawerlayout:1.1.1] AndroidManifest.xml:20:5-22:41
Merging library manifest C:\Users\saiku\.gradle\caches\8.13\transforms\3ff9c143aa190f936691a039e857a8e6\transformed\coordinatorlayout-1.1.0\AndroidManifest.xml
Merging manifest with lower [androidx.coordinatorlayout:coordinatorlayout:1.1.0] AndroidManifest.xml:17:1-24:12
uses-sdk defined in both files...
Merging uses-sdk with lower [androidx.coordinatorlayout:coordinatorlayout:1.1.0] AndroidManifest.xml:20:5-22:41
Merging library manifest C:\Users\saiku\.gradle\caches\8.13\transforms\943f7faa13b8b4ac1c8f279d702ada51\transformed\transition-1.5.0\AndroidManifest.xml
Merging manifest with lower [androidx.transition:transition:1.5.0] AndroidManifest.xml:2:1-7:12
uses-sdk defined in both files...
Merging uses-sdk with lower [androidx.transition:transition:1.5.0] AndroidManifest.xml:5:5-44
Merging library manifest C:\Users\saiku\.gradle\caches\8.13\transforms\5bb8b405cd5045f33ddc070fc99e6d46\transformed\dynamicanimation-1.0.0\AndroidManifest.xml
Merging manifest with lower [androidx.dynamicanimation:dynamicanimation:1.0.0] AndroidManifest.xml:17:1-22:12
uses-sdk defined in both files...
Merging uses-sdk with lower [androidx.dynamicanimation:dynamicanimation:1.0.0] AndroidManifest.xml:20:5-44
Merging library manifest C:\Users\saiku\.gradle\caches\8.13\transforms\ff4cb46ce0891df603b5692b9bc9a9d3\transformed\vectordrawable-animated-1.1.0\AndroidManifest.xml
Merging manifest with lower [androidx.vectordrawable:vectordrawable-animated:1.1.0] AndroidManifest.xml:17:1-24:12
uses-sdk defined in both files...
Merging uses-sdk with lower [androidx.vectordrawable:vectordrawable-animated:1.1.0] AndroidManifest.xml:20:5-22:41
Merging library manifest C:\Users\saiku\.gradle\caches\8.13\transforms\57f1719dead652d7b64e7853f9859a80\transformed\vectordrawable-1.1.0\AndroidManifest.xml
Merging manifest with lower [androidx.vectordrawable:vectordrawable:1.1.0] AndroidManifest.xml:17:1-24:12
uses-sdk defined in both files...
Merging uses-sdk with lower [androidx.vectordrawable:vectordrawable:1.1.0] AndroidManifest.xml:20:5-22:41
Merging library manifest C:\Users\saiku\.gradle\caches\8.13\transforms\1729af626bfaf5823328a3aae8cd6dbc\transformed\legacy-support-core-utils-1.0.0\AndroidManifest.xml
Merging manifest with lower [androidx.legacy:legacy-support-core-utils:1.0.0] AndroidManifest.xml:17:1-22:12
uses-sdk defined in both files...
Merging uses-sdk with lower [androidx.legacy:legacy-support-core-utils:1.0.0] AndroidManifest.xml:20:5-44
Merging library manifest C:\Users\saiku\.gradle\caches\8.13\transforms\9df810edcd230fe3515f7b1cec76d97c\transformed\loader-1.0.0\AndroidManifest.xml
Merging manifest with lower [androidx.loader:loader:1.0.0] AndroidManifest.xml:17:1-22:12
uses-sdk defined in both files...
Merging uses-sdk with lower [androidx.loader:loader:1.0.0] AndroidManifest.xml:20:5-44
Merging library manifest C:\Users\saiku\.gradle\caches\8.13\transforms\638dd186e77449cbdd27f3292cf5a170\transformed\viewpager-1.0.0\AndroidManifest.xml
Merging manifest with lower [androidx.viewpager:viewpager:1.0.0] AndroidManifest.xml:17:1-22:12
uses-sdk defined in both files...
Merging uses-sdk with lower [androidx.viewpager:viewpager:1.0.0] AndroidManifest.xml:20:5-44
Merging library manifest C:\Users\saiku\.gradle\caches\8.13\transforms\b53e001bb968a449bde610ab8c840960\transformed\customview-1.1.0\AndroidManifest.xml
Merging manifest with lower [androidx.customview:customview:1.1.0] AndroidManifest.xml:17:1-24:12
uses-sdk defined in both files...
Merging uses-sdk with lower [androidx.customview:customview:1.1.0] AndroidManifest.xml:20:5-22:41
Merging library manifest C:\Users\saiku\.gradle\caches\8.13\transforms\bcf6ed79a97908d771a139e0b73d0c02\transformed\autofill-1.0.0\AndroidManifest.xml
Merging manifest with lower [androidx.autofill:autofill:1.0.0] AndroidManifest.xml:17:1-24:12
uses-sdk defined in both files...
Merging uses-sdk with lower [androidx.autofill:autofill:1.0.0] AndroidManifest.xml:20:5-22:41
Merging library manifest C:\Users\saiku\.gradle\caches\8.13\transforms\e1f4c738c021b08d8a204f3a78e69f33\transformed\core-1.16.0\AndroidManifest.xml
Merging manifest with lower [androidx.core:core:1.16.0] AndroidManifest.xml:17:1-30:12
uses-sdk defined in both files...
Merging uses-sdk with lower [androidx.core:core:1.16.0] AndroidManifest.xml:20:5-44
Adopted [permission: null]
Adopted [uses-permission: null]
application defined in both files...
Merging application with lower [androidx.core:core:1.16.0] AndroidManifest.xml:28:5-89
Merging library manifest C:\Users\saiku\.gradle\caches\8.13\transforms\9a05966d529c496d878de92ab41492f9\transformed\customview-poolingcontainer-1.0.0\AndroidManifest.xml
Merging manifest with lower [androidx.customview:customview-poolingcontainer:1.0.0] AndroidManifest.xml:17:1-23:12
uses-sdk defined in both files...
Merging uses-sdk with lower [androidx.customview:customview-poolingcontainer:1.0.0] AndroidManifest.xml:20:5-21:38
Merging library manifest C:\Users\saiku\.gradle\caches\8.13\transforms\f86961a310627eeaca66d66c42a60aae\transformed\savedstate-ktx-1.2.1\AndroidManifest.xml
Merging manifest with lower [androidx.savedstate:savedstate-ktx:1.2.1] AndroidManifest.xml:17:1-22:12
uses-sdk defined in both files...
Merging uses-sdk with lower [androidx.savedstate:savedstate-ktx:1.2.1] AndroidManifest.xml:20:5-44
Merging library manifest C:\Users\saiku\.gradle\caches\8.13\transforms\e78c6d9817bfcdce0cde5182b11ceb43\transformed\savedstate-1.2.1\AndroidManifest.xml
Merging manifest with lower [androidx.savedstate:savedstate:1.2.1] AndroidManifest.xml:17:1-22:12
uses-sdk defined in both files...
Merging uses-sdk with lower [androidx.savedstate:savedstate:1.2.1] AndroidManifest.xml:20:5-44
Merging library manifest C:\Users\saiku\.gradle\caches\8.13\transforms\3a1c3a542b3b1c5e14ca3e75c7200af0\transformed\lifecycle-livedata-core-ktx-2.8.6\AndroidManifest.xml
Merging manifest with lower [androidx.lifecycle:lifecycle-livedata-core-ktx:2.8.6] AndroidManifest.xml:2:1-7:12
uses-sdk defined in both files...
Merging uses-sdk with lower [androidx.lifecycle:lifecycle-livedata-core-ktx:2.8.6] AndroidManifest.xml:5:5-44
Merging library manifest C:\Users\saiku\.gradle\caches\8.13\transforms\2472b2f96acf93a28ad0daaa93025adc\transformed\lifecycle-viewmodel-2.8.6\AndroidManifest.xml
Merging manifest with lower [androidx.lifecycle:lifecycle-viewmodel:2.8.6] AndroidManifest.xml:2:1-5:12
uses-sdk defined in both files...
Merging uses-sdk with lower [androidx.lifecycle:lifecycle-viewmodel:2.8.6] AndroidManifest.xml:4:5-43
Merging library manifest C:\Users\saiku\.gradle\caches\8.13\transforms\6913adb34f3480528c4ad31cd92df15e\transformed\lifecycle-viewmodel-release\AndroidManifest.xml
Merging manifest with lower [androidx.lifecycle:lifecycle-viewmodel-android:2.8.6] AndroidManifest.xml:17:1-22:12
uses-sdk defined in both files...
Merging uses-sdk with lower [androidx.lifecycle:lifecycle-viewmodel-android:2.8.6] AndroidManifest.xml:20:5-44
Merging library manifest C:\Users\saiku\.gradle\caches\8.13\transforms\41f1871bba758630ab18507e780a1a29\transformed\lifecycle-runtime-release\AndroidManifest.xml
Merging manifest with lower [androidx.lifecycle:lifecycle-runtime-android:2.8.6] AndroidManifest.xml:17:1-22:12
uses-sdk defined in both files...
Merging uses-sdk with lower [androidx.lifecycle:lifecycle-runtime-android:2.8.6] AndroidManifest.xml:20:5-44
Merging library manifest C:\Users\saiku\.gradle\caches\8.13\transforms\f537c6b283932c9f2ac7907c83aa732d\transformed\lifecycle-livedata-2.8.6\AndroidManifest.xml
Merging manifest with lower [androidx.lifecycle:lifecycle-livedata:2.8.6] AndroidManifest.xml:17:1-22:12
uses-sdk defined in both files...
Merging uses-sdk with lower [androidx.lifecycle:lifecycle-livedata:2.8.6] AndroidManifest.xml:20:5-44
Merging library manifest C:\Users\saiku\.gradle\caches\8.13\transforms\3665f6bf7cc374c0d0444f89b5db230b\transformed\lifecycle-viewmodel-ktx-2.8.6\AndroidManifest.xml
Merging manifest with lower [androidx.lifecycle:lifecycle-viewmodel-ktx:2.8.6] AndroidManifest.xml:2:1-7:12
uses-sdk defined in both files...
Merging uses-sdk with lower [androidx.lifecycle:lifecycle-viewmodel-ktx:2.8.6] AndroidManifest.xml:5:5-44
Merging library manifest C:\Users\saiku\.gradle\caches\8.13\transforms\cf70eb4879a094cfdae37c7827f69f57\transformed\lifecycle-process-2.8.6\AndroidManifest.xml
Merging manifest with lower [androidx.lifecycle:lifecycle-process:2.8.6] AndroidManifest.xml:17:1-35:12
uses-sdk defined in both files...
Merging uses-sdk with lower [androidx.lifecycle:lifecycle-process:2.8.6] AndroidManifest.xml:21:5-44
application defined in both files...
Merging application with lower [androidx.lifecycle:lifecycle-process:2.8.6] AndroidManifest.xml:23:5-33:19
provider#androidx.startup.InitializationProvider defined in both files...
Merging provider#androidx.startup.InitializationProvider with lower [androidx.lifecycle:lifecycle-process:2.8.6] AndroidManifest.xml:24:9-32:20
Adopted [meta-data: null]
Merging library manifest C:\Users\saiku\.gradle\caches\8.13\transforms\78f73f299fc82ff20790b37cf58e7e80\transformed\lifecycle-livedata-core-2.8.6\AndroidManifest.xml
Merging manifest with lower [androidx.lifecycle:lifecycle-livedata-core:2.8.6] AndroidManifest.xml:17:1-22:12
uses-sdk defined in both files...
Merging uses-sdk with lower [androidx.lifecycle:lifecycle-livedata-core:2.8.6] AndroidManifest.xml:20:5-44
Merging library manifest C:\Users\saiku\.gradle\caches\8.13\transforms\42d9c5ee0cee7d0a41ccb3dcd08d5711\transformed\lifecycle-runtime-ktx-release\AndroidManifest.xml
Merging manifest with lower [androidx.lifecycle:lifecycle-runtime-ktx-android:2.8.6] AndroidManifest.xml:2:1-7:12
uses-sdk defined in both files...
Merging uses-sdk with lower [androidx.lifecycle:lifecycle-runtime-ktx-android:2.8.6] AndroidManifest.xml:5:5-44
Merging library manifest C:\Users\saiku\.gradle\caches\8.13\transforms\8a52b62c385d36434724a94f893f5848\transformed\lifecycle-viewmodel-savedstate-2.8.6\AndroidManifest.xml
Merging manifest with lower [androidx.lifecycle:lifecycle-viewmodel-savedstate:2.8.6] AndroidManifest.xml:17:1-22:12
uses-sdk defined in both files...
Merging uses-sdk with lower [androidx.lifecycle:lifecycle-viewmodel-savedstate:2.8.6] AndroidManifest.xml:20:5-44
Merging library manifest C:\Users\saiku\.gradle\caches\8.13\transforms\c63463ec332f1bf00ca173bd99a11b97\transformed\core-ktx-1.16.0\AndroidManifest.xml
Merging manifest with lower [androidx.core:core-ktx:1.16.0] AndroidManifest.xml:2:1-7:12
uses-sdk defined in both files...
Merging uses-sdk with lower [androidx.core:core-ktx:1.16.0] AndroidManifest.xml:5:5-44
Merging library manifest C:\Users\saiku\.gradle\caches\8.13\transforms\209a71abf885b052c79d255df670f6db\transformed\room-runtime-2.6.1\AndroidManifest.xml
Merging manifest with lower [androidx.room:room-runtime:2.6.1] AndroidManifest.xml:17:1-31:12
uses-sdk defined in both files...
Merging uses-sdk with lower [androidx.room:room-runtime:2.6.1] AndroidManifest.xml:21:5-44
application defined in both files...
Merging application with lower [androidx.room:room-runtime:2.6.1] AndroidManifest.xml:23:5-29:19
Adopted [service: null]
Merging library manifest C:\Users\saiku\.gradle\caches\8.13\transforms\491297ee26407b4fca6d8437e684eb6f\transformed\room-ktx-2.6.1\AndroidManifest.xml
Merging manifest with lower [androidx.room:room-ktx:2.6.1] AndroidManifest.xml:17:1-22:12
uses-sdk defined in both files...
Merging uses-sdk with lower [androidx.room:room-ktx:2.6.1] AndroidManifest.xml:20:5-44
Merging library manifest C:\Users\saiku\.gradle\caches\8.13\transforms\3c59a9ea64dcd5ff373e24580ce7bfcf\transformed\sqlite-framework-2.4.0\AndroidManifest.xml
Merging manifest with lower [androidx.sqlite:sqlite-framework:2.4.0] AndroidManifest.xml:17:1-22:12
uses-sdk defined in both files...
Merging uses-sdk with lower [androidx.sqlite:sqlite-framework:2.4.0] AndroidManifest.xml:20:5-44
Merging library manifest C:\Users\saiku\.gradle\caches\8.13\transforms\352f0e17656ca79cb97b0f01892364b4\transformed\sqlite-2.4.0\AndroidManifest.xml
Merging manifest with lower [androidx.sqlite:sqlite:2.4.0] AndroidManifest.xml:17:1-22:12
uses-sdk defined in both files...
Merging uses-sdk with lower [androidx.sqlite:sqlite:2.4.0] AndroidManifest.xml:20:5-44
Merging library manifest C:\Users\saiku\.gradle\caches\8.13\transforms\a4d061790820603ebd311c4df21cfc25\transformed\cursoradapter-1.0.0\AndroidManifest.xml
Merging manifest with lower [androidx.cursoradapter:cursoradapter:1.0.0] AndroidManifest.xml:17:1-22:12
uses-sdk defined in both files...
Merging uses-sdk with lower [androidx.cursoradapter:cursoradapter:1.0.0] AndroidManifest.xml:20:5-44
Merging library manifest C:\Users\saiku\.gradle\caches\8.13\transforms\f4d499c95e96e84ea9d17696b2296d15\transformed\profileinstaller-1.4.0\AndroidManifest.xml
Merging manifest with lower [androidx.profileinstaller:profileinstaller:1.4.0] AndroidManifest.xml:17:1-55:12
uses-sdk defined in both files...
Merging uses-sdk with lower [androidx.profileinstaller:profileinstaller:1.4.0] AndroidManifest.xml:21:5-44
application defined in both files...
Merging application with lower [androidx.profileinstaller:profileinstaller:1.4.0] AndroidManifest.xml:23:5-53:19
provider#androidx.startup.InitializationProvider defined in both files...
Merging provider#androidx.startup.InitializationProvider with lower [androidx.profileinstaller:profileinstaller:1.4.0] AndroidManifest.xml:24:9-32:20
Adopted [meta-data: null]
Adopted [receiver: null]
Merging library manifest C:\Users\saiku\.gradle\caches\8.13\transforms\006e079642c8339f3b487a1ecd3aefc3\transformed\cardview-1.0.0\AndroidManifest.xml
Merging manifest with lower [androidx.cardview:cardview:1.0.0] AndroidManifest.xml:17:1-22:12
uses-sdk defined in both files...
Merging uses-sdk with lower [androidx.cardview:cardview:1.0.0] AndroidManifest.xml:20:5-44
Merging library manifest C:\Users\saiku\.gradle\caches\8.13\transforms\35e3fa38c0ea0d9cbada63e9bd5c218c\transformed\core-runtime-2.2.0\AndroidManifest.xml
Merging manifest with lower [androidx.arch.core:core-runtime:2.2.0] AndroidManifest.xml:17:1-22:12
uses-sdk defined in both files...
Merging uses-sdk with lower [androidx.arch.core:core-runtime:2.2.0] AndroidManifest.xml:20:5-44
Merging library manifest C:\Users\saiku\.gradle\caches\8.13\transforms\90bd5e2bb52f9d3676a8dd149778541e\transformed\gifdecoder-4.16.0\AndroidManifest.xml
Merging manifest with lower [com.github.bumptech.glide:gifdecoder:4.16.0] AndroidManifest.xml:2:1-9:12
uses-sdk defined in both files...
Merging uses-sdk with lower [com.github.bumptech.glide:gifdecoder:4.16.0] AndroidManifest.xml:5:5-7:41
Merging library manifest C:\Users\saiku\.gradle\caches\8.13\transforms\305e8d38394871252c336b1ccad38fdc\transformed\exifinterface-1.3.6\AndroidManifest.xml
Merging manifest with lower [androidx.exifinterface:exifinterface:1.3.6] AndroidManifest.xml:17:1-24:12
uses-sdk defined in both files...
Merging uses-sdk with lower [androidx.exifinterface:exifinterface:1.3.6] AndroidManifest.xml:20:5-22:41
Merging library manifest C:\Users\saiku\.gradle\caches\8.13\transforms\9916680014b80d5c86e0fe8dae6d5b7d\transformed\startup-runtime-1.1.1\AndroidManifest.xml
Merging manifest with lower [androidx.startup:startup-runtime:1.1.1] AndroidManifest.xml:17:1-33:12
uses-sdk defined in both files...
Merging uses-sdk with lower [androidx.startup:startup-runtime:1.1.1] AndroidManifest.xml:21:5-23:41
application defined in both files...
Merging application with lower [androidx.startup:startup-runtime:1.1.1] AndroidManifest.xml:25:5-31:19
provider#androidx.startup.InitializationProvider defined in both files...
Merging provider#androidx.startup.InitializationProvider with lower [androidx.startup:startup-runtime:1.1.1] AndroidManifest.xml:26:9-30:34
Merging library manifest C:\Users\saiku\.gradle\caches\8.13\transforms\70e6d58852450864ffa3f16a393793b9\transformed\tracing-1.2.0\AndroidManifest.xml
Merging manifest with lower [androidx.tracing:tracing:1.2.0] AndroidManifest.xml:17:1-22:12
uses-sdk defined in both files...
Merging uses-sdk with lower [androidx.tracing:tracing:1.2.0] AndroidManifest.xml:20:5-44
Merging library manifest C:\Users\saiku\.gradle\caches\8.13\transforms\96bd581bb3a47105fad6a14f09ea4e31\transformed\interpolator-1.0.0\AndroidManifest.xml
Merging manifest with lower [androidx.interpolator:interpolator:1.0.0] AndroidManifest.xml:17:1-22:12
uses-sdk defined in both files...
Merging uses-sdk with lower [androidx.interpolator:interpolator:1.0.0] AndroidManifest.xml:20:5-44
Merging library manifest C:\Users\saiku\.gradle\caches\8.13\transforms\06b7e5edd11a32e5e526ecbdf84b0da0\transformed\versionedparcelable-1.1.1\AndroidManifest.xml
Merging manifest with lower [androidx.versionedparcelable:versionedparcelable:1.1.1] AndroidManifest.xml:17:1-27:12
uses-sdk defined in both files...
Merging uses-sdk with lower [androidx.versionedparcelable:versionedparcelable:1.1.1] AndroidManifest.xml:20:5-22:41
application defined in both files...
Merging application with lower [androidx.versionedparcelable:versionedparcelable:1.1.1] AndroidManifest.xml:24:5-25:19
Merging library manifest C:\Users\saiku\.gradle\caches\8.13\transforms\1cb2b3b541df36eb45fd58b7b8a6ca40\transformed\runtime-release\AndroidManifest.xml
Merging manifest with lower [androidx.compose.runtime:runtime-android:1.7.0] AndroidManifest.xml:2:1-7:12
uses-sdk defined in both files...
Merging uses-sdk with lower [androidx.compose.runtime:runtime-android:1.7.0] AndroidManifest.xml:5:5-44
Merging library manifest C:\Users\saiku\.gradle\caches\8.13\transforms\308b8c7acfcbd17dca673e02483d7579\transformed\runtime-saveable-release\AndroidManifest.xml
Merging manifest with lower [androidx.compose.runtime:runtime-saveable-android:1.7.0] AndroidManifest.xml:2:1-7:12
uses-sdk defined in both files...
Merging uses-sdk with lower [androidx.compose.runtime:runtime-saveable-android:1.7.0] AndroidManifest.xml:5:5-44
Merging library manifest C:\Users\saiku\.gradle\caches\8.13\transforms\244d3e51b354baf887876b4aa0a1f55a\transformed\documentfile-1.0.0\AndroidManifest.xml
Merging manifest with lower [androidx.documentfile:documentfile:1.0.0] AndroidManifest.xml:17:1-22:12
uses-sdk defined in both files...
Merging uses-sdk with lower [androidx.documentfile:documentfile:1.0.0] AndroidManifest.xml:20:5-44
Merging library manifest C:\Users\saiku\.gradle\caches\8.13\transforms\9ad03b145bcdb5661d4fca5231a6f444\transformed\localbroadcastmanager-1.0.0\AndroidManifest.xml
Merging manifest with lower [androidx.localbroadcastmanager:localbroadcastmanager:1.0.0] AndroidManifest.xml:17:1-22:12
uses-sdk defined in both files...
Merging uses-sdk with lower [androidx.localbroadcastmanager:localbroadcastmanager:1.0.0] AndroidManifest.xml:20:5-44
Merging library manifest C:\Users\saiku\.gradle\caches\8.13\transforms\ad4deeb37991e2651bfd6827e09183ef\transformed\print-1.0.0\AndroidManifest.xml
Merging manifest with lower [androidx.print:print:1.0.0] AndroidManifest.xml:17:1-22:12
uses-sdk defined in both files...
Merging uses-sdk with lower [androidx.print:print:1.0.0] AndroidManifest.xml:20:5-44
Merging library manifest C:\Users\saiku\.gradle\caches\8.13\transforms\229dca155ee631d60ed9b307c5badae2\transformed\annotation-experimental-1.4.1\AndroidManifest.xml
Merging manifest with lower [androidx.annotation:annotation-experimental:1.4.1] AndroidManifest.xml:2:1-7:12
uses-sdk defined in both files...
Merging uses-sdk with lower [androidx.annotation:annotation-experimental:1.4.1] AndroidManifest.xml:5:5-44
Merging library manifest C:\Users\saiku\.gradle\caches\8.13\transforms\0ca276e6f2f8f5f47ef3b99dd5c7b944\transformed\core-viewtree-1.0.0\AndroidManifest.xml
Merging manifest with lower [androidx.core:core-viewtree:1.0.0] AndroidManifest.xml:2:1-7:12
uses-sdk defined in both files...
Merging uses-sdk with lower [androidx.core:core-viewtree:1.0.0] AndroidManifest.xml:5:5-44
Merging result: SUCCESS
1<?xml version="1.0" encoding="utf-8"?>
2<manifest xmlns:android="http://schemas.android.com/apk/res/android"
3    package="com.example.floatingwebview"
4    android:versionCode="1"
5    android:versionName="1.0" >
6
7    <uses-sdk
8        android:minSdkVersion="24"
9        android:targetSdkVersion="34" />
10
11    <uses-permission android:name="android.permission.SYSTEM_ALERT_WINDOW" />
11-->D:\Inter(Pragament)\android_kotlin_browser\app\src\main\AndroidManifest.xml:5:5-78
11-->D:\Inter(Pragament)\android_kotlin_browser\app\src\main\AndroidManifest.xml:5:22-75
12    <uses-permission android:name="android.permission.INTERNET" />
12-->D:\Inter(Pragament)\android_kotlin_browser\app\src\main\AndroidManifest.xml:6:5-67
12-->D:\Inter(Pragament)\android_kotlin_browser\app\src\main\AndroidManifest.xml:6:22-64
13    <uses-permission android:name="android.permission.FOREGROUND_SERVICE" />
13-->D:\Inter(Pragament)\android_kotlin_browser\app\src\main\AndroidManifest.xml:7:5-77
13-->D:\Inter(Pragament)\android_kotlin_browser\app\src\main\AndroidManifest.xml:7:22-74
14    <uses-permission android:name="android.permission.FOREGROUND_SERVICE_MEDIA_PLAYBACK" />
14-->D:\Inter(Pragament)\android_kotlin_browser\app\src\main\AndroidManifest.xml:8:5-92
14-->D:\Inter(Pragament)\android_kotlin_browser\app\src\main\AndroidManifest.xml:8:22-89
15
16    <queries>
16-->D:\Inter(Pragament)\android_kotlin_browser\app\src\main\AndroidManifest.xml:10:5-21:15
17        <intent>
17-->D:\Inter(Pragament)\android_kotlin_browser\app\src\main\AndroidManifest.xml:11:9-15:18
18            <action android:name="android.intent.action.VIEW" />
18-->D:\Inter(Pragament)\android_kotlin_browser\app\src\main\AndroidManifest.xml:12:13-65
18-->D:\Inter(Pragament)\android_kotlin_browser\app\src\main\AndroidManifest.xml:12:21-62
19
20            <data android:scheme="http" />
20-->D:\Inter(Pragament)\android_kotlin_browser\app\src\main\AndroidManifest.xml:14:13-43
20-->D:\Inter(Pragament)\android_kotlin_browser\app\src\main\AndroidManifest.xml:14:19-40
21        </intent>
22        <intent>
22-->D:\Inter(Pragament)\android_kotlin_browser\app\src\main\AndroidManifest.xml:16:9-20:18
23            <action android:name="android.intent.action.VIEW" />
23-->D:\Inter(Pragament)\android_kotlin_browser\app\src\main\AndroidManifest.xml:12:13-65
23-->D:\Inter(Pragament)\android_kotlin_browser\app\src\main\AndroidManifest.xml:12:21-62
24
25            <data android:scheme="https" />
25-->D:\Inter(Pragament)\android_kotlin_browser\app\src\main\AndroidManifest.xml:14:13-43
25-->D:\Inter(Pragament)\android_kotlin_browser\app\src\main\AndroidManifest.xml:14:19-40
26        </intent>
27    </queries>
28
29    <permission
29-->[androidx.core:core:1.16.0] C:\Users\saiku\.gradle\caches\8.13\transforms\e1f4c738c021b08d8a204f3a78e69f33\transformed\core-1.16.0\AndroidManifest.xml:22:5-24:47
30        android:name="com.example.floatingwebview.DYNAMIC_RECEIVER_NOT_EXPORTED_PERMISSION"
30-->[androidx.core:core:1.16.0] C:\Users\saiku\.gradle\caches\8.13\transforms\e1f4c738c021b08d8a204f3a78e69f33\transformed\core-1.16.0\AndroidManifest.xml:23:9-81
31        android:protectionLevel="signature" />
31-->[androidx.core:core:1.16.0] C:\Users\saiku\.gradle\caches\8.13\transforms\e1f4c738c021b08d8a204f3a78e69f33\transformed\core-1.16.0\AndroidManifest.xml:24:9-44
32
33    <uses-permission android:name="com.example.floatingwebview.DYNAMIC_RECEIVER_NOT_EXPORTED_PERMISSION" />
33-->[androidx.core:core:1.16.0] C:\Users\saiku\.gradle\caches\8.13\transforms\e1f4c738c021b08d8a204f3a78e69f33\transformed\core-1.16.0\AndroidManifest.xml:26:5-97
33-->[androidx.core:core:1.16.0] C:\Users\saiku\.gradle\caches\8.13\transforms\e1f4c738c021b08d8a204f3a78e69f33\transformed\core-1.16.0\AndroidManifest.xml:26:22-94
34
35    <application
35-->D:\Inter(Pragament)\android_kotlin_browser\app\src\main\AndroidManifest.xml:23:5-82:19
36        android:name="com.example.floatingwebview.YourApplication"
36-->D:\Inter(Pragament)\android_kotlin_browser\app\src\main\AndroidManifest.xml:24:9-40
37        android:allowBackup="true"
37-->D:\Inter(Pragament)\android_kotlin_browser\app\src\main\AndroidManifest.xml:25:9-35
38        android:appComponentFactory="androidx.core.app.CoreComponentFactory"
38-->[androidx.core:core:1.16.0] C:\Users\saiku\.gradle\caches\8.13\transforms\e1f4c738c021b08d8a204f3a78e69f33\transformed\core-1.16.0\AndroidManifest.xml:28:18-86
39        android:dataExtractionRules="@xml/data_extraction_rules"
39-->D:\Inter(Pragament)\android_kotlin_browser\app\src\main\AndroidManifest.xml:26:9-65
40        android:debuggable="true"
41        android:extractNativeLibs="false"
42        android:fullBackupContent="@xml/backup_rules"
42-->D:\Inter(Pragament)\android_kotlin_browser\app\src\main\AndroidManifest.xml:27:9-54
43        android:hardwareAccelerated="true"
43-->D:\Inter(Pragament)\android_kotlin_browser\app\src\main\AndroidManifest.xml:28:9-43
44        android:icon="@mipmap/ic_launcher"
44-->D:\Inter(Pragament)\android_kotlin_browser\app\src\main\AndroidManifest.xml:29:9-43
45        android:label="@string/app_name"
45-->D:\Inter(Pragament)\android_kotlin_browser\app\src\main\AndroidManifest.xml:30:9-41
46        android:requestLegacyExternalStorage="true"
46-->D:\Inter(Pragament)\android_kotlin_browser\app\src\main\AndroidManifest.xml:31:9-52
47        android:roundIcon="@mipmap/ic_launcher_round"
47-->D:\Inter(Pragament)\android_kotlin_browser\app\src\main\AndroidManifest.xml:32:9-54
48        android:supportsRtl="true"
48-->D:\Inter(Pragament)\android_kotlin_browser\app\src\main\AndroidManifest.xml:33:9-35
49        android:theme="@style/Theme.AppCompat.Light.NoActionBar" >
49-->D:\Inter(Pragament)\android_kotlin_browser\app\src\main\AndroidManifest.xml:34:9-65
50        <activity
50-->D:\Inter(Pragament)\android_kotlin_browser\app\src\main\AndroidManifest.xml:36:9-38:40
51            android:name="com.example.floatingwebview.settings.SettingsActivity"
51-->D:\Inter(Pragament)\android_kotlin_browser\app\src\main\AndroidManifest.xml:37:13-54
52            android:exported="false" />
52-->D:\Inter(Pragament)\android_kotlin_browser\app\src\main\AndroidManifest.xml:38:13-37
53        <activity android:name="com.example.floatingwebview.history.HistoryActivity" />
53-->D:\Inter(Pragament)\android_kotlin_browser\app\src\main\AndroidManifest.xml:39:9-61
53-->D:\Inter(Pragament)\android_kotlin_browser\app\src\main\AndroidManifest.xml:39:19-58
54        <activity
54-->D:\Inter(Pragament)\android_kotlin_browser\app\src\main\AndroidManifest.xml:40:9-42:38
55            android:name="com.example.floatingwebview.Simpleweb"
55-->D:\Inter(Pragament)\android_kotlin_browser\app\src\main\AndroidManifest.xml:41:13-38
56            android:exported="true" />
56-->D:\Inter(Pragament)\android_kotlin_browser\app\src\main\AndroidManifest.xml:42:13-36
57        <activity
57-->D:\Inter(Pragament)\android_kotlin_browser\app\src\main\AndroidManifest.xml:43:9-55:20
58            android:name="com.example.floatingwebview.LinkRouterActivity"
58-->D:\Inter(Pragament)\android_kotlin_browser\app\src\main\AndroidManifest.xml:44:13-47
59            android:exported="true" >
59-->D:\Inter(Pragament)\android_kotlin_browser\app\src\main\AndroidManifest.xml:45:13-36
60            <intent-filter>
60-->D:\Inter(Pragament)\android_kotlin_browser\app\src\main\AndroidManifest.xml:46:13-54:29
61                <action android:name="android.intent.action.VIEW" />
61-->D:\Inter(Pragament)\android_kotlin_browser\app\src\main\AndroidManifest.xml:12:13-65
61-->D:\Inter(Pragament)\android_kotlin_browser\app\src\main\AndroidManifest.xml:12:21-62
62
63                <category android:name="android.intent.category.DEFAULT" />
63-->D:\Inter(Pragament)\android_kotlin_browser\app\src\main\AndroidManifest.xml:49:17-76
63-->D:\Inter(Pragament)\android_kotlin_browser\app\src\main\AndroidManifest.xml:49:27-73
64                <category android:name="android.intent.category.BROWSABLE" />
64-->D:\Inter(Pragament)\android_kotlin_browser\app\src\main\AndroidManifest.xml:50:17-78
64-->D:\Inter(Pragament)\android_kotlin_browser\app\src\main\AndroidManifest.xml:50:27-75
65
66                <data android:scheme="http" />
66-->D:\Inter(Pragament)\android_kotlin_browser\app\src\main\AndroidManifest.xml:14:13-43
66-->D:\Inter(Pragament)\android_kotlin_browser\app\src\main\AndroidManifest.xml:14:19-40
67                <data android:scheme="https" />
67-->D:\Inter(Pragament)\android_kotlin_browser\app\src\main\AndroidManifest.xml:14:13-43
67-->D:\Inter(Pragament)\android_kotlin_browser\app\src\main\AndroidManifest.xml:14:19-40
68            </intent-filter>
69        </activity>
70        <activity
70-->D:\Inter(Pragament)\android_kotlin_browser\app\src\main\AndroidManifest.xml:56:9-66:20
71            android:name="com.example.floatingwebview.MainActivity"
71-->D:\Inter(Pragament)\android_kotlin_browser\app\src\main\AndroidManifest.xml:57:13-41
72            android:exported="true"
72-->D:\Inter(Pragament)\android_kotlin_browser\app\src\main\AndroidManifest.xml:58:13-36
73            android:label="@string/app_name"
73-->D:\Inter(Pragament)\android_kotlin_browser\app\src\main\AndroidManifest.xml:59:13-45
74            android:theme="@style/Theme.FloatingWebView" >
74-->D:\Inter(Pragament)\android_kotlin_browser\app\src\main\AndroidManifest.xml:60:13-57
75            <intent-filter>
75-->D:\Inter(Pragament)\android_kotlin_browser\app\src\main\AndroidManifest.xml:61:13-65:29
76                <action android:name="android.intent.action.MAIN" />
76-->D:\Inter(Pragament)\android_kotlin_browser\app\src\main\AndroidManifest.xml:62:17-69
76-->D:\Inter(Pragament)\android_kotlin_browser\app\src\main\AndroidManifest.xml:62:25-66
77
78                <category android:name="android.intent.category.LAUNCHER" />
78-->D:\Inter(Pragament)\android_kotlin_browser\app\src\main\AndroidManifest.xml:64:17-77
78-->D:\Inter(Pragament)\android_kotlin_browser\app\src\main\AndroidManifest.xml:64:27-74
79            </intent-filter>
80        </activity>
81
82        <service
82-->D:\Inter(Pragament)\android_kotlin_browser\app\src\main\AndroidManifest.xml:68:9-72:61
83            android:name="com.example.floatingwebview.FloatingWebViewService"
83-->D:\Inter(Pragament)\android_kotlin_browser\app\src\main\AndroidManifest.xml:69:13-51
84            android:enabled="true"
84-->D:\Inter(Pragament)\android_kotlin_browser\app\src\main\AndroidManifest.xml:70:13-35
85            android:exported="false"
85-->D:\Inter(Pragament)\android_kotlin_browser\app\src\main\AndroidManifest.xml:71:13-37
86            android:foregroundServiceType="mediaPlayback" />
86-->D:\Inter(Pragament)\android_kotlin_browser\app\src\main\AndroidManifest.xml:72:13-58
87
88        <activity
88-->D:\Inter(Pragament)\android_kotlin_browser\app\src\main\AndroidManifest.xml:74:9-81:50
89            android:name="com.example.floatingwebview.FloatingWebActivity"
89-->D:\Inter(Pragament)\android_kotlin_browser\app\src\main\AndroidManifest.xml:75:13-48
90            android:excludeFromRecents="true"
90-->D:\Inter(Pragament)\android_kotlin_browser\app\src\main\AndroidManifest.xml:76:13-46
91            android:launchMode="singleTask"
91-->D:\Inter(Pragament)\android_kotlin_browser\app\src\main\AndroidManifest.xml:77:13-44
92            android:resizeableActivity="true"
92-->D:\Inter(Pragament)\android_kotlin_browser\app\src\main\AndroidManifest.xml:78:13-46
93            android:taskAffinity=""
93-->D:\Inter(Pragament)\android_kotlin_browser\app\src\main\AndroidManifest.xml:79:13-36
94            android:theme="@style/FloatingActivityTheme"
94-->D:\Inter(Pragament)\android_kotlin_browser\app\src\main\AndroidManifest.xml:80:13-57
95            android:windowIsTranslucent="true" />
95-->D:\Inter(Pragament)\android_kotlin_browser\app\src\main\AndroidManifest.xml:81:13-47
96        <activity
96-->[androidx.compose.ui:ui-tooling-android:1.6.6] C:\Users\saiku\.gradle\caches\8.13\transforms\0a27ea8bb81a8eb6421f1c08b2f12f85\transformed\ui-tooling-release\AndroidManifest.xml:23:9-25:39
97            android:name="androidx.compose.ui.tooling.PreviewActivity"
97-->[androidx.compose.ui:ui-tooling-android:1.6.6] C:\Users\saiku\.gradle\caches\8.13\transforms\0a27ea8bb81a8eb6421f1c08b2f12f85\transformed\ui-tooling-release\AndroidManifest.xml:24:13-71
98            android:exported="true" />
98-->[androidx.compose.ui:ui-tooling-android:1.6.6] C:\Users\saiku\.gradle\caches\8.13\transforms\0a27ea8bb81a8eb6421f1c08b2f12f85\transformed\ui-tooling-release\AndroidManifest.xml:25:13-36
99        <activity
99-->[androidx.compose.ui:ui-test-manifest:1.6.6] C:\Users\saiku\.gradle\caches\8.13\transforms\af87eebdadb28675125aeb9554279a94\transformed\ui-test-manifest-1.6.6\AndroidManifest.xml:23:9-25:39
100            android:name="androidx.activity.ComponentActivity"
100-->[androidx.compose.ui:ui-test-manifest:1.6.6] C:\Users\saiku\.gradle\caches\8.13\transforms\af87eebdadb28675125aeb9554279a94\transformed\ui-test-manifest-1.6.6\AndroidManifest.xml:24:13-63
101            android:exported="true" />
101-->[androidx.compose.ui:ui-test-manifest:1.6.6] C:\Users\saiku\.gradle\caches\8.13\transforms\af87eebdadb28675125aeb9554279a94\transformed\ui-test-manifest-1.6.6\AndroidManifest.xml:25:13-36
102
103        <provider
103-->[androidx.emoji2:emoji2:1.3.0] C:\Users\saiku\.gradle\caches\8.13\transforms\5251fe4a656af3f54826fa6cbb8661f8\transformed\emoji2-1.3.0\AndroidManifest.xml:24:9-32:20
104            android:name="androidx.startup.InitializationProvider"
104-->[androidx.emoji2:emoji2:1.3.0] C:\Users\saiku\.gradle\caches\8.13\transforms\5251fe4a656af3f54826fa6cbb8661f8\transformed\emoji2-1.3.0\AndroidManifest.xml:25:13-67
105            android:authorities="com.example.floatingwebview.androidx-startup"
105-->[androidx.emoji2:emoji2:1.3.0] C:\Users\saiku\.gradle\caches\8.13\transforms\5251fe4a656af3f54826fa6cbb8661f8\transformed\emoji2-1.3.0\AndroidManifest.xml:26:13-68
106            android:exported="false" >
106-->[androidx.emoji2:emoji2:1.3.0] C:\Users\saiku\.gradle\caches\8.13\transforms\5251fe4a656af3f54826fa6cbb8661f8\transformed\emoji2-1.3.0\AndroidManifest.xml:27:13-37
107            <meta-data
107-->[androidx.emoji2:emoji2:1.3.0] C:\Users\saiku\.gradle\caches\8.13\transforms\5251fe4a656af3f54826fa6cbb8661f8\transformed\emoji2-1.3.0\AndroidManifest.xml:29:13-31:52
108                android:name="androidx.emoji2.text.EmojiCompatInitializer"
108-->[androidx.emoji2:emoji2:1.3.0] C:\Users\saiku\.gradle\caches\8.13\transforms\5251fe4a656af3f54826fa6cbb8661f8\transformed\emoji2-1.3.0\AndroidManifest.xml:30:17-75
109                android:value="androidx.startup" />
109-->[androidx.emoji2:emoji2:1.3.0] C:\Users\saiku\.gradle\caches\8.13\transforms\5251fe4a656af3f54826fa6cbb8661f8\transformed\emoji2-1.3.0\AndroidManifest.xml:31:17-49
110            <meta-data
110-->[androidx.lifecycle:lifecycle-process:2.8.6] C:\Users\saiku\.gradle\caches\8.13\transforms\cf70eb4879a094cfdae37c7827f69f57\transformed\lifecycle-process-2.8.6\AndroidManifest.xml:29:13-31:52
111                android:name="androidx.lifecycle.ProcessLifecycleInitializer"
111-->[androidx.lifecycle:lifecycle-process:2.8.6] C:\Users\saiku\.gradle\caches\8.13\transforms\cf70eb4879a094cfdae37c7827f69f57\transformed\lifecycle-process-2.8.6\AndroidManifest.xml:30:17-78
112                android:value="androidx.startup" />
112-->[androidx.lifecycle:lifecycle-process:2.8.6] C:\Users\saiku\.gradle\caches\8.13\transforms\cf70eb4879a094cfdae37c7827f69f57\transformed\lifecycle-process-2.8.6\AndroidManifest.xml:31:17-49
113            <meta-data
113-->[androidx.profileinstaller:profileinstaller:1.4.0] C:\Users\saiku\.gradle\caches\8.13\transforms\f4d499c95e96e84ea9d17696b2296d15\transformed\profileinstaller-1.4.0\AndroidManifest.xml:29:13-31:52
114                android:name="androidx.profileinstaller.ProfileInstallerInitializer"
114-->[androidx.profileinstaller:profileinstaller:1.4.0] C:\Users\saiku\.gradle\caches\8.13\transforms\f4d499c95e96e84ea9d17696b2296d15\transformed\profileinstaller-1.4.0\AndroidManifest.xml:30:17-85
115                android:value="androidx.startup" />
115-->[androidx.profileinstaller:profileinstaller:1.4.0] C:\Users\saiku\.gradle\caches\8.13\transforms\f4d499c95e96e84ea9d17696b2296d15\transformed\profileinstaller-1.4.0\AndroidManifest.xml:31:17-49
116        </provider>
117
118        <service
118-->[androidx.room:room-runtime:2.6.1] C:\Users\saiku\.gradle\caches\8.13\transforms\209a71abf885b052c79d255df670f6db\transformed\room-runtime-2.6.1\AndroidManifest.xml:24:9-28:63
119            android:name="androidx.room.MultiInstanceInvalidationService"
119-->[androidx.room:room-runtime:2.6.1] C:\Users\saiku\.gradle\caches\8.13\transforms\209a71abf885b052c79d255df670f6db\transformed\room-runtime-2.6.1\AndroidManifest.xml:25:13-74
120            android:directBootAware="true"
120-->[androidx.room:room-runtime:2.6.1] C:\Users\saiku\.gradle\caches\8.13\transforms\209a71abf885b052c79d255df670f6db\transformed\room-runtime-2.6.1\AndroidManifest.xml:26:13-43
121            android:exported="false" />
121-->[androidx.room:room-runtime:2.6.1] C:\Users\saiku\.gradle\caches\8.13\transforms\209a71abf885b052c79d255df670f6db\transformed\room-runtime-2.6.1\AndroidManifest.xml:27:13-37
122
123        <receiver
123-->[androidx.profileinstaller:profileinstaller:1.4.0] C:\Users\saiku\.gradle\caches\8.13\transforms\f4d499c95e96e84ea9d17696b2296d15\transformed\profileinstaller-1.4.0\AndroidManifest.xml:34:9-52:20
124            android:name="androidx.profileinstaller.ProfileInstallReceiver"
124-->[androidx.profileinstaller:profileinstaller:1.4.0] C:\Users\saiku\.gradle\caches\8.13\transforms\f4d499c95e96e84ea9d17696b2296d15\transformed\profileinstaller-1.4.0\AndroidManifest.xml:35:13-76
125            android:directBootAware="false"
125-->[androidx.profileinstaller:profileinstaller:1.4.0] C:\Users\saiku\.gradle\caches\8.13\transforms\f4d499c95e96e84ea9d17696b2296d15\transformed\profileinstaller-1.4.0\AndroidManifest.xml:36:13-44
126            android:enabled="true"
126-->[androidx.profileinstaller:profileinstaller:1.4.0] C:\Users\saiku\.gradle\caches\8.13\transforms\f4d499c95e96e84ea9d17696b2296d15\transformed\profileinstaller-1.4.0\AndroidManifest.xml:37:13-35
127            android:exported="true"
127-->[androidx.profileinstaller:profileinstaller:1.4.0] C:\Users\saiku\.gradle\caches\8.13\transforms\f4d499c95e96e84ea9d17696b2296d15\transformed\profileinstaller-1.4.0\AndroidManifest.xml:38:13-36
128            android:permission="android.permission.DUMP" >
128-->[androidx.profileinstaller:profileinstaller:1.4.0] C:\Users\saiku\.gradle\caches\8.13\transforms\f4d499c95e96e84ea9d17696b2296d15\transformed\profileinstaller-1.4.0\AndroidManifest.xml:39:13-57
129            <intent-filter>
129-->[androidx.profileinstaller:profileinstaller:1.4.0] C:\Users\saiku\.gradle\caches\8.13\transforms\f4d499c95e96e84ea9d17696b2296d15\transformed\profileinstaller-1.4.0\AndroidManifest.xml:40:13-42:29
130                <action android:name="androidx.profileinstaller.action.INSTALL_PROFILE" />
130-->[androidx.profileinstaller:profileinstaller:1.4.0] C:\Users\saiku\.gradle\caches\8.13\transforms\f4d499c95e96e84ea9d17696b2296d15\transformed\profileinstaller-1.4.0\AndroidManifest.xml:41:17-91
130-->[androidx.profileinstaller:profileinstaller:1.4.0] C:\Users\saiku\.gradle\caches\8.13\transforms\f4d499c95e96e84ea9d17696b2296d15\transformed\profileinstaller-1.4.0\AndroidManifest.xml:41:25-88
131            </intent-filter>
132            <intent-filter>
132-->[androidx.profileinstaller:profileinstaller:1.4.0] C:\Users\saiku\.gradle\caches\8.13\transforms\f4d499c95e96e84ea9d17696b2296d15\transformed\profileinstaller-1.4.0\AndroidManifest.xml:43:13-45:29
133                <action android:name="androidx.profileinstaller.action.SKIP_FILE" />
133-->[androidx.profileinstaller:profileinstaller:1.4.0] C:\Users\saiku\.gradle\caches\8.13\transforms\f4d499c95e96e84ea9d17696b2296d15\transformed\profileinstaller-1.4.0\AndroidManifest.xml:44:17-85
133-->[androidx.profileinstaller:profileinstaller:1.4.0] C:\Users\saiku\.gradle\caches\8.13\transforms\f4d499c95e96e84ea9d17696b2296d15\transformed\profileinstaller-1.4.0\AndroidManifest.xml:44:25-82
134            </intent-filter>
135            <intent-filter>
135-->[androidx.profileinstaller:profileinstaller:1.4.0] C:\Users\saiku\.gradle\caches\8.13\transforms\f4d499c95e96e84ea9d17696b2296d15\transformed\profileinstaller-1.4.0\AndroidManifest.xml:46:13-48:29
136                <action android:name="androidx.profileinstaller.action.SAVE_PROFILE" />
136-->[androidx.profileinstaller:profileinstaller:1.4.0] C:\Users\saiku\.gradle\caches\8.13\transforms\f4d499c95e96e84ea9d17696b2296d15\transformed\profileinstaller-1.4.0\AndroidManifest.xml:47:17-88
136-->[androidx.profileinstaller:profileinstaller:1.4.0] C:\Users\saiku\.gradle\caches\8.13\transforms\f4d499c95e96e84ea9d17696b2296d15\transformed\profileinstaller-1.4.0\AndroidManifest.xml:47:25-85
137            </intent-filter>
138            <intent-filter>
138-->[androidx.profileinstaller:profileinstaller:1.4.0] C:\Users\saiku\.gradle\caches\8.13\transforms\f4d499c95e96e84ea9d17696b2296d15\transformed\profileinstaller-1.4.0\AndroidManifest.xml:49:13-51:29
139                <action android:name="androidx.profileinstaller.action.BENCHMARK_OPERATION" />
139-->[androidx.profileinstaller:profileinstaller:1.4.0] C:\Users\saiku\.gradle\caches\8.13\transforms\f4d499c95e96e84ea9d17696b2296d15\transformed\profileinstaller-1.4.0\AndroidManifest.xml:50:17-95
139-->[androidx.profileinstaller:profileinstaller:1.4.0] C:\Users\saiku\.gradle\caches\8.13\transforms\f4d499c95e96e84ea9d17696b2296d15\transformed\profileinstaller-1.4.0\AndroidManifest.xml:50:25-92
140            </intent-filter>
141        </receiver>
142    </application>
143
144</manifest>

Merged manifest saved to D:\Inter(Pragament)\android_kotlin_browser\app\build\intermediates\merged_manifest\debug\processDebugMainManifest\AndroidManifest.xml
Resolve mutations for :app:dataBindingGenBaseClassesDebug (Thread[Execution worker Thread 10,5,main]) started.
:app:dataBindingGenBaseClassesDebug (Thread[Execution worker Thread 10,5,main]) started.

> Task :app:dataBindingGenBaseClassesDebug
Caching disabled for task ':app:dataBindingGenBaseClassesDebug' because:
  Build cache is disabled
Task ':app:dataBindingGenBaseClassesDebug' is not up-to-date because:
  Output property 'classInfoBundleDir' file D:\Inter(Pragament)\android_kotlin_browser\app\build\intermediates\data_binding_base_class_log_artifact\debug\dataBindingGenBaseClassesDebug\out has been removed.
  Output property 'classInfoBundleDir' file D:\Inter(Pragament)\android_kotlin_browser\app\build\intermediates\data_binding_base_class_log_artifact\debug\dataBindingGenBaseClassesDebug\out\com.example.floatingwebview-binding_classes.json has been removed.
  Output property 'logOutFolder' file D:\Inter(Pragament)\android_kotlin_browser\app\build\intermediates\incremental\dataBindingGenBaseClassesDebug has been removed.
  and more...
The input changes require a full rebuild for incremental task ':app:dataBindingGenBaseClassesDebug'.
Resolve mutations for :app:processDebugManifest (Thread[Execution worker Thread 10,5,main]) started.
:app:processDebugManifest (Thread[Execution worker Thread 10,5,main]) started.

> Task :app:processDebugManifest
Caching disabled for task ':app:processDebugManifest' because:
  Build cache is disabled
Task ':app:processDebugManifest' is not up-to-date because:
  Output property 'multiApkManifestOutputDirectory' file D:\Inter(Pragament)\android_kotlin_browser\app\build\intermediates\merged_manifests\debug\processDebugManifest has been removed.
  Output property 'multiApkManifestOutputDirectory' file D:\Inter(Pragament)\android_kotlin_browser\app\build\intermediates\merged_manifests\debug\processDebugManifest\AndroidManifest.xml has been removed.
  Output property 'multiApkManifestOutputDirectory' file D:\Inter(Pragament)\android_kotlin_browser\app\build\intermediates\merged_manifests\debug\processDebugManifest\output-metadata.json has been removed.
Resolve mutations for :app:processDebugManifestForPackage (Thread[Execution worker Thread 10,5,main]) started.
:app:processDebugManifestForPackage (Thread[Execution worker Thread 2,5,main]) started.
Resolve mutations for :app:javaPreCompileDebug (Thread[Execution worker Thread 10,5,main]) started.
:app:javaPreCompileDebug (Thread[Execution worker Thread 10,5,main]) started.
Resolve mutations for :app:mergeDebugShaders (Thread[Execution worker Thread 3,5,main]) started.
:app:mergeDebugShaders (Thread[Execution worker Thread 3,5,main]) started.

> Task :app:mergeDebugShaders
Caching disabled for task ':app:mergeDebugShaders' because:
  Build cache is disabled
  Simple merging task
Task ':app:mergeDebugShaders' is not up-to-date because:
  Output property 'outputDir' file D:\Inter(Pragament)\android_kotlin_browser\app\build\intermediates\merged_shaders\debug\mergeDebugShaders\out has been removed.
The input changes require a full rebuild for incremental task ':app:mergeDebugShaders'.
Resolve mutations for :app:compileDebugShaders (Thread[Execution worker Thread 3,5,main]) started.
:app:compileDebugShaders (Thread[Execution worker Thread 3,5,main]) started.

> Task :app:compileDebugShaders NO-SOURCE
Skipping task ':app:compileDebugShaders' as it has no source files and no previous output files.
Resolve mutations for :app:generateDebugAssets (Thread[Execution worker Thread 3,5,main]) started.
:app:generateDebugAssets (Thread[Execution worker Thread 3,5,main]) started.

> Task :app:generateDebugAssets UP-TO-DATE
Skipping task ':app:generateDebugAssets' as it has no actions.
Resolve mutations for :app:mergeDebugAssets (Thread[Execution worker Thread 3,5,main]) started.
:app:mergeDebugAssets (Thread[Execution worker Thread 8,5,main]) started.

> Task :app:javaPreCompileDebug
Caching disabled for task ':app:javaPreCompileDebug' because:
  Build cache is disabled
Task ':app:javaPreCompileDebug' is not up-to-date because:
  Output property 'annotationProcessorListFile' file D:\Inter(Pragament)\android_kotlin_browser\app\build\intermediates\annotation_processor_list\debug\javaPreCompileDebug\annotationProcessors.json has been removed.

> Task :app:mergeDebugAssets
Caching disabled for task ':app:mergeDebugAssets' because:
  Build cache is disabled
  Simple merging task
Task ':app:mergeDebugAssets' is not up-to-date because:
  Output property 'outputDir' file D:\Inter(Pragament)\android_kotlin_browser\app\build\intermediates\assets\debug\mergeDebugAssets has been removed.
The input changes require a full rebuild for incremental task ':app:mergeDebugAssets'.
Resolve mutations for :app:compressDebugAssets (Thread[Execution worker Thread 8,5,main]) started.
:app:compressDebugAssets (Thread[Execution worker Thread 8,5,main]) started.

> Task :app:compressDebugAssets
Caching disabled for task ':app:compressDebugAssets' because:
  Build cache is disabled
Task ':app:compressDebugAssets' is not up-to-date because:
  Output property 'outputDir' file D:\Inter(Pragament)\android_kotlin_browser\app\build\intermediates\compressed_assets\debug\compressDebugAssets\out has been removed.
The input changes require a full rebuild for incremental task ':app:compressDebugAssets'.
Resolve mutations for :app:checkDebugDuplicateClasses (Thread[Execution worker Thread 8,5,main]) started.
:app:checkDebugDuplicateClasses (Thread[Execution worker Thread 8,5,main]) started.
Resolve mutations for :app:desugarDebugFileDependencies (Thread[Execution worker Thread 3,5,main]) started.
:app:desugarDebugFileDependencies (Thread[Execution worker Thread 3,5,main]) started.

> Task :app:desugarDebugFileDependencies
Caching disabled for task ':app:desugarDebugFileDependencies' because:
  Build cache is disabled
Task ':app:desugarDebugFileDependencies' is not up-to-date because:
  Output property 'outputDirectory' file D:\Inter(Pragament)\android_kotlin_browser\app\build\intermediates\external_file_lib_dex_archives\debug\desugarDebugFileDependencies has been removed.
Resolve mutations for :app:mergeDebugJniLibFolders (Thread[Execution worker Thread 3,5,main]) started.
:app:mergeDebugJniLibFolders (Thread[Execution worker Thread 3,5,main]) started.

> Task :app:mergeDebugJniLibFolders
Caching disabled for task ':app:mergeDebugJniLibFolders' because:
  Build cache is disabled
  Simple merging task
Task ':app:mergeDebugJniLibFolders' is not up-to-date because:
  Output property 'outputDir' file D:\Inter(Pragament)\android_kotlin_browser\app\build\intermediates\merged_jni_libs\debug\mergeDebugJniLibFolders\out has been removed.
The input changes require a full rebuild for incremental task ':app:mergeDebugJniLibFolders'.
Resolve mutations for :app:mergeDebugNativeLibs (Thread[Execution worker Thread 3,5,main]) started.
:app:mergeDebugNativeLibs (Thread[Execution worker Thread 3,5,main]) started.

> Task :app:mergeDebugNativeLibs NO-SOURCE
Skipping task ':app:mergeDebugNativeLibs' as it has no source files and no previous output files.
Resolve mutations for :app:stripDebugDebugSymbols (Thread[Execution worker Thread 3,5,main]) started.
:app:stripDebugDebugSymbols (Thread[Execution worker Thread 3,5,main]) started.

> Task :app:stripDebugDebugSymbols NO-SOURCE
Skipping task ':app:stripDebugDebugSymbols' as it has no source files and no previous output files.
Resolve mutations for :app:validateSigningDebug (Thread[Execution worker Thread 3,5,main]) started.
:app:validateSigningDebug (Thread[Execution worker Thread 3,5,main]) started.

> Task :app:validateSigningDebug
Caching disabled for task ':app:validateSigningDebug' because:
  Build cache is disabled
  Caching has been disabled for the task
Task ':app:validateSigningDebug' is not up-to-date because:
  Output property 'dummyOutputDirectory' file D:\Inter(Pragament)\android_kotlin_browser\app\build\intermediates\validate_signing_config\debug\validateSigningDebug has been removed.
Resolve mutations for :app:writeDebugAppMetadata (Thread[Execution worker Thread 3,5,main]) started.
:app:writeDebugAppMetadata (Thread[Execution worker Thread 3,5,main]) started.

> Task :app:checkDebugDuplicateClasses
Caching disabled for task ':app:checkDebugDuplicateClasses' because:
  Build cache is disabled
  Caching has been disabled for the task
Task ':app:checkDebugDuplicateClasses' is not up-to-date because:
  Output property 'dummyOutputDirectory' file D:\Inter(Pragament)\android_kotlin_browser\app\build\intermediates\duplicate_classes_check\debug\checkDebugDuplicateClasses has been removed.

> Task :app:writeDebugAppMetadata
Caching disabled for task ':app:writeDebugAppMetadata' because:
  Build cache is disabled
  Caching has been disabled for the task
Task ':app:writeDebugAppMetadata' is not up-to-date because:
  Output property 'outputFile' file D:\Inter(Pragament)\android_kotlin_browser\app\build\intermediates\app_metadata\debug\writeDebugAppMetadata\app-metadata.properties has been removed.
Resolve mutations for :app:mergeExtDexDebug (Thread[Execution worker Thread 3,5,main]) started.
:app:mergeExtDexDebug (Thread[Execution worker Thread 3,5,main]) started.

> Task :app:processDebugManifestForPackage
Custom actions are attached to task ':app:processDebugManifestForPackage'.
Caching disabled for task ':app:processDebugManifestForPackage' because:
  Build cache is disabled
Task ':app:processDebugManifestForPackage' is not up-to-date because:
  Output property 'packageManifests' file D:\Inter(Pragament)\android_kotlin_browser\app\build\intermediates\packaged_manifests\debug\processDebugManifestForPackage has been removed.
  Output property 'packageManifests' file D:\Inter(Pragament)\android_kotlin_browser\app\build\intermediates\packaged_manifests\debug\processDebugManifestForPackage\AndroidManifest.xml has been removed.
  Output property 'packageManifests' file D:\Inter(Pragament)\android_kotlin_browser\app\build\intermediates\packaged_manifests\debug\processDebugManifestForPackage\output-metadata.json has been removed.

Resolve mutations for :app:mergeLibDexDebug (Thread[Execution worker Thread 4,5,main]) started.
:app:mergeLibDexDebug (Thread[Execution worker Thread 4,5,main]) started.
Resolve mutations for :app:processDebugResources (Thread[Execution worker Thread 6,5,main]) started.
:app:processDebugResources (Thread[Execution worker Thread 6,5,main]) started.

> Task :app:mergeLibDexDebug
Caching disabled for task ':app:mergeLibDexDebug' because:
  Build cache is disabled
Task ':app:mergeLibDexDebug' is not up-to-date because:
  Output property 'outputDir' file D:\Inter(Pragament)\android_kotlin_browser\app\build\intermediates\dex\debug\mergeLibDexDebug has been removed.
  Output property 'outputDir' file D:\Inter(Pragament)\android_kotlin_browser\app\build\intermediates\dex\debug\mergeLibDexDebug\0 has been removed.
  Output property 'outputDir' file D:\Inter(Pragament)\android_kotlin_browser\app\build\intermediates\dex\debug\mergeLibDexDebug\1 has been removed.
  and more...
The input changes require a full rebuild for incremental task ':app:mergeLibDexDebug'.
Resolve mutations for :app:writeDebugSigningConfigVersions (Thread[Execution worker Thread 4,5,main]) started.
:app:writeDebugSigningConfigVersions (Thread[Execution worker Thread 4,5,main]) started.

> Task :app:writeDebugSigningConfigVersions
Caching disabled for task ':app:writeDebugSigningConfigVersions' because:
  Build cache is disabled
  Caching has been disabled for the task
Task ':app:writeDebugSigningConfigVersions' is not up-to-date because:
  Output property 'outputFile' file D:\Inter(Pragament)\android_kotlin_browser\app\build\intermediates\signing_config_versions\debug\writeDebugSigningConfigVersions\signing-config-versions.json has been removed.

> Task :app:mergeExtDexDebug
Caching disabled for task ':app:mergeExtDexDebug' because:
  Build cache is disabled
Task ':app:mergeExtDexDebug' is not up-to-date because:
  Output property 'outputDir' file D:\Inter(Pragament)\android_kotlin_browser\app\build\intermediates\dex\debug\mergeExtDexDebug has been removed.
  Output property 'outputDir' file D:\Inter(Pragament)\android_kotlin_browser\app\build\intermediates\dex\debug\mergeExtDexDebug\classes.dex has been removed.
  Output property 'outputDir' file D:\Inter(Pragament)\android_kotlin_browser\app\build\intermediates\dex\debug\mergeExtDexDebug\classes2.dex has been removed.
The input changes require a full rebuild for incremental task ':app:mergeExtDexDebug'.
Merging to 'D:\Inter(Pragament)\android_kotlin_browser\app\build\intermediates\dex\debug\mergeExtDexDebug' with D8 from all or a subset of dex files in C:\Users\saiku\.gradle\caches\8.13\transforms\8ac64beb64a401c31d5ea2b2df3be1fa\transformed\viewbinding-8.13.2-runtime, C:\Users\saiku\.gradle\caches\8.13\transforms\d3154fed3b50e66bb078b0a4a6482279\transformed\material-1.12.0-runtime, C:\Users\saiku\.gradle\caches\8.13\transforms\7184fba1da67ecb9fdaf2e91f49319d7\transformed\constraintlayout-2.2.1-runtime, C:\Users\saiku\.gradle\caches\8.13\transforms\f887d661df2f2eba085e90f16fcf8f8f\transformed\appcompat-resources-1.7.0-runtime, C:\Users\saiku\.gradle\caches\8.13\transforms\aa6d488374970f7cf8e171c80b47b76c\transformed\appcompat-1.7.0-runtime, C:\Users\saiku\.gradle\caches\8.13\transforms\ef24da51f238e95bb9d8ba41f8d27801\transformed\glide-4.16.0-runtime, C:\Users\saiku\.gradle\caches\8.13\transforms\9f9e1bd21475ccac174a93bb1fead9dc\transformed\recyclerview-1.4.0-runtime, C:\Users\saiku\.gradle\caches\8.13\transforms\f7dbda9996d476ebea8cda68034f1ef2\transformed\viewpager2-1.1.0-beta02-runtime, C:\Users\saiku\.gradle\caches\8.13\transforms\d7748392db9da03be521f165559afcb8\transformed\fragment-1.5.4-runtime, C:\Users\saiku\.gradle\caches\8.13\transforms\6461df9f1d6d1c5dc9c785618d2f256e\transformed\material3-release-runtime, C:\Users\saiku\.gradle\caches\8.13\transforms\7794c4a5247a7d02425c73553a7db000\transformed\material-release-runtime, C:\Users\saiku\.gradle\caches\8.13\transforms\320942f0d286429c2886f44644e2b689\transformed\material-icons-core-release-runtime, C:\Users\saiku\.gradle\caches\8.13\transforms\b638f7ef8fa9ecd61ed24317804c70b5\transformed\material-ripple-release-runtime, C:\Users\saiku\.gradle\caches\8.13\transforms\1ee6442e2a58a3c3657725eb2d0e8437\transformed\foundation-release-runtime, C:\Users\saiku\.gradle\caches\8.13\transforms\ed8b848d910239668a6ee515499f6bed\transformed\animation-release-runtime, C:\Users\saiku\.gradle\caches\8.13\transforms\ced206ec4c644781de0a8002514d6a18\transformed\foundation-layout-release-runtime, C:\Users\saiku\.gradle\caches\8.13\transforms\cf82eaa6ae49b8b2ea0551edbc89efad\transformed\animation-core-release-runtime, C:\Users\saiku\.gradle\caches\8.13\transforms\e0d0a7749b2ec10417bc3991f5ea9bf1\transformed\ui-tooling-data-release-runtime, C:\Users\saiku\.gradle\caches\8.13\transforms\dbebe54ed6cdfcbbff60a7d64010fb3f\transformed\ui-unit-release-runtime, C:\Users\saiku\.gradle\caches\8.13\transforms\023a9c480f901f865a18862fcbe12fdc\transformed\ui-geometry-release-runtime, C:\Users\saiku\.gradle\caches\8.13\transforms\c6ca1870835e984aa799646b57bd11e5\transformed\ui-util-release-runtime, C:\Users\saiku\.gradle\caches\8.13\transforms\5c4b7ee55e1c82fbe95669e3c0fb0c25\transformed\ui-text-release-runtime, C:\Users\saiku\.gradle\caches\8.13\transforms\d0fbd3761370822982cea42c24082905\transformed\ui-tooling-preview-release-runtime, C:\Users\saiku\.gradle\caches\8.13\transforms\24a7f860ee379f20af6c0bb86cb614a9\transformed\ui-tooling-release-runtime, C:\Users\saiku\.gradle\caches\8.13\transforms\9032614f1680e7cfc913e250c935ff45\transformed\ui-graphics-release-runtime, C:\Users\saiku\.gradle\caches\8.13\transforms\86fb050ea5f23811278bbd2209854da5\transformed\ui-release-runtime, C:\Users\saiku\.gradle\caches\8.13\transforms\c1ef70f82d2253aab30a21b398b81c9e\transformed\activity-1.10.1-runtime, C:\Users\saiku\.gradle\caches\8.13\transforms\c5465d443187e320724a218f3178c1e5\transformed\activity-compose-1.10.1-runtime, C:\Users\saiku\.gradle\caches\8.13\transforms\e4c62c6a6326f5d7342c459820960fd6\transformed\emoji2-views-helper-1.3.0-runtime, C:\Users\saiku\.gradle\caches\8.13\transforms\c0561f5beec047f067a240325b89f1e1\transformed\emoji2-1.3.0-runtime, C:\Users\saiku\.gradle\caches\8.13\transforms\1754a219dc37c0ed712180f2c4eff63e\transformed\drawerlayout-1.1.1-runtime, C:\Users\saiku\.gradle\caches\8.13\transforms\9e9855e0e6884c931bbbb738e40ba570\transformed\coordinatorlayout-1.1.0-runtime, C:\Users\saiku\.gradle\caches\8.13\transforms\5c787641dca29ec45176b4d2f23c2d61\transformed\transition-1.5.0-runtime, C:\Users\saiku\.gradle\caches\8.13\transforms\466301ae9e8aba52db67e4a3e6bdbf2a\transformed\dynamicanimation-1.0.0-runtime, C:\Users\saiku\.gradle\caches\8.13\transforms\6dd4b69a3ae9b1556dc5dd7640671127\transformed\vectordrawable-animated-1.1.0-runtime, C:\Users\saiku\.gradle\caches\8.13\transforms\f0b8128c0ab7c90f1f685b93999269d9\transformed\vectordrawable-1.1.0-runtime, C:\Users\saiku\.gradle\caches\8.13\transforms\9b87a537bf3c2bca0420d1e6d6f6bf20\transformed\legacy-support-core-utils-1.0.0-runtime, C:\Users\saiku\.gradle\caches\8.13\transforms\45e47deb7acaea006080695543ae927b\transformed\loader-1.0.0-runtime, C:\Users\saiku\.gradle\caches\8.13\transforms\8b34c6492f7b845a2e3d4cc8c8185e20\transformed\viewpager-1.0.0-runtime, C:\Users\saiku\.gradle\caches\8.13\transforms\1ad5ba4fae5a9b44d6f966e6b102c720\transformed\customview-1.1.0-runtime, C:\Users\saiku\.gradle\caches\8.13\transforms\5faf255a3bc577be9340520ab5ff362f\transformed\autofill-1.0.0-runtime, C:\Users\saiku\.gradle\caches\8.13\transforms\d377eb1448125095a3fe7b3960679e72\transformed\core-1.16.0-runtime, C:\Users\saiku\.gradle\caches\8.13\transforms\9039a23833c9ddf5e0680139898049e7\transformed\customview-poolingcontainer-1.0.0-runtime, C:\Users\saiku\.gradle\caches\8.13\transforms\2561753f1c3c3e5758ed9c14b9b63d5c\transformed\savedstate-ktx-1.2.1-runtime, C:\Users\saiku\.gradle\caches\8.13\transforms\750f817261e5554d002f362e77ad3697\transformed\savedstate-1.2.1-runtime, C:\Users\saiku\.gradle\caches\8.13\transforms\1908a0e2932fa7d2aa87559d572f705b\transformed\lifecycle-viewmodel-release-runtime, C:\Users\saiku\.gradle\caches\8.13\transforms\1a4c305f6b719520c5ef6aa14f0e5cb2\transformed\lifecycle-common-jvm-2.8.6, C:\Users\saiku\.gradle\caches\8.13\transforms\7fc2e3c316e738169c227d9827362998\transformed\lifecycle-runtime-release-runtime, C:\Users\saiku\.gradle\caches\8.13\transforms\383fce0fabbe5cebcdb668d1c94ef887\transformed\lifecycle-livedata-2.8.6-runtime, C:\Users\saiku\.gradle\caches\8.13\transforms\d5f472d0ad5e9b6ee85174296502bb4e\transformed\lifecycle-process-2.8.6-runtime, C:\Users\saiku\.gradle\caches\8.13\transforms\fefa6bfeec9b1a6102e9ec70b6c6b389\transformed\lifecycle-livedata-core-2.8.6-runtime, C:\Users\saiku\.gradle\caches\8.13\transforms\73330310352c98207b005944bda7ef7c\transformed\lifecycle-viewmodel-savedstate-2.8.6-runtime, C:\Users\saiku\.gradle\caches\8.13\transforms\27fade6657b414037a5ef0b8ce306f77\transformed\core-ktx-1.16.0-runtime, C:\Users\saiku\.gradle\caches\8.13\transforms\e7330a0a699ae9ba53f297f18c6eaaa1\transformed\room-common-2.6.1, C:\Users\saiku\.gradle\caches\8.13\transforms\68fe7d6a17855cf8388ec47d806ebc94\transformed\room-runtime-2.6.1-runtime, C:\Users\saiku\.gradle\caches\8.13\transforms\888bdf5b6f72ea8420b9898e0634a7f3\transformed\room-ktx-2.6.1-runtime, C:\Users\saiku\.gradle\caches\8.13\transforms\150bfb5083270f73b99118532e8a9f0c\transformed\sqlite-framework-2.4.0-runtime, C:\Users\saiku\.gradle\caches\8.13\transforms\c9758ce9bf51bdad489408eab1ccbf64\transformed\sqlite-2.4.0-runtime, C:\Users\saiku\.gradle\caches\8.13\transforms\ab25a3dc6c28da0058e0594ffdaf677d\transformed\cursoradapter-1.0.0-runtime, C:\Users\saiku\.gradle\caches\8.13\transforms\f763ee463825d7d4580eb4481b4b4059\transformed\resourceinspection-annotation-1.0.1, C:\Users\saiku\.gradle\caches\8.13\transforms\02d3d6ffc01a56acec8b793d1c7a0aab\transformed\profileinstaller-1.4.0-runtime, C:\Users\saiku\.gradle\caches\8.13\transforms\556aaddb2aa4873b60a54c626ef8779d\transformed\constraintlayout-core-1.1.1, C:\Users\saiku\.gradle\caches\8.13\transforms\63ca7ab16ea5dbecff16951297743d43\transformed\cardview-1.0.0-runtime, C:\Users\saiku\.gradle\caches\8.13\transforms\4dd0a13c3128b5b62089126327c838e7\transformed\core-runtime-2.2.0-runtime, C:\Users\saiku\.gradle\caches\8.13\transforms\a8ecb4e96b39e8daf1c789ba1422d9d7\transformed\gifdecoder-4.16.0-runtime, C:\Users\saiku\.gradle\caches\8.13\transforms\b55a915d3c2c3a8ce6d741847f0b3ae2\transformed\exifinterface-1.3.6-runtime, C:\Users\saiku\.gradle\caches\8.13\transforms\3ec3f4fe66a1cc4cdae983c22b49622b\transformed\core-common-2.2.0, C:\Users\saiku\.gradle\caches\8.13\transforms\a56d4d869fbb28819e478ab151c5bc44\transformed\startup-runtime-1.1.1-runtime, C:\Users\saiku\.gradle\caches\8.13\transforms\8f1a5510e2b35092678c1339ba040f04\transformed\tracing-1.2.0-runtime, C:\Users\saiku\.gradle\caches\8.13\transforms\190d670400fc3c07dca6812fdcc52767\transformed\interpolator-1.0.0-runtime, C:\Users\saiku\.gradle\caches\8.13\transforms\098682b85138d66abd4ea0c668f80a19\transformed\versionedparcelable-1.1.1-runtime, C:\Users\saiku\.gradle\caches\8.13\transforms\c26a1e9aad8fb153dbde7d85b78753ed\transformed\runtime-release-runtime, C:\Users\saiku\.gradle\caches\8.13\transforms\94f8362d920621cbf97f6b64aaee7b84\transformed\runtime-saveable-release-runtime, C:\Users\saiku\.gradle\caches\8.13\transforms\c79187406db7f15503d51b027abd48b6\transformed\collection-jvm-1.4.2, C:\Users\saiku\.gradle\caches\8.13\transforms\aa74818353aa4f7f9bd6dd98cbc91e33\transformed\concurrent-futures-1.1.0, C:\Users\saiku\.gradle\caches\8.13\transforms\0bb0af79bb8652d222316a1cec195380\transformed\documentfile-1.0.0-runtime, C:\Users\saiku\.gradle\caches\8.13\transforms\aa5a1232c20e2073432d237a3d01a383\transformed\localbroadcastmanager-1.0.0-runtime, C:\Users\saiku\.gradle\caches\8.13\transforms\9f0720a93084d0d42880b9a66ef1d852\transformed\print-1.0.0-runtime, C:\Users\saiku\.gradle\caches\8.13\transforms\8718dfd33cf365fdc281d91108b0a3c8\transformed\annotation-jvm-1.8.1, C:\Users\saiku\.gradle\caches\8.13\transforms\211cf49b89f4c5cbdd72c4d704b0a2a2\transformed\annotation-experimental-1.4.1-runtime, C:\Users\saiku\.gradle\caches\8.13\transforms\d2e2aae986d079e0ddfc1c39b593dd9d\transformed\core-viewtree-1.0.0-runtime, C:\Users\saiku\.gradle\caches\8.13\transforms\fe4a2f64ed5852981dad644864bc0938\transformed\kotlinx-coroutines-core-jvm-1.7.3, C:\Users\saiku\.gradle\caches\8.13\transforms\ff029b09efb2731e83c1f879ed25c783\transformed\kotlinx-coroutines-android-1.7.3, C:\Users\saiku\.gradle\caches\8.13\transforms\c210b990f0dc98cd4c919daf518bfb65\transformed\kotlin-stdlib-2.0.0, C:\Users\saiku\.gradle\caches\8.13\transforms\2e0e7d628e374d63b231d16ac9c77050\transformed\annotations-23.0.0, C:\Users\saiku\.gradle\caches\8.13\transforms\5b1394baf0a689228e0e2d844b14a832\transformed\error_prone_annotations-2.15.0, C:\Users\saiku\.gradle\caches\8.13\transforms\070c0ea10e0b21ade814923d37ddf686\transformed\disklrucache-4.16.0, C:\Users\saiku\.gradle\caches\8.13\transforms\7fc0d945551301e2774296090d86301e\transformed\annotations-4.16.0, C:\Users\saiku\.gradle\caches\8.13\transforms\06d76b0ea94dcdc0c205d81ac4961a8d\transformed\jspecify-1.0.0, C:\Users\saiku\.gradle\caches\8.13\transforms\cffae89765946ea49c633846a381b639\transformed\listenablefuture-1.0, and from all global synthetics files in 

> Task :app:processDebugResources
Caching disabled for task ':app:processDebugResources' because:
  Build cache is disabled
Task ':app:processDebugResources' is not up-to-date because:
  Output property 'RClassOutputJar' file D:\Inter(Pragament)\android_kotlin_browser\app\build\intermediates\compile_and_runtime_not_namespaced_r_class_jar\debug\processDebugResources\R.jar has been removed.
  Output property 'linkedResourcesOutputDir' file D:\Inter(Pragament)\android_kotlin_browser\app\build\intermediates\linked_resources_binary_format\debug\processDebugResources has been removed.
  Output property 'linkedResourcesOutputDir' file D:\Inter(Pragament)\android_kotlin_browser\app\build\intermediates\linked_resources_binary_format\debug\processDebugResources\linked-resources-binary-format-debug.ap_ has been removed.
  and more...
The input changes require a full rebuild for incremental task ':app:processDebugResources'.
AAPT2 aapt2-8.13.2-14304508-windows Daemon #0: starting
Aapt output file D:\Inter(Pragament)\android_kotlin_browser\app\build\intermediates\linked_resources_binary_format\debug\processDebugResources\linked-resources-binary-format-debug.ap_
Resolve mutations for :app:kaptGenerateStubsDebugKotlin (Thread[Execution worker Thread 6,5,main]) started.
:app:kaptGenerateStubsDebugKotlin (Thread[Execution worker Thread 6,5,main]) started.

> Task :app:kaptGenerateStubsDebugKotlin
Adding -Xuse-inline-scopes-numbers Kotlin compiler flag for task :app:compileDebugAndroidTestKotlin
GradleBuildProject.Builder should not be accessed through AnalyticsConfiguratorService after AnalyticsService is created. Analytics information of this build might be incomplete.
Caching disabled for task ':app:kaptGenerateStubsDebugKotlin' because:
  Build cache is disabled
Task ':app:kaptGenerateStubsDebugKotlin' is not up-to-date because:
  Output property 'classpathSnapshotProperties.classpathSnapshotDir' file D:\Inter(Pragament)\android_kotlin_browser\app\build\kotlin\kaptGenerateStubsDebugKotlin\classpath-snapshot has been removed.
  Output property 'destinationDirectory' file D:\Inter(Pragament)\android_kotlin_browser\app\build\tmp\kapt3\incrementalData\debug has been removed.
  Output property 'destinationDirectory' file D:\Inter(Pragament)\android_kotlin_browser\app\build\tmp\kapt3\incrementalData\debug\com has been removed.
  and more...
The input changes require a full rebuild for incremental task ':app:kaptGenerateStubsDebugKotlin'.
file or directory 'D:\Inter(Pragament)\android_kotlin_browser\app\src\debug\kotlin', not found
file or directory 'D:\Inter(Pragament)\android_kotlin_browser\app\src\debug\java', not found
file or directory 'D:\Inter(Pragament)\android_kotlin_browser\app\src\debug\kotlin', not found
file or directory 'D:\Inter(Pragament)\android_kotlin_browser\app\src\debug\java', not found
file or directory 'D:\Inter(Pragament)\android_kotlin_browser\app\src\debug\kotlin', not found
file or directory 'D:\Inter(Pragament)\android_kotlin_browser\app\src\debug\java', not found
file or directory 'D:\Inter(Pragament)\android_kotlin_browser\app\src\main\kotlin', not found
file or directory 'D:\Inter(Pragament)\android_kotlin_browser\app\src\main\kotlin', not found
file or directory 'D:\Inter(Pragament)\android_kotlin_browser\app\src\main\kotlin', not found
file or directory 'D:\Inter(Pragament)\android_kotlin_browser\app\src\main\kotlin', not found
file or directory 'D:\Inter(Pragament)\android_kotlin_browser\app\src\main\kotlin', not found
file or directory 'D:\Inter(Pragament)\android_kotlin_browser\app\src\main\kotlin', not found
file or directory 'D:\Inter(Pragament)\android_kotlin_browser\app\src\debug\kotlin', not found
file or directory 'D:\Inter(Pragament)\android_kotlin_browser\app\src\debug\java', not found
file or directory 'D:\Inter(Pragament)\android_kotlin_browser\app\src\debug\kotlin', not found
file or directory 'D:\Inter(Pragament)\android_kotlin_browser\app\src\debug\java', not found
file or directory 'D:\Inter(Pragament)\android_kotlin_browser\app\src\debug\kotlin', not found
file or directory 'D:\Inter(Pragament)\android_kotlin_browser\app\src\debug\java', not found
file or directory 'D:\Inter(Pragament)\android_kotlin_browser\app\src\debug\java', not found
file or directory 'D:\Inter(Pragament)\android_kotlin_browser\app\src\debug\kotlin', not found
file or directory 'D:\Inter(Pragament)\android_kotlin_browser\app\src\debug\java', not found
file or directory 'D:\Inter(Pragament)\android_kotlin_browser\app\src\debug\kotlin', not found
file or directory 'D:\Inter(Pragament)\android_kotlin_browser\app\src\debug\java', not found
file or directory 'D:\Inter(Pragament)\android_kotlin_browser\app\src\debug\kotlin', not found
file or directory 'D:\Inter(Pragament)\android_kotlin_browser\app\src\debug\java', not found
file or directory 'D:\Inter(Pragament)\android_kotlin_browser\app\src\main\kotlin', not found
file or directory 'D:\Inter(Pragament)\android_kotlin_browser\app\src\debug\kotlin', not found
file or directory 'D:\Inter(Pragament)\android_kotlin_browser\app\src\debug\java', not found
file or directory 'D:\Inter(Pragament)\android_kotlin_browser\app\src\debug\kotlin', not found
file or directory 'D:\Inter(Pragament)\android_kotlin_browser\app\src\debug\java', not found
file or directory 'D:\Inter(Pragament)\android_kotlin_browser\app\src\debug\kotlin', not found
file or directory 'D:\Inter(Pragament)\android_kotlin_browser\app\src\debug\java', not found
file or directory 'D:\Inter(Pragament)\android_kotlin_browser\app\src\main\kotlin', not found
file or directory 'D:\Inter(Pragament)\android_kotlin_browser\app\src\main\kotlin', not found
file or directory 'D:\Inter(Pragament)\android_kotlin_browser\app\src\main\kotlin', not found
file or directory 'D:\Inter(Pragament)\android_kotlin_browser\app\src\main\kotlin', not found
file or directory 'D:\Inter(Pragament)\android_kotlin_browser\app\src\main\kotlin', not found
file or directory 'D:\Inter(Pragament)\android_kotlin_browser\app\src\main\kotlin', not found
file or directory 'D:\Inter(Pragament)\android_kotlin_browser\app\src\debug\kotlin', not found
file or directory 'D:\Inter(Pragament)\android_kotlin_browser\app\src\debug\java', not found
file or directory 'D:\Inter(Pragament)\android_kotlin_browser\app\src\debug\kotlin', not found
file or directory 'D:\Inter(Pragament)\android_kotlin_browser\app\src\debug\java', not found
file or directory 'D:\Inter(Pragament)\android_kotlin_browser\app\src\debug\kotlin', not found
file or directory 'D:\Inter(Pragament)\android_kotlin_browser\app\src\debug\java', not found
file or directory 'D:\Inter(Pragament)\android_kotlin_browser\app\src\debug\java', not found
file or directory 'D:\Inter(Pragament)\android_kotlin_browser\app\src\debug\kotlin', not found
file or directory 'D:\Inter(Pragament)\android_kotlin_browser\app\src\debug\java', not found
file or directory 'D:\Inter(Pragament)\android_kotlin_browser\app\src\debug\kotlin', not found
file or directory 'D:\Inter(Pragament)\android_kotlin_browser\app\src\debug\java', not found
file or directory 'D:\Inter(Pragament)\android_kotlin_browser\app\src\debug\kotlin', not found
file or directory 'D:\Inter(Pragament)\android_kotlin_browser\app\src\debug\java', not found
file or directory 'D:\Inter(Pragament)\android_kotlin_browser\app\src\main\kotlin', not found
file or directory 'D:\Inter(Pragament)\android_kotlin_browser\app\src\main\kotlin', not found
file or directory 'D:\Inter(Pragament)\android_kotlin_browser\app\src\main\kotlin', not found
file or directory 'D:\Inter(Pragament)\android_kotlin_browser\app\src\main\kotlin', not found
file or directory 'D:\Inter(Pragament)\android_kotlin_browser\app\src\main\kotlin', not found
file or directory 'D:\Inter(Pragament)\android_kotlin_browser\app\src\main\kotlin', not found
file or directory 'D:\Inter(Pragament)\android_kotlin_browser\app\src\debug\kotlin', not found
file or directory 'D:\Inter(Pragament)\android_kotlin_browser\app\src\debug\java', not found
file or directory 'D:\Inter(Pragament)\android_kotlin_browser\app\src\debug\kotlin', not found
file or directory 'D:\Inter(Pragament)\android_kotlin_browser\app\src\debug\java', not found
file or directory 'D:\Inter(Pragament)\android_kotlin_browser\app\src\debug\kotlin', not found
file or directory 'D:\Inter(Pragament)\android_kotlin_browser\app\src\debug\java', not found
file or directory 'D:\Inter(Pragament)\android_kotlin_browser\app\src\debug\java', not found
Using Kotlin/JVM incremental compilation
[KOTLIN] Kotlin compilation 'jdkHome' argument: null
i: cannot connect to registry: Connection refused: connect
i: cannot connect to registry: Connection refused: connect
i: starting the daemon as: C:\Program Files\Eclipse Adoptium\jdk-17.0.15.6-hotspot\bin\java -cp C:\Users\saiku\.gradle\caches\modules-2\files-2.1\org.jetbrains.kotlin\kotlin-compiler-embeddable\2.0.0\1de310de3446414381282ffc46c3ed3919a4d1da\kotlin-compiler-embeddable-2.0.0.jar;C:\Users\saiku\.gradle\caches\modules-2\files-2.1\org.jetbrains.kotlin\kotlin-stdlib\2.0.0\b48df2c4aede9586cc931ead433bc02d6fd7879e\kotlin-stdlib-2.0.0.jar;C:\Users\saiku\.gradle\caches\modules-2\files-2.1\org.jetbrains.kotlin\kotlin-script-runtime\2.0.0\fdc27dd047d592fa41d2dfa21e7621287a361612\kotlin-script-runtime-2.0.0.jar;C:\Users\saiku\.gradle\caches\modules-2\files-2.1\org.jetbrains.kotlin\kotlin-reflect\1.6.10\1cbe9c92c12a94eea200d23c2bbaedaf3daf5132\kotlin-reflect-1.6.10.jar;C:\Users\saiku\.gradle\caches\modules-2\files-2.1\org.jetbrains.kotlin\kotlin-daemon-embeddable\2.0.0\b39c612768614c4428c96ee9c65477181fffe9d\kotlin-daemon-embeddable-2.0.0.jar;C:\Users\saiku\.gradle\caches\modules-2\files-2.1\org.jetbrains.intellij.deps\trove4j\1.0.20200330\3afb14d5f9ceb459d724e907a21145e8ff394f02\trove4j-1.0.20200330.jar;C:\Users\saiku\.gradle\caches\modules-2\files-2.1\org.jetbrains\annotations\13.0\919f0dfe192fb4e063e7dacadee7f8bb9a2672a9\annotations-13.0.jar -Djava.awt.headless=true -Djava.rmi.server.hostname=127.0.0.1 -Xmx2048m -XX:ReservedCodeCacheSize=320m -Dkotlin.environment.keepalive -ea -XX:+UseCodeCacheFlushing -XX:+UseParallelGC --add-exports java.base/sun.nio.ch=ALL-UNNAMED org.jetbrains.kotlin.daemon.KotlinCompileDaemon --daemon-runFilesPath C:\Users\saiku\AppData\Local\kotlin\daemon --daemon-autoshutdownIdleSeconds=7200 --daemon-compilerClasspath C:\Users\saiku\.gradle\caches\modules-2\files-2.1\org.jetbrains.kotlin\kotlin-compiler-embeddable\2.0.0\1de310de3446414381282ffc46c3ed3919a4d1da\kotlin-compiler-embeddable-2.0.0.jar;C:\Users\saiku\.gradle\caches\modules-2\files-2.1\org.jetbrains.kotlin\kotlin-stdlib\2.0.0\b48df2c4aede9586cc931ead433bc02d6fd7879e\kotlin-stdlib-2.0.0.jar;C:\Users\saiku\.gradle\caches\modules-2\files-2.1\org.jetbrains.kotlin\kotlin-script-runtime\2.0.0\fdc27dd047d592fa41d2dfa21e7621287a361612\kotlin-script-runtime-2.0.0.jar;C:\Users\saiku\.gradle\caches\modules-2\files-2.1\org.jetbrains.kotlin\kotlin-reflect\1.6.10\1cbe9c92c12a94eea200d23c2bbaedaf3daf5132\kotlin-reflect-1.6.10.jar;C:\Users\saiku\.gradle\caches\modules-2\files-2.1\org.jetbrains.kotlin\kotlin-daemon-embeddable\2.0.0\b39c612768614c4428c96ee9c65477181fffe9d\kotlin-daemon-embeddable-2.0.0.jar;C:\Users\saiku\.gradle\caches\modules-2\files-2.1\org.jetbrains.intellij.deps\trove4j\1.0.20200330\3afb14d5f9ceb459d724e907a21145e8ff394f02\trove4j-1.0.20200330.jar;C:\Users\saiku\.gradle\caches\modules-2\files-2.1\org.jetbrains\annotations\13.0\919f0dfe192fb4e063e7dacadee7f8bb9a2672a9\annotations-13.0.jar
i: #1 retrying connecting to the daemon 
Options for KOTLIN DAEMON: IncrementalCompilationOptions(super=CompilationOptions(compilerMode=INCREMENTAL_COMPILER, targetPlatform=JVM, reportCategories=[0, 3], reportSeverity=2, requestedCompilationResults=[0], kotlinScriptExtensions=[]), areFileChangesKnown=false, modifiedFiles=null, deletedFiles=null, classpathChanges=NotAvailableForNonIncrementalRun, workingDir=D:\Inter(Pragament)\android_kotlin_browser\app\build\kotlin\kaptGenerateStubsDebugKotlin\cacheable, multiModuleICSettings=MultiModuleICSettings(buildHistoryFile=D:\Inter(Pragament)\android_kotlin_browser\app\build\kotlin\kaptGenerateStubsDebugKotlin\local-state\build-history.bin, useModuleDetection=true), usePreciseJavaTracking=true, icFeatures=IncrementalCompilationFeatures(withAbiSnapshot=false, preciseCompilationResultsBackup=true, keepIncrementalCompilationCachesInMemory=true, enableUnsafeIncrementalCompilationForMultiplatform=false), outputFiles=[D:\Inter(Pragament)\android_kotlin_browser\app\build\tmp\kapt3\incrementalData\debug, D:\Inter(Pragament)\android_kotlin_browser\app\build\tmp\kapt3\stubs\debug, D:\Inter(Pragament)\android_kotlin_browser\app\build\kotlin\kaptGenerateStubsDebugKotlin\cacheable, D:\Inter(Pragament)\android_kotlin_browser\app\build\kotlin\kaptGenerateStubsDebugKotlin\local-state])
w: Kapt currently doesn't support language version 2.0+. Falling back to 1.9.
w: [kapt] com.example.floatingwebview.MainActivity: Can't reference type 'VisitedPageAdapter' from default package in Java stub.
w: [kapt] com.example.floatingwebview.history.HistoryActivity: Can't reference type 'VisitedPageAdapter1' from default package in Java stub.
Finished executing kotlin compiler using DAEMON strategy
Resolve mutations for :app:kaptDebugKotlin (Thread[Execution worker Thread 6,5,main]) started.
:app:kaptDebugKotlin (Thread[Execution worker Thread 6,5,main]) started.

> Task :app:kaptDebugKotlin
file or directory 'D:\Inter(Pragament)\android_kotlin_browser\app\src\debug\kotlin', not found
file or directory 'D:\Inter(Pragament)\android_kotlin_browser\app\src\debug\java', not found
file or directory 'D:\Inter(Pragament)\android_kotlin_browser\app\src\debug\kotlin', not found
file or directory 'D:\Inter(Pragament)\android_kotlin_browser\app\src\debug\java', not found
file or directory 'D:\Inter(Pragament)\android_kotlin_browser\app\src\debug\kotlin', not found
file or directory 'D:\Inter(Pragament)\android_kotlin_browser\app\src\debug\java', not found
file or directory 'D:\Inter(Pragament)\android_kotlin_browser\app\src\main\kotlin', not found
file or directory 'D:\Inter(Pragament)\android_kotlin_browser\app\src\main\kotlin', not found
file or directory 'D:\Inter(Pragament)\android_kotlin_browser\app\src\main\kotlin', not found
file or directory 'D:\Inter(Pragament)\android_kotlin_browser\app\src\main\kotlin', not found
file or directory 'D:\Inter(Pragament)\android_kotlin_browser\app\src\main\kotlin', not found
file or directory 'D:\Inter(Pragament)\android_kotlin_browser\app\src\main\kotlin', not found
file or directory 'D:\Inter(Pragament)\android_kotlin_browser\app\src\debug\kotlin', not found
file or directory 'D:\Inter(Pragament)\android_kotlin_browser\app\src\debug\java', not found
file or directory 'D:\Inter(Pragament)\android_kotlin_browser\app\src\debug\kotlin', not found
file or directory 'D:\Inter(Pragament)\android_kotlin_browser\app\src\debug\java', not found
file or directory 'D:\Inter(Pragament)\android_kotlin_browser\app\src\debug\kotlin', not found
file or directory 'D:\Inter(Pragament)\android_kotlin_browser\app\src\debug\java', not found
file or directory 'D:\Inter(Pragament)\android_kotlin_browser\app\src\debug\java', not found
Caching disabled for task ':app:kaptDebugKotlin' because:
  Build cache is disabled
Task ':app:kaptDebugKotlin' is not up-to-date because:
  Output property 'classesDir' file D:\Inter(Pragament)\android_kotlin_browser\app\build\tmp\kapt3\classes\debug has been removed.
  Output property 'destinationDir' file D:\Inter(Pragament)\android_kotlin_browser\app\build\generated\source\kapt\debug has been removed.
  Output property 'destinationDir' file D:\Inter(Pragament)\android_kotlin_browser\app\build\generated\source\kapt\debug\com has been removed.
  and more...
The input changes require a full rebuild for incremental task ':app:kaptDebugKotlin'.
Running kapt annotation processing using the Gradle Worker API
Using workers NONE isolation mode to run kapt
D:\Inter(Pragament)\android_kotlin_browser\app\build\tmp\kapt3\stubs\debug\com\example\floatingwebview\home\AppDatabase.java:5: warning: Schema export directory was not provided to the annotation processor so Room cannot export the schema. You can either provide `room.schemaLocation` annotation processor argument by applying the Room Gradle plugin (id 'androidx.room') OR set exportSchema to false.
public abstract class AppDatabase extends androidx.room.RoomDatabase {
                ^
Resolve mutations for :app:compileDebugKotlin (Thread[Execution worker Thread 6,5,main]) started.
:app:compileDebugKotlin (Thread[Execution worker Thread 6,5,main]) started.

> Task :app:compileDebugKotlin
Invalidating in-memory cache of C:\Users\saiku\.gradle\caches\8.13\fileHashes\fileHashes.bin
Invalidating in-memory cache of C:\Users\saiku\.gradle\caches\8.13\fileHashes\resourceHashesCache.bin
Invalidating in-memory cache of C:\Users\saiku\.gradle\caches\journal-1\file-access.bin
Caching disabled for task ':app:compileDebugKotlin' because:
  Build cache is disabled
Task ':app:compileDebugKotlin' is not up-to-date because:
  Output property 'classpathSnapshotProperties.classpathSnapshotDir' file D:\Inter(Pragament)\android_kotlin_browser\app\build\kotlin\compileDebugKotlin\classpath-snapshot has been removed.
  Output property 'destinationDirectory' file D:\Inter(Pragament)\android_kotlin_browser\app\build\tmp\kotlin-classes\debug has been removed.
  Output property 'destinationDirectory' file D:\Inter(Pragament)\android_kotlin_browser\app\build\tmp\kotlin-classes\debug\com has been removed.
  and more...
The input changes require a full rebuild for incremental task ':app:compileDebugKotlin'.
file or directory 'D:\Inter(Pragament)\android_kotlin_browser\app\src\debug\kotlin', not found
file or directory 'D:\Inter(Pragament)\android_kotlin_browser\app\src\debug\java', not found
file or directory 'D:\Inter(Pragament)\android_kotlin_browser\app\src\debug\kotlin', not found
file or directory 'D:\Inter(Pragament)\android_kotlin_browser\app\src\debug\java', not found
file or directory 'D:\Inter(Pragament)\android_kotlin_browser\app\src\debug\kotlin', not found
file or directory 'D:\Inter(Pragament)\android_kotlin_browser\app\src\debug\java', not found
file or directory 'D:\Inter(Pragament)\android_kotlin_browser\app\src\debug\kotlin', not found
file or directory 'D:\Inter(Pragament)\android_kotlin_browser\app\src\debug\java', not found
file or directory 'D:\Inter(Pragament)\android_kotlin_browser\app\src\debug\kotlin', not found
file or directory 'D:\Inter(Pragament)\android_kotlin_browser\app\src\debug\java', not found
file or directory 'D:\Inter(Pragament)\android_kotlin_browser\app\src\debug\kotlin', not found
file or directory 'D:\Inter(Pragament)\android_kotlin_browser\app\src\debug\java', not found
file or directory 'D:\Inter(Pragament)\android_kotlin_browser\app\src\main\kotlin', not found
file or directory 'D:\Inter(Pragament)\android_kotlin_browser\app\src\main\kotlin', not found
file or directory 'D:\Inter(Pragament)\android_kotlin_browser\app\src\main\kotlin', not found
file or directory 'D:\Inter(Pragament)\android_kotlin_browser\app\src\main\kotlin', not found
file or directory 'D:\Inter(Pragament)\android_kotlin_browser\app\src\main\kotlin', not found
file or directory 'D:\Inter(Pragament)\android_kotlin_browser\app\src\main\kotlin', not found
file or directory 'D:\Inter(Pragament)\android_kotlin_browser\app\src\debug\java', not found
file or directory 'D:\Inter(Pragament)\android_kotlin_browser\app\src\debug\kotlin', not found
file or directory 'D:\Inter(Pragament)\android_kotlin_browser\app\src\debug\java', not found
file or directory 'D:\Inter(Pragament)\android_kotlin_browser\app\src\debug\kotlin', not found
file or directory 'D:\Inter(Pragament)\android_kotlin_browser\app\src\debug\java', not found
file or directory 'D:\Inter(Pragament)\android_kotlin_browser\app\src\debug\kotlin', not found
file or directory 'D:\Inter(Pragament)\android_kotlin_browser\app\src\debug\java', not found
file or directory 'D:\Inter(Pragament)\android_kotlin_browser\app\src\debug\kotlin', not found
file or directory 'D:\Inter(Pragament)\android_kotlin_browser\app\src\debug\java', not found
file or directory 'D:\Inter(Pragament)\android_kotlin_browser\app\src\debug\kotlin', not found
file or directory 'D:\Inter(Pragament)\android_kotlin_browser\app\src\debug\java', not found
file or directory 'D:\Inter(Pragament)\android_kotlin_browser\app\src\debug\kotlin', not found
file or directory 'D:\Inter(Pragament)\android_kotlin_browser\app\src\debug\java', not found
file or directory 'D:\Inter(Pragament)\android_kotlin_browser\app\src\main\kotlin', not found
file or directory 'D:\Inter(Pragament)\android_kotlin_browser\app\src\debug\kotlin', not found
file or directory 'D:\Inter(Pragament)\android_kotlin_browser\app\src\debug\java', not found
file or directory 'D:\Inter(Pragament)\android_kotlin_browser\app\src\debug\kotlin', not found
file or directory 'D:\Inter(Pragament)\android_kotlin_browser\app\src\debug\java', not found
file or directory 'D:\Inter(Pragament)\android_kotlin_browser\app\src\debug\kotlin', not found
file or directory 'D:\Inter(Pragament)\android_kotlin_browser\app\src\debug\java', not found
file or directory 'D:\Inter(Pragament)\android_kotlin_browser\app\src\debug\kotlin', not found
file or directory 'D:\Inter(Pragament)\android_kotlin_browser\app\src\debug\java', not found
file or directory 'D:\Inter(Pragament)\android_kotlin_browser\app\src\debug\kotlin', not found
file or directory 'D:\Inter(Pragament)\android_kotlin_browser\app\src\debug\java', not found
file or directory 'D:\Inter(Pragament)\android_kotlin_browser\app\src\debug\kotlin', not found
file or directory 'D:\Inter(Pragament)\android_kotlin_browser\app\src\debug\java', not found
file or directory 'D:\Inter(Pragament)\android_kotlin_browser\app\src\main\kotlin', not found
file or directory 'D:\Inter(Pragament)\android_kotlin_browser\app\src\main\kotlin', not found
file or directory 'D:\Inter(Pragament)\android_kotlin_browser\app\src\main\kotlin', not found
file or directory 'D:\Inter(Pragament)\android_kotlin_browser\app\src\main\kotlin', not found
file or directory 'D:\Inter(Pragament)\android_kotlin_browser\app\src\main\kotlin', not found
file or directory 'D:\Inter(Pragament)\android_kotlin_browser\app\src\main\kotlin', not found
file or directory 'D:\Inter(Pragament)\android_kotlin_browser\app\src\debug\java', not found
file or directory 'D:\Inter(Pragament)\android_kotlin_browser\app\src\debug\kotlin', not found
file or directory 'D:\Inter(Pragament)\android_kotlin_browser\app\src\debug\java', not found
file or directory 'D:\Inter(Pragament)\android_kotlin_browser\app\src\debug\kotlin', not found
file or directory 'D:\Inter(Pragament)\android_kotlin_browser\app\src\debug\java', not found
file or directory 'D:\Inter(Pragament)\android_kotlin_browser\app\src\debug\kotlin', not found
file or directory 'D:\Inter(Pragament)\android_kotlin_browser\app\src\debug\java', not found
file or directory 'D:\Inter(Pragament)\android_kotlin_browser\app\src\debug\kotlin', not found
file or directory 'D:\Inter(Pragament)\android_kotlin_browser\app\src\debug\java', not found
file or directory 'D:\Inter(Pragament)\android_kotlin_browser\app\src\debug\kotlin', not found
file or directory 'D:\Inter(Pragament)\android_kotlin_browser\app\src\debug\java', not found
file or directory 'D:\Inter(Pragament)\android_kotlin_browser\app\src\debug\kotlin', not found
file or directory 'D:\Inter(Pragament)\android_kotlin_browser\app\src\debug\java', not found
file or directory 'D:\Inter(Pragament)\android_kotlin_browser\app\src\main\kotlin', not found
file or directory 'D:\Inter(Pragament)\android_kotlin_browser\app\src\main\kotlin', not found
file or directory 'D:\Inter(Pragament)\android_kotlin_browser\app\src\main\kotlin', not found
file or directory 'D:\Inter(Pragament)\android_kotlin_browser\app\src\main\kotlin', not found
file or directory 'D:\Inter(Pragament)\android_kotlin_browser\app\src\main\kotlin', not found
file or directory 'D:\Inter(Pragament)\android_kotlin_browser\app\src\main\kotlin', not found
file or directory 'D:\Inter(Pragament)\android_kotlin_browser\app\src\debug\java', not found
file or directory 'D:\Inter(Pragament)\android_kotlin_browser\app\src\debug\kotlin', not found
file or directory 'D:\Inter(Pragament)\android_kotlin_browser\app\src\debug\java', not found
file or directory 'D:\Inter(Pragament)\android_kotlin_browser\app\src\debug\kotlin', not found
file or directory 'D:\Inter(Pragament)\android_kotlin_browser\app\src\debug\java', not found
file or directory 'D:\Inter(Pragament)\android_kotlin_browser\app\src\debug\kotlin', not found
file or directory 'D:\Inter(Pragament)\android_kotlin_browser\app\src\debug\java', not found
file or directory 'D:\Inter(Pragament)\android_kotlin_browser\app\src\debug\kotlin', not found
file or directory 'D:\Inter(Pragament)\android_kotlin_browser\app\src\debug\java', not found
file or directory 'D:\Inter(Pragament)\android_kotlin_browser\app\src\debug\kotlin', not found
file or directory 'D:\Inter(Pragament)\android_kotlin_browser\app\src\debug\java', not found
file or directory 'D:\Inter(Pragament)\android_kotlin_browser\app\src\debug\kotlin', not found
file or directory 'D:\Inter(Pragament)\android_kotlin_browser\app\src\debug\java', not found
file or directory 'D:\Inter(Pragament)\android_kotlin_browser\app\src\main\kotlin', not found
file or directory 'D:\Inter(Pragament)\android_kotlin_browser\app\src\main\kotlin', not found
file or directory 'D:\Inter(Pragament)\android_kotlin_browser\app\src\main\kotlin', not found
file or directory 'D:\Inter(Pragament)\android_kotlin_browser\app\src\main\kotlin', not found
file or directory 'D:\Inter(Pragament)\android_kotlin_browser\app\src\main\kotlin', not found
file or directory 'D:\Inter(Pragament)\android_kotlin_browser\app\src\main\kotlin', not found
file or directory 'D:\Inter(Pragament)\android_kotlin_browser\app\src\debug\java', not found
Kotlin source files: D:\Inter(Pragament)\android_kotlin_browser\app\src\main\java\com\example\floatingwebview\adapter.kt, D:\Inter(Pragament)\android_kotlin_browser\app\src\main\java\com\example\floatingwebview\BrowserRepository.kt, D:\Inter(Pragament)\android_kotlin_browser\app\src\main\java\com\example\floatingwebview\FloatingWebActivity.kt, D:\Inter(Pragament)\android_kotlin_browser\app\src\main\java\com\example\floatingwebview\floatingwebviewhelper.kt, D:\Inter(Pragament)\android_kotlin_browser\app\src\main\java\com\example\floatingwebview\FloatingWebViewService.kt, D:\Inter(Pragament)\android_kotlin_browser\app\src\main\java\com\example\floatingwebview\history\historyactivity.kt, D:\Inter(Pragament)\android_kotlin_browser\app\src\main\java\com\example\floatingwebview\history\historyadaptor.kt, D:\Inter(Pragament)\android_kotlin_browser\app\src\main\java\com\example\floatingwebview\home\dao.kt, D:\Inter(Pragament)\android_kotlin_browser\app\src\main\java\com\example\floatingwebview\home\databaseaccess.kt, D:\Inter(Pragament)\android_kotlin_browser\app\src\main\java\com\example\floatingwebview\home\history.kt, D:\Inter(Pragament)\android_kotlin_browser\app\src\main\java\com\example\floatingwebview\home\homeviewModel.kt, D:\Inter(Pragament)\android_kotlin_browser\app\src\main\java\com\example\floatingwebview\LinkRouterActivity.kt, D:\Inter(Pragament)\android_kotlin_browser\app\src\main\java\com\example\floatingwebview\MainActivity.kt, D:\Inter(Pragament)\android_kotlin_browser\app\src\main\java\com\example\floatingwebview\NoActionWebView.kt, D:\Inter(Pragament)\android_kotlin_browser\app\src\main\java\com\example\floatingwebview\settings\SettingsActivity.kt, D:\Inter(Pragament)\android_kotlin_browser\app\src\main\java\com\example\floatingwebview\simplewebview.kt, D:\Inter(Pragament)\android_kotlin_browser\app\src\main\java\com\example\floatingwebview\textfile.kt, D:\Inter(Pragament)\android_kotlin_browser\app\src\main\java\com\example\floatingwebview\ui\theme\Color.kt, D:\Inter(Pragament)\android_kotlin_browser\app\src\main\java\com\example\floatingwebview\ui\theme\Theme.kt, D:\Inter(Pragament)\android_kotlin_browser\app\src\main\java\com\example\floatingwebview\ui\theme\Type.kt, D:\Inter(Pragament)\android_kotlin_browser\app\src\main\java\com\example\floatingwebview\yourapplication.kt
Java source files: D:\Inter(Pragament)\android_kotlin_browser\app\build\generated\data_binding_base_class_source_out\debug\out\com\example\floatingwebview\databinding\ActivityHistoryBinding.java, D:\Inter(Pragament)\android_kotlin_browser\app\build\generated\data_binding_base_class_source_out\debug\out\com\example\floatingwebview\databinding\ActivityMain1Binding.java, D:\Inter(Pragament)\android_kotlin_browser\app\build\generated\data_binding_base_class_source_out\debug\out\com\example\floatingwebview\databinding\ActivityMainBinding.java, D:\Inter(Pragament)\android_kotlin_browser\app\build\generated\data_binding_base_class_source_out\debug\out\com\example\floatingwebview\databinding\ActivitySettingsBinding.java, D:\Inter(Pragament)\android_kotlin_browser\app\build\generated\data_binding_base_class_source_out\debug\out\com\example\floatingwebview\databinding\BrowserItemListBinding.java, D:\Inter(Pragament)\android_kotlin_browser\app\build\generated\data_binding_base_class_source_out\debug\out\com\example\floatingwebview\databinding\FloatingWebViewLayoutBinding.java, D:\Inter(Pragament)\android_kotlin_browser\app\build\generated\data_binding_base_class_source_out\debug\out\com\example\floatingwebview\databinding\ItemVisitedPageBinding.java, D:\Inter(Pragament)\android_kotlin_browser\app\build\generated\data_binding_base_class_source_out\debug\out\com\example\floatingwebview\databinding\SelectionPopupBinding.java, D:\Inter(Pragament)\android_kotlin_browser\app\build\generated\data_binding_base_class_source_out\debug\out\com\example\floatingwebview\databinding\SimpleWebViewBinding.java, D:\Inter(Pragament)\android_kotlin_browser\app\build\generated\source\kapt\debug\com\example\floatingwebview\home\AppDatabase_Impl.java, D:\Inter(Pragament)\android_kotlin_browser\app\build\generated\source\kapt\debug\com\example\floatingwebview\home\VisitedPageDao_Impl.java
Script source files: 
Script file extensions: 
Using Kotlin/JVM incremental compilation
[KOTLIN] Kotlin compilation 'jdkHome' argument: null
Options for KOTLIN DAEMON: IncrementalCompilationOptions(super=CompilationOptions(compilerMode=INCREMENTAL_COMPILER, targetPlatform=JVM, reportCategories=[0, 3], reportSeverity=2, requestedCompilationResults=[0], kotlinScriptExtensions=[]), areFileChangesKnown=false, modifiedFiles=null, deletedFiles=null, classpathChanges=NotAvailableForNonIncrementalRun, workingDir=D:\Inter(Pragament)\android_kotlin_browser\app\build\kotlin\compileDebugKotlin\cacheable, multiModuleICSettings=MultiModuleICSettings(buildHistoryFile=D:\Inter(Pragament)\android_kotlin_browser\app\build\kotlin\compileDebugKotlin\local-state\build-history.bin, useModuleDetection=true), usePreciseJavaTracking=true, icFeatures=IncrementalCompilationFeatures(withAbiSnapshot=false, preciseCompilationResultsBackup=true, keepIncrementalCompilationCachesInMemory=true, enableUnsafeIncrementalCompilationForMultiplatform=false), outputFiles=[D:\Inter(Pragament)\android_kotlin_browser\app\build\tmp\kotlin-classes\debug, D:\Inter(Pragament)\android_kotlin_browser\app\build\kotlin\compileDebugKotlin\cacheable, D:\Inter(Pragament)\android_kotlin_browser\app\build\kotlin\compileDebugKotlin\local-state])
w: file:///D:/Inter(Pragament)/android_kotlin_browser/app/src/main/java/com/example/floatingwebview/FloatingWebViewService.kt:180:149 '@Deprecated(...) static field TYPE_PHONE: Int' is deprecated. Deprecated in Java.
w: file:///D:/Inter(Pragament)/android_kotlin_browser/app/src/main/java/com/example/floatingwebview/FloatingWebViewService.kt:576:31 Unchecked cast of 'kotlin.Any!' to 'kotlin.collections.List<kotlin.Float>'.
w: file:///D:/Inter(Pragament)/android_kotlin_browser/app/src/main/java/com/example/floatingwebview/MainActivity.kt:116:9 '@Deprecated(...) fun startActivityForResult(intent: Intent, requestCode: Int): Unit' is deprecated. This method has been deprecated in favor of using the Activity Result API
      which brings increased type safety via an {@link ActivityResultContract} and the prebuilt
      contracts for common intents available in
      {@link androidx.activity.result.contract.ActivityResultContracts}, provides hooks for
      testing, and allow receiving results in separate, testable classes independent from your
      activity. Use
      {@link #registerForActivityResult(ActivityResultContract, ActivityResultCallback)}
      passing in a {@link StartActivityForResult} object for the {@link ActivityResultContract}.
w: file:///D:/Inter(Pragament)/android_kotlin_browser/app/src/main/java/com/example/floatingwebview/home/homeviewModel.kt:63:35 Unchecked cast of 'com.example.floatingwebview.home.HomeViewModel' to 'T'.
w: file:///D:/Inter(Pragament)/android_kotlin_browser/app/src/main/java/com/example/floatingwebview/simplewebview.kt:84:26 'var databaseEnabled: Boolean' is deprecated. Deprecated in Java.
Finished executing kotlin compiler using DAEMON strategy
Resolve mutations for :app:compileDebugJavaWithJavac (Thread[Execution worker Thread 6,5,main]) started.
:app:compileDebugJavaWithJavac (Thread[Execution worker Thread 6,5,main]) started.

> Task :app:compileDebugJavaWithJavac
Invalidating in-memory cache of C:\Users\saiku\.gradle\caches\journal-1\file-access.bin
Invalidating in-memory cache of C:\Users\saiku\.gradle\caches\8.13\fileHashes\fileHashes.bin
Invalidating in-memory cache of C:\Users\saiku\.gradle\caches\8.13\fileHashes\resourceHashesCache.bin
Custom actions are attached to task ':app:compileDebugJavaWithJavac'.
Caching disabled for task ':app:compileDebugJavaWithJavac' because:
  Build cache is disabled
Task ':app:compileDebugJavaWithJavac' is not up-to-date because:
  Output property 'destinationDirectory' file D:\Inter(Pragament)\android_kotlin_browser\app\build\intermediates\javac\debug\compileDebugJavaWithJavac\classes has been removed.
  Output property 'destinationDirectory' file D:\Inter(Pragament)\android_kotlin_browser\app\build\intermediates\javac\debug\compileDebugJavaWithJavac\classes\com has been removed.
  Output property 'destinationDirectory' file D:\Inter(Pragament)\android_kotlin_browser\app\build\intermediates\javac\debug\compileDebugJavaWithJavac\classes\com\example has been removed.
  and more...
The input changes require a full rebuild for incremental task ':app:compileDebugJavaWithJavac'.
Compilation mode: in-process compilation
Full recompilation is required because no incremental change information is available. This is usually caused by clean builds or changing compiler arguments.
Compiling with toolchain 'C:\Program Files\Eclipse Adoptium\jdk-17.0.15.6-hotspot'.
file or directory 'D:\Inter(Pragament)\android_kotlin_browser\app\src\debug\java', not found
Compiling with JDK Java compiler API.
Invalidating in-memory cache of D:\Inter(Pragament)\android_kotlin_browser\.gradle\8.13\fileHashes\fileHashes.bin
Invalidating in-memory cache of D:\Inter(Pragament)\android_kotlin_browser\.gradle\8.13\fileHashes\resourceHashesCache.bin
Class dependency analysis for incremental compilation took 0.043 secs.
Created classpath snapshot for incremental compilation in 0.156 secs.
Resolve mutations for :app:processDebugJavaRes (Thread[Execution worker Thread 6,5,main]) started.
:app:processDebugJavaRes (Thread[Execution worker Thread 6,5,main]) started.

> Task :app:processDebugJavaRes
file or directory 'D:\Inter(Pragament)\android_kotlin_browser\app\src\main\resources', not found
file or directory 'D:\Inter(Pragament)\android_kotlin_browser\app\src\debug\resources', not found
file or directory 'D:\Inter(Pragament)\android_kotlin_browser\app\src\main\resources', not found
file or directory 'D:\Inter(Pragament)\android_kotlin_browser\app\src\debug\resources', not found
Caching disabled for task ':app:processDebugJavaRes' because:
  Build cache is disabled
  Caching has been disabled for the task
Task ':app:processDebugJavaRes' is not up-to-date because:
  Output property 'destinationDir' file D:\Inter(Pragament)\android_kotlin_browser\app\build\intermediates\java_res\debug\processDebugJavaRes\out has been removed.
  Output property 'destinationDir' file D:\Inter(Pragament)\android_kotlin_browser\app\build\intermediates\java_res\debug\processDebugJavaRes\out\com has been removed.
  Output property 'destinationDir' file D:\Inter(Pragament)\android_kotlin_browser\app\build\intermediates\java_res\debug\processDebugJavaRes\out\com\example has been removed.
  and more...
file or directory 'D:\Inter(Pragament)\android_kotlin_browser\app\src\main\resources', not found
file or directory 'D:\Inter(Pragament)\android_kotlin_browser\app\src\debug\resources', not found
file or directory 'D:\Inter(Pragament)\android_kotlin_browser\app\src\main\resources', not found
file or directory 'D:\Inter(Pragament)\android_kotlin_browser\app\src\debug\resources', not found
Resolve mutations for :app:mergeDebugJavaResource (Thread[Execution worker Thread 6,5,main]) started.
:app:mergeDebugJavaResource (Thread[Execution worker Thread 6,5,main]) started.
Resolve mutations for :app:dexBuilderDebug (Thread[Execution worker Thread 7,5,main]) started.
:app:dexBuilderDebug (Thread[Execution worker Thread 7,5,main]) started.

> Task :app:dexBuilderDebug
Caching disabled for task ':app:dexBuilderDebug' because:
  Build cache is disabled
Task ':app:dexBuilderDebug' is not up-to-date because:
  Output property 'externalLibsFromArtifactTransformsOutputs.dex' file D:\Inter(Pragament)\android_kotlin_browser\app\build\intermediates\external_libs_dex_archive_with_artifact_transforms\debug\dexBuilderDebug\out has been removed.
  Output property 'externalLibsOutputs.dex' file D:\Inter(Pragament)\android_kotlin_browser\app\build\intermediates\external_libs_dex_archive\debug\dexBuilderDebug\out has been removed.
  Output property 'mixedScopeOutputs.dex' file D:\Inter(Pragament)\android_kotlin_browser\app\build\intermediates\mixed_scope_dex_archive\debug\dexBuilderDebug\out has been removed.
  and more...
The input changes require a full rebuild for incremental task ':app:dexBuilderDebug'.
Dex builder is incremental : false 
Processing input D:\Inter(Pragament)\android_kotlin_browser\app\build\tmp\kotlin-classes\debug
Processing input D:\Inter(Pragament)\android_kotlin_browser\app\build\tmp\kapt3\classes\debug
Processing input D:\Inter(Pragament)\android_kotlin_browser\app\build\intermediates\javac\debug\compileDebugJavaWithJavac\classes
Dexing D:\Inter(Pragament)\android_kotlin_browser\app\build\tmp\kotlin-classes\debug
Dexing D:\Inter(Pragament)\android_kotlin_browser\app\build\tmp\kapt3\classes\debug
Dexing D:\Inter(Pragament)\android_kotlin_browser\app\build\intermediates\javac\debug\compileDebugJavaWithJavac\classes
Processing input D:\Inter(Pragament)\android_kotlin_browser\app\build\intermediates\compile_and_runtime_not_namespaced_r_class_jar\debug\processDebugResources\R.jar
Dexing D:\Inter(Pragament)\android_kotlin_browser\app\build\intermediates\compile_and_runtime_not_namespaced_r_class_jar\debug\processDebugResources\R.jar
Dexing 'D:\Inter(Pragament)\android_kotlin_browser\app\build\tmp\kotlin-classes\debug' to 'D:\Inter(Pragament)\android_kotlin_browser\app\build\intermediates\project_dex_archive\debug\dexBuilderDebug\out'
Dexing 'D:\Inter(Pragament)\android_kotlin_browser\app\build\intermediates\compile_and_runtime_not_namespaced_r_class_jar\debug\processDebugResources\R.jar' to 'D:\Inter(Pragament)\android_kotlin_browser\app\build\intermediates\project_dex_archive\debug\dexBuilderDebug\out\24813f2361a693ac39de68f19668372bdf755d5910b191ee80d3944c8ce40af1_0.jar'
Dexing 'D:\Inter(Pragament)\android_kotlin_browser\app\build\intermediates\compile_and_runtime_not_namespaced_r_class_jar\debug\processDebugResources\R.jar' to 'D:\Inter(Pragament)\android_kotlin_browser\app\build\intermediates\project_dex_archive\debug\dexBuilderDebug\out\24813f2361a693ac39de68f19668372bdf755d5910b191ee80d3944c8ce40af1_1.jar'
Dexing 'D:\Inter(Pragament)\android_kotlin_browser\app\build\intermediates\compile_and_runtime_not_namespaced_r_class_jar\debug\processDebugResources\R.jar' to 'D:\Inter(Pragament)\android_kotlin_browser\app\build\intermediates\project_dex_archive\debug\dexBuilderDebug\out\24813f2361a693ac39de68f19668372bdf755d5910b191ee80d3944c8ce40af1_2.jar'
Dexing 'D:\Inter(Pragament)\android_kotlin_browser\app\build\tmp\kotlin-classes\debug' to 'D:\Inter(Pragament)\android_kotlin_browser\app\build\intermediates\project_dex_archive\debug\dexBuilderDebug\out'
Dexing 'D:\Inter(Pragament)\android_kotlin_browser\app\build\tmp\kapt3\classes\debug' to 'D:\Inter(Pragament)\android_kotlin_browser\app\build\intermediates\project_dex_archive\debug\dexBuilderDebug\out'
Dexing 'D:\Inter(Pragament)\android_kotlin_browser\app\build\intermediates\javac\debug\compileDebugJavaWithJavac\classes' to 'D:\Inter(Pragament)\android_kotlin_browser\app\build\intermediates\project_dex_archive\debug\dexBuilderDebug\out'
Dexing 'D:\Inter(Pragament)\android_kotlin_browser\app\build\tmp\kapt3\classes\debug' to 'D:\Inter(Pragament)\android_kotlin_browser\app\build\intermediates\project_dex_archive\debug\dexBuilderDebug\out'
Dexing 'D:\Inter(Pragament)\android_kotlin_browser\app\build\intermediates\javac\debug\compileDebugJavaWithJavac\classes' to 'D:\Inter(Pragament)\android_kotlin_browser\app\build\intermediates\project_dex_archive\debug\dexBuilderDebug\out'
Dexing 'D:\Inter(Pragament)\android_kotlin_browser\app\build\intermediates\compile_and_runtime_not_namespaced_r_class_jar\debug\processDebugResources\R.jar' to 'D:\Inter(Pragament)\android_kotlin_browser\app\build\intermediates\project_dex_archive\debug\dexBuilderDebug\out\24813f2361a693ac39de68f19668372bdf755d5910b191ee80d3944c8ce40af1_4.jar'
Dexing 'D:\Inter(Pragament)\android_kotlin_browser\app\build\tmp\kotlin-classes\debug' to 'D:\Inter(Pragament)\android_kotlin_browser\app\build\intermediates\project_dex_archive\debug\dexBuilderDebug\out'
Dexing 'D:\Inter(Pragament)\android_kotlin_browser\app\build\tmp\kapt3\classes\debug' to 'D:\Inter(Pragament)\android_kotlin_browser\app\build\intermediates\project_dex_archive\debug\dexBuilderDebug\out'
Dexing 'D:\Inter(Pragament)\android_kotlin_browser\app\build\intermediates\javac\debug\compileDebugJavaWithJavac\classes' to 'D:\Inter(Pragament)\android_kotlin_browser\app\build\intermediates\project_dex_archive\debug\dexBuilderDebug\out'
Dexing 'D:\Inter(Pragament)\android_kotlin_browser\app\build\tmp\kotlin-classes\debug' to 'D:\Inter(Pragament)\android_kotlin_browser\app\build\intermediates\project_dex_archive\debug\dexBuilderDebug\out'
Dexing 'D:\Inter(Pragament)\android_kotlin_browser\app\build\tmp\kotlin-classes\debug' to 'D:\Inter(Pragament)\android_kotlin_browser\app\build\intermediates\project_dex_archive\debug\dexBuilderDebug\out'
Dexing 'D:\Inter(Pragament)\android_kotlin_browser\app\build\tmp\kapt3\classes\debug' to 'D:\Inter(Pragament)\android_kotlin_browser\app\build\intermediates\project_dex_archive\debug\dexBuilderDebug\out'
Dexing 'D:\Inter(Pragament)\android_kotlin_browser\app\build\intermediates\javac\debug\compileDebugJavaWithJavac\classes' to 'D:\Inter(Pragament)\android_kotlin_browser\app\build\intermediates\project_dex_archive\debug\dexBuilderDebug\out'
Dexing 'D:\Inter(Pragament)\android_kotlin_browser\app\build\tmp\kotlin-classes\debug' to 'D:\Inter(Pragament)\android_kotlin_browser\app\build\intermediates\project_dex_archive\debug\dexBuilderDebug\out'
Dexing 'D:\Inter(Pragament)\android_kotlin_browser\app\build\tmp\kapt3\classes\debug' to 'D:\Inter(Pragament)\android_kotlin_browser\app\build\intermediates\project_dex_archive\debug\dexBuilderDebug\out'
Dexing 'D:\Inter(Pragament)\android_kotlin_browser\app\build\intermediates\javac\debug\compileDebugJavaWithJavac\classes' to 'D:\Inter(Pragament)\android_kotlin_browser\app\build\intermediates\project_dex_archive\debug\dexBuilderDebug\out'
Dexing 'D:\Inter(Pragament)\android_kotlin_browser\app\build\intermediates\compile_and_runtime_not_namespaced_r_class_jar\debug\processDebugResources\R.jar' to 'D:\Inter(Pragament)\android_kotlin_browser\app\build\intermediates\project_dex_archive\debug\dexBuilderDebug\out\24813f2361a693ac39de68f19668372bdf755d5910b191ee80d3944c8ce40af1_3.jar'
Dexing 'D:\Inter(Pragament)\android_kotlin_browser\app\build\tmp\kapt3\classes\debug' to 'D:\Inter(Pragament)\android_kotlin_browser\app\build\intermediates\project_dex_archive\debug\dexBuilderDebug\out'
Dexing 'D:\Inter(Pragament)\android_kotlin_browser\app\build\intermediates\javac\debug\compileDebugJavaWithJavac\classes' to 'D:\Inter(Pragament)\android_kotlin_browser\app\build\intermediates\project_dex_archive\debug\dexBuilderDebug\out'
Dexing 'D:\Inter(Pragament)\android_kotlin_browser\app\build\intermediates\compile_and_runtime_not_namespaced_r_class_jar\debug\processDebugResources\R.jar' to 'D:\Inter(Pragament)\android_kotlin_browser\app\build\intermediates\project_dex_archive\debug\dexBuilderDebug\out\24813f2361a693ac39de68f19668372bdf755d5910b191ee80d3944c8ce40af1_5.jar'
Done with all dex archive conversions
Resolve mutations for :app:mergeProjectDexDebug (Thread[Execution worker Thread 7,5,main]) started.
:app:mergeProjectDexDebug (Thread[Execution worker Thread 7,5,main]) started.

> Task :app:mergeDebugJavaResource
Invalidating in-memory cache of C:\Users\saiku\.gradle\caches\journal-1\file-access.bin
Invalidating in-memory cache of C:\Users\saiku\.gradle\caches\8.13\fileHashes\fileHashes.bin
Invalidating in-memory cache of C:\Users\saiku\.gradle\caches\8.13\fileHashes\resourceHashesCache.bin
Caching disabled for task ':app:mergeDebugJavaResource' because:
  Build cache is disabled
  Caching has been disabled for the task
Task ':app:mergeDebugJavaResource' is not up-to-date because:
  Output property 'cacheDir' file D:\Inter(Pragament)\android_kotlin_browser\app\build\intermediates\incremental\debug-mergeJavaRes\zip-cache has been removed.
  Output property 'cacheDir' file D:\Inter(Pragament)\android_kotlin_browser\app\build\intermediates\incremental\debug-mergeJavaRes\zip-cache\+RHwNlAGJaMJFMYlUcC4Kg== has been removed.
  Output property 'cacheDir' file D:\Inter(Pragament)\android_kotlin_browser\app\build\intermediates\incremental\debug-mergeJavaRes\zip-cache\0l3oyzMIRI7XLEmr3tnM1Q== has been removed.
  and more...
The input changes require a full rebuild for incremental task ':app:mergeDebugJavaResource'.

> Task :app:mergeProjectDexDebug
Caching disabled for task ':app:mergeProjectDexDebug' because:
  Build cache is disabled
Task ':app:mergeProjectDexDebug' is not up-to-date because:
  Output property 'outputDir' file D:\Inter(Pragament)\android_kotlin_browser\app\build\intermediates\dex\debug\mergeProjectDexDebug has been removed.
  Output property 'outputDir' file D:\Inter(Pragament)\android_kotlin_browser\app\build\intermediates\dex\debug\mergeProjectDexDebug\0 has been removed.
  Output property 'outputDir' file D:\Inter(Pragament)\android_kotlin_browser\app\build\intermediates\dex\debug\mergeProjectDexDebug\0\classes.dex has been removed.
  and more...
The input changes require a full rebuild for incremental task ':app:mergeProjectDexDebug'.
Merging to 'D:\Inter(Pragament)\android_kotlin_browser\app\build\intermediates\dex\debug\mergeProjectDexDebug\3' with D8 from all or a subset of dex files in D:\Inter(Pragament)\android_kotlin_browser\app\build\intermediates\project_dex_archive\debug\dexBuilderDebug\out, D:\Inter(Pragament)\android_kotlin_browser\app\build\intermediates\project_dex_archive\debug\dexBuilderDebug\out, D:\Inter(Pragament)\android_kotlin_browser\app\build\intermediates\project_dex_archive\debug\dexBuilderDebug\out, and from all global synthetics files in 
Merging to 'D:\Inter(Pragament)\android_kotlin_browser\app\build\intermediates\dex\debug\mergeProjectDexDebug\4' with D8 from all or a subset of dex files in D:\Inter(Pragament)\android_kotlin_browser\app\build\intermediates\project_dex_archive\debug\dexBuilderDebug\out, and from all global synthetics files in 
Merging to 'D:\Inter(Pragament)\android_kotlin_browser\app\build\intermediates\dex\debug\mergeProjectDexDebug\5' with D8 from all or a subset of dex files in D:\Inter(Pragament)\android_kotlin_browser\app\build\intermediates\project_dex_archive\debug\dexBuilderDebug\out, D:\Inter(Pragament)\android_kotlin_browser\app\build\intermediates\project_dex_archive\debug\dexBuilderDebug\out, D:\Inter(Pragament)\android_kotlin_browser\app\build\intermediates\project_dex_archive\debug\dexBuilderDebug\out, D:\Inter(Pragament)\android_kotlin_browser\app\build\intermediates\project_dex_archive\debug\dexBuilderDebug\out, D:\Inter(Pragament)\android_kotlin_browser\app\build\intermediates\project_dex_archive\debug\dexBuilderDebug\out, D:\Inter(Pragament)\android_kotlin_browser\app\build\intermediates\project_dex_archive\debug\dexBuilderDebug\out, D:\Inter(Pragament)\android_kotlin_browser\app\build\intermediates\project_dex_archive\debug\dexBuilderDebug\out, D:\Inter(Pragament)\android_kotlin_browser\app\build\intermediates\project_dex_archive\debug\dexBuilderDebug\out, D:\Inter(Pragament)\android_kotlin_browser\app\build\intermediates\project_dex_archive\debug\dexBuilderDebug\out, and from all global synthetics files in 
Merging to 'D:\Inter(Pragament)\android_kotlin_browser\app\build\intermediates\dex\debug\mergeProjectDexDebug\2' with D8 from all or a subset of dex files in D:\Inter(Pragament)\android_kotlin_browser\app\build\intermediates\project_dex_archive\debug\dexBuilderDebug\out, D:\Inter(Pragament)\android_kotlin_browser\app\build\intermediates\project_dex_archive\debug\dexBuilderDebug\out, D:\Inter(Pragament)\android_kotlin_browser\app\build\intermediates\project_dex_archive\debug\dexBuilderDebug\out, D:\Inter(Pragament)\android_kotlin_browser\app\build\intermediates\project_dex_archive\debug\dexBuilderDebug\out, D:\Inter(Pragament)\android_kotlin_browser\app\build\intermediates\project_dex_archive\debug\dexBuilderDebug\out, D:\Inter(Pragament)\android_kotlin_browser\app\build\intermediates\project_dex_archive\debug\dexBuilderDebug\out, D:\Inter(Pragament)\android_kotlin_browser\app\build\intermediates\project_dex_archive\debug\dexBuilderDebug\out, D:\Inter(Pragament)\android_kotlin_browser\app\build\intermediates\project_dex_archive\debug\dexBuilderDebug\out, D:\Inter(Pragament)\android_kotlin_browser\app\build\intermediates\project_dex_archive\debug\dexBuilderDebug\out, D:\Inter(Pragament)\android_kotlin_browser\app\build\intermediates\project_dex_archive\debug\dexBuilderDebug\out, D:\Inter(Pragament)\android_kotlin_browser\app\build\intermediates\project_dex_archive\debug\dexBuilderDebug\out, D:\Inter(Pragament)\android_kotlin_browser\app\build\intermediates\project_dex_archive\debug\dexBuilderDebug\out, D:\Inter(Pragament)\android_kotlin_browser\app\build\intermediates\project_dex_archive\debug\dexBuilderDebug\out, D:\Inter(Pragament)\android_kotlin_browser\app\build\intermediates\project_dex_archive\debug\dexBuilderDebug\out, D:\Inter(Pragament)\android_kotlin_browser\app\build\intermediates\project_dex_archive\debug\dexBuilderDebug\out, D:\Inter(Pragament)\android_kotlin_browser\app\build\intermediates\project_dex_archive\debug\dexBuilderDebug\out, D:\Inter(Pragament)\android_kotlin_browser\app\build\intermediates\project_dex_archive\debug\dexBuilderDebug\out, D:\Inter(Pragament)\android_kotlin_browser\app\build\intermediates\project_dex_archive\debug\dexBuilderDebug\out, D:\Inter(Pragament)\android_kotlin_browser\app\build\intermediates\project_dex_archive\debug\dexBuilderDebug\out, D:\Inter(Pragament)\android_kotlin_browser\app\build\intermediates\project_dex_archive\debug\dexBuilderDebug\out, D:\Inter(Pragament)\android_kotlin_browser\app\build\intermediates\project_dex_archive\debug\dexBuilderDebug\out, D:\Inter(Pragament)\android_kotlin_browser\app\build\intermediates\project_dex_archive\debug\dexBuilderDebug\out, D:\Inter(Pragament)\android_kotlin_browser\app\build\intermediates\project_dex_archive\debug\dexBuilderDebug\out, and from all global synthetics files in 
Merging to 'D:\Inter(Pragament)\android_kotlin_browser\app\build\intermediates\dex\debug\mergeProjectDexDebug\0' with D8 from all or a subset of dex files in D:\Inter(Pragament)\android_kotlin_browser\app\build\intermediates\project_dex_archive\debug\dexBuilderDebug\out, D:\Inter(Pragament)\android_kotlin_browser\app\build\intermediates\project_dex_archive\debug\dexBuilderDebug\out, D:\Inter(Pragament)\android_kotlin_browser\app\build\intermediates\project_dex_archive\debug\dexBuilderDebug\out, D:\Inter(Pragament)\android_kotlin_browser\app\build\intermediates\project_dex_archive\debug\dexBuilderDebug\out, D:\Inter(Pragament)\android_kotlin_browser\app\build\intermediates\project_dex_archive\debug\dexBuilderDebug\out, D:\Inter(Pragament)\android_kotlin_browser\app\build\intermediates\project_dex_archive\debug\dexBuilderDebug\out, D:\Inter(Pragament)\android_kotlin_browser\app\build\intermediates\project_dex_archive\debug\dexBuilderDebug\out\24813f2361a693ac39de68f19668372bdf755d5910b191ee80d3944c8ce40af1_0.jar, D:\Inter(Pragament)\android_kotlin_browser\app\build\intermediates\project_dex_archive\debug\dexBuilderDebug\out\24813f2361a693ac39de68f19668372bdf755d5910b191ee80d3944c8ce40af1_1.jar, D:\Inter(Pragament)\android_kotlin_browser\app\build\intermediates\project_dex_archive\debug\dexBuilderDebug\out\24813f2361a693ac39de68f19668372bdf755d5910b191ee80d3944c8ce40af1_2.jar, D:\Inter(Pragament)\android_kotlin_browser\app\build\intermediates\project_dex_archive\debug\dexBuilderDebug\out\24813f2361a693ac39de68f19668372bdf755d5910b191ee80d3944c8ce40af1_3.jar, D:\Inter(Pragament)\android_kotlin_browser\app\build\intermediates\project_dex_archive\debug\dexBuilderDebug\out\24813f2361a693ac39de68f19668372bdf755d5910b191ee80d3944c8ce40af1_4.jar, D:\Inter(Pragament)\android_kotlin_browser\app\build\intermediates\project_dex_archive\debug\dexBuilderDebug\out\24813f2361a693ac39de68f19668372bdf755d5910b191ee80d3944c8ce40af1_5.jar, and from all global synthetics files in 
Merging to 'D:\Inter(Pragament)\android_kotlin_browser\app\build\intermediates\dex\debug\mergeProjectDexDebug\7' with D8 from all or a subset of dex files in D:\Inter(Pragament)\android_kotlin_browser\app\build\intermediates\project_dex_archive\debug\dexBuilderDebug\out, D:\Inter(Pragament)\android_kotlin_browser\app\build\intermediates\project_dex_archive\debug\dexBuilderDebug\out, D:\Inter(Pragament)\android_kotlin_browser\app\build\intermediates\project_dex_archive\debug\dexBuilderDebug\out, D:\Inter(Pragament)\android_kotlin_browser\app\build\intermediates\project_dex_archive\debug\dexBuilderDebug\out, D:\Inter(Pragament)\android_kotlin_browser\app\build\intermediates\project_dex_archive\debug\dexBuilderDebug\out, D:\Inter(Pragament)\android_kotlin_browser\app\build\intermediates\project_dex_archive\debug\dexBuilderDebug\out, D:\Inter(Pragament)\android_kotlin_browser\app\build\intermediates\project_dex_archive\debug\dexBuilderDebug\out, D:\Inter(Pragament)\android_kotlin_browser\app\build\intermediates\project_dex_archive\debug\dexBuilderDebug\out, D:\Inter(Pragament)\android_kotlin_browser\app\build\intermediates\project_dex_archive\debug\dexBuilderDebug\out, D:\Inter(Pragament)\android_kotlin_browser\app\build\intermediates\project_dex_archive\debug\dexBuilderDebug\out, D:\Inter(Pragament)\android_kotlin_browser\app\build\intermediates\project_dex_archive\debug\dexBuilderDebug\out, D:\Inter(Pragament)\android_kotlin_browser\app\build\intermediates\project_dex_archive\debug\dexBuilderDebug\out, D:\Inter(Pragament)\android_kotlin_browser\app\build\intermediates\project_dex_archive\debug\dexBuilderDebug\out, D:\Inter(Pragament)\android_kotlin_browser\app\build\intermediates\project_dex_archive\debug\dexBuilderDebug\out, D:\Inter(Pragament)\android_kotlin_browser\app\build\intermediates\project_dex_archive\debug\dexBuilderDebug\out, D:\Inter(Pragament)\android_kotlin_browser\app\build\intermediates\project_dex_archive\debug\dexBuilderDebug\out, D:\Inter(Pragament)\android_kotlin_browser\app\build\intermediates\project_dex_archive\debug\dexBuilderDebug\out, D:\Inter(Pragament)\android_kotlin_browser\app\build\intermediates\project_dex_archive\debug\dexBuilderDebug\out, D:\Inter(Pragament)\android_kotlin_browser\app\build\intermediates\project_dex_archive\debug\dexBuilderDebug\out, D:\Inter(Pragament)\android_kotlin_browser\app\build\intermediates\project_dex_archive\debug\dexBuilderDebug\out, D:\Inter(Pragament)\android_kotlin_browser\app\build\intermediates\project_dex_archive\debug\dexBuilderDebug\out, D:\Inter(Pragament)\android_kotlin_browser\app\build\intermediates\project_dex_archive\debug\dexBuilderDebug\out, D:\Inter(Pragament)\android_kotlin_browser\app\build\intermediates\project_dex_archive\debug\dexBuilderDebug\out, and from all global synthetics files in 
Merging to 'D:\Inter(Pragament)\android_kotlin_browser\app\build\intermediates\dex\debug\mergeProjectDexDebug\10' with D8 from all or a subset of dex files in D:\Inter(Pragament)\android_kotlin_browser\app\build\intermediates\project_dex_archive\debug\dexBuilderDebug\out, D:\Inter(Pragament)\android_kotlin_browser\app\build\intermediates\project_dex_archive\debug\dexBuilderDebug\out, D:\Inter(Pragament)\android_kotlin_browser\app\build\intermediates\project_dex_archive\debug\dexBuilderDebug\out, and from all global synthetics files in 
Resolve mutations for :app:packageDebug (Thread[Execution worker Thread 6,5,main]) started.
:app:packageDebug (Thread[Execution worker Thread 6,5,main]) started.

> Task :app:packageDebug
Custom actions are attached to task ':app:packageDebug'.
Caching disabled for task ':app:packageDebug' because:
  Build cache is disabled
  Caching has been disabled for the task
Task ':app:packageDebug' is not up-to-date because:
  Output property 'ideModelOutputFile' file D:\Inter(Pragament)\android_kotlin_browser\app\build\outputs\apk\debug\output-metadata.json has been removed.
  Output property 'incrementalFolder' file D:\Inter(Pragament)\android_kotlin_browser\app\build\intermediates\incremental\packageDebug\tmp has been removed.
  Output property 'incrementalFolder' file D:\Inter(Pragament)\android_kotlin_browser\app\build\intermediates\incremental\packageDebug\tmp\debug has been removed.
  and more...
The input changes require a full rebuild for incremental task ':app:packageDebug'.
Resolve mutations for :app:createDebugApkListingFileRedirect (Thread[Execution worker Thread 6,5,main]) started.
:app:createDebugApkListingFileRedirect (Thread[Execution worker Thread 3,5,main]) started.

> Task :app:createDebugApkListingFileRedirect
Caching disabled for task ':app:createDebugApkListingFileRedirect' because:
  Build cache is disabled
  Caching has been disabled for the task
Task ':app:createDebugApkListingFileRedirect' is not up-to-date because:
  Output property 'redirectFile' file D:\Inter(Pragament)\android_kotlin_browser\app\build\intermediates\apk_ide_redirect_file\debug\createDebugApkListingFileRedirect\redirect.txt has been removed.
Resolve mutations for :app:assembleDebug (Thread[Execution worker Thread 3,5,main]) started.
:app:assembleDebug (Thread[Execution worker Thread 3,5,main]) started.

> Task :app:assembleDebug
Skipping task ':app:assembleDebug' as it has no actions.
AAPT2 aapt2-8.13.2-14304508-windows Daemon #0: shutdown

[Incubating] Problems report is available at: file:///D:/Inter(Pragament)/android_kotlin_browser/build/reports/problems/problems-report.html

Deprecated Gradle features were used in this build, making it incompatible with Gradle 9.0.

You can use '--warning-mode all' to show the individual deprecation warnings and determine if they come from your own scripts or plugins.

For more on this, please refer to https://docs.gradle.org/8.13/userguide/command_line_interface.html#sec:command_line_warnings in the Gradle documentation.

BUILD SUCCESSFUL in 1m 36s
40 actionable tasks: 40 executed
Watched directory hierarchies: [D:\Inter(Pragament)\android_kotlin_browser]
